{
	"a": [
		{
			"where": "text/guten/pg37134.txt",
			"count": 1885,
			"score": 0.11290129
		}
	],
	"a b": [
		{
			"where": "text/guten/pg37134.txt",
			"count": 2633,
			"score": 0.15770244
		}
	],
	"a b c": [
		{
			"where": "text/guten/pg37134.txt",
			"count": 3444,
			"score": 0.20627695
		}
	],
	"a b c d": [
		{
			"where": "text/guten/pg37134.txt",
			"count": 3920,
			"score": 0.23478678
		}
	],
	"a b c d e": [
		{
			"where": "text/guten/pg37134.txt",
			"count": 4477,
			"score": 0.26814806
		}
	],
	"a b c d e f": [
		{
			"where": "text/guten/pg37134.txt",
			"count": 5110,
			"score": 0.30606133
		}
	],
	"a b c d e f g": [
		{
			"where": "text/guten/pg37134.txt",
			"count": 5376,
			"score": 0.32199329
		}
	],
	"a b c d e f g h": [
		{
			"where": "text/guten/pg37134.txt",
			"count": 5968,
			"score": 0.35745089
		}
	],
	"a b c d e f g h i": [
		{
			"where": "text/guten/pg37134.txt",
			"count": 7353,
			"score": 0.44040489
		}
	],
	"a b c d e f g h i j": [
		{
			"where": "text/guten/pg37134.txt",
			"count": 7385,
			"score": 0.44232151
		}
	],
	"a b c d e f g h i j k l m n o p q r s t u v w x y z": [
		{
			"where": "text/guten/pg37134.txt",
			"count": 16696,
			"score": 1.00000000
		}
	],
	"aa ab ac ad ae af ag ah ai aj ak al am": [
		{
			"where": "text/guten/pg37134.txt",
			"count": 413,
			"score": 0.02473646
		}
	],
	"aa ae ai ao au": [
		{
			"where": "text/guten/pg37134.txt",
			"count": 30,
			"score": 0.00179684
		}
	],
	"aa ee ii oo uu": [
		{
			"where": "text/guten/pg37134.txt",
			"count": 19,
			"score": 0.00113800
		}
	],
	"an ao ap aq ar as at au av aw ax ay az": [
		{
			"where": "text/guten/pg37134.txt",
			"count": 1014,
			"score": 0.06073311
		}
	],
	"b": [
		{
			"where": "text/guten/pg37134.txt",
			"count": 748,
			"score": 0.04480115
		}
	],
	"ba bb bc bd be bf bg bh bi bj bk bl bm": [
		{
			"where": "text/guten/pg37134.txt",
			"count": 399,
			"score": 0.02389794
		}
	],
	"ba be bi bo bu": [
		{
			"where": "text/guten/pg37134.txt",
			"count": 525,
			"score": 0.03144466
		}
	],
	"bn bo bp bq br bs bt bu bv bw bx by bz": [
		{
			"where": "text/guten/pg37134.txt",
			"count": 336,
			"score": 0.02012458
		}
	],
	"c": [
		{
			"where": "text/guten/pg37134.txt",
			"count": 811,
			"score": 0.04857451
		}
	],
	"c d": [
		{
			"where": "text/guten/pg37134.txt",
			"count": 1287,
			"score": 0.07708433
		}
	],
	"ca cb cc cd ce cf cg ch ci cj ck cl cm": [
		{
			"where": "text/guten/pg37134.txt",
			"count": 283,
			"score": 0.01695017
		}
	],
	"ca ce ci co cu": [
		{
			"where": "text/guten/pg37134.txt",
			"count": 628,
			"score": 0.03761380
		}
	],
	"cn co cp cq cr cs ct cu cv cw cx cy cz": [
		{
			"where": "text/guten/pg37134.txt",
			"count": 515,
			"score": 0.03084571
		}
	],
	"d": [
		{
			"where": "text/guten/pg37134.txt",
			"count": 476,
			"score": 0.02850982
		}
	],
	"d e f": [
		{
			"where": "text/guten/pg37134.txt",
			"count": 1666,
			"score": 0.09978438
		}
	],
	"da db dc dd de df dg dh di dj dk dl dm": [
		{
			"where": "text/guten/pg37134.txt",
			"count": 326,
			"score": 0.01952563
		}
	],
	"da de di do du": [
		{
			"where": "text/guten/pg37134.txt",
			"count": 453,
			"score": 0.02713225
		}
	],
	"dn do dp dq dr ds dt du dv dw dx dy dz": [
		{
			"where": "text/guten/pg37134.txt",
			"count": 144,
			"score": 0.00862482
		}
	],
	"e": [
		{
			"where": "text/guten/pg37134.txt",
			"count": 557,
			"score": 0.03336128
		}
	],
	"e f": [
		{
			"where": "text/guten/pg37134.txt",
			"count": 1190,
			"score": 0.07127456
		}
	],
	"e f g h": [
		{
			"where": "text/guten/pg37134.txt",
			"count": 2048,
			"score": 0.12266411
		}
	],
	"ea eb ec ed ee ef eg eh ei ej ek el em": [
		{
			"where": "text/guten/pg37134.txt",
			"count": 190,
			"score": 0.01137997
		}
	],
	"ea ee ei eo eu": [
		{
			"where": "text/guten/pg37134.txt",
			"count": 54,
			"score": 0.00323431
		}
	],
	"en eo ep eq er es et eu ev ew ex ey ez": [
		{
			"where": "text/guten/pg37134.txt",
			"count": 341,
			"score": 0.02042405
		}
	],
	"f": [
		{
			"where": "text/guten/pg37134.txt",
			"count": 633,
			"score": 0.03791327
		}
	],
	"f g h i j": [
		{
			"where": "text/guten/pg37134.txt",
			"count": 2908,
			"score": 0.17417345
		}
	],
	"fa fb fc fd fe ff fg fh fi fj fk fl fm": [
		{
			"where": "text/guten/pg37134.txt",
			"count": 184,
			"score": 0.01102060
		}
	],
	"fa fe fi fo fu": [
		{
			"where": "text/guten/pg37134.txt",
			"count": 499,
			"score": 0.02988740
		}
	],
	"fn fo fp fq fr fs ft fu fv fw fx fy fz": [
		{
			"where": "text/guten/pg37134.txt",
			"count": 436,
			"score": 0.02611404
		}
	],
	"g": [
		{
			"where": "text/guten/pg37134.txt",
			"count": 266,
			"score": 0.01593196
		}
	],
	"g h": [
		{
			"where": "text/guten/pg37134.txt",
			"count": 858,
			"score": 0.05138955
		}
	],
	"g h i": [
		{
			"where": "text/guten/pg37134.txt",
			"count": 2243,
			"score": 0.13434356
		}
	],
	"g h i j k l": [
		{
			"where": "text/guten/pg37134.txt",
			"count": 2673,
			"score": 0.16009823
		}
	],
	"ga gb gc gd ge gf gg gh gi gj gk gl gm": [
		{
			"where": "text/guten/pg37134.txt",
			"count": 70,
			"score": 0.00419262
		}
	],
	"ga ge gi go gu": [
		{
			"where": "text/guten/pg37134.txt",
			"count": 204,
			"score": 0.01221850
		}
	],
	"gn go gp gq gr gs gt gu gv gw gx gy gz": [
		{
			"where": "text/guten/pg37134.txt",
			"count": 195,
			"score": 0.01167944
		}
	],
	"h": [
		{
			"where": "text/guten/pg37134.txt",
			"count": 592,
			"score": 0.03545759
		}
	],
	"h i j k l m n": [
		{
			"where": "text/guten/pg37134.txt",
			"count": 3389,
			"score": 0.20298275
		}
	],
	"ha hb hc hd he hf hg hh hi hj hk hl hm": [
		{
			"where": "text/guten/pg37134.txt",
			"count": 503,
			"score": 0.03012698
		}
	],
	"ha he hi ho hu": [
		{
			"where": "text/guten/pg37134.txt",
			"count": 577,
			"score": 0.03455918
		}
	],
	"hn ho hp hq hr hs ht hu hv hw hx hy hz": [
		{
			"where": "text/guten/pg37134.txt",
			"count": 89,
			"score": 0.00533062
		}
	],
	"i": [
		{
			"where": "text/guten/pg37134.txt",
			"count": 1385,
			"score": 0.08295400
		}
	],
	"i j": [
		{
			"where": "text/guten/pg37134.txt",
			"count": 1417,
			"score": 0.08487063
		}
	],
	"i j k l": [
		{
			"where": "text/guten/pg37134.txt",
			"count": 1815,
			"score": 0.10870867
		}
	],
	"i j k l m n o p": [
		{
			"where": "text/guten/pg37134.txt",
			"count": 5010,
			"score": 0.30007187
		}
	],
	"ia ib ic id ie if ig ih ii ij ik il im": [
		{
			"where": "text/guten/pg37134.txt",
			"count": 178,
			"score": 0.01066124
		}
	],
	"ia ie ii io iu": [
		{
			"where": "text/guten/pg37134.txt",
			"count": 19,
			"score": 0.00113800
		}
	],
	"in io ip iq ir is it iu iv iw ix iy iz": [
		{
			"where": "text/guten/pg37134.txt",
			"count": 1160,
			"score": 0.06947772
		}
	],
	"j": [
		{
			"where": "text/guten/pg37134.txt",
			"count": 32,
			"score": 0.00191663
		}
	],
	"j k l": [
		{
			"where": "text/guten/pg37134.txt",
			"count": 430,
			"score": 0.02575467
		}
	],
	"j k l m n o p q r": [
		{
			"where": "text/guten/pg37134.txt",
			"count": 4127,
			"score": 0.24718495
		}
	],
	"ja jb jc jd je jf jg jh ji jj jk jl jm": [
		{
			"where": "text/guten/pg37134.txt",
			"count": 8,
			"score": 0.00047916
		}
	],
	"ja je ji jo ju": [
		{
			"where": "text/guten/pg37134.txt",
			"count": 29,
			"score": 0.00173694
		}
	],
	"jn jo jp jq jr js jt ju jv jw jx jy jz": [
		{
			"where": "text/guten/pg37134.txt",
			"count": 24,
			"score": 0.00143747
		}
	],
	"k": [
		{
			"where": "text/guten/pg37134.txt",
			"count": 51,
			"score": 0.00305462
		}
	],
	"k l": [
		{
			"where": "text/guten/pg37134.txt",
			"count": 398,
			"score": 0.02383805
		}
	],
	"k l m n o": [
		{
			"where": "text/guten/pg37134.txt",
			"count": 2759,
			"score": 0.16524916
		}
	],
	"k l m n o p q r s t": [
		{
			"where": "text/guten/pg37134.txt",
			"count": 7737,
			"score": 0.46340441
		}
	],
	"ka kb kc kd ke kf kg kh ki kj kk kl km": [
		{
			"where": "text/guten/pg37134.txt",
			"count": 43,
			"score": 0.00257547
		}
	],
	"ka ke ki ko ku": [
		{
			"where": "text/guten/pg37134.txt",
			"count": 43,
			"score": 0.00257547
		}
	],
	"kn ko kp kq kr ks kt ku kv kw kx ky kz": [
		{
			"where": "text/guten/pg37134.txt",
			"count": 8,
			"score": 0.00047916
		}
	],
	"l": [
		{
			"where": "text/guten/pg37134.txt",
			"count": 347,
			"score": 0.02078342
		}
	],
	"la lb lc ld le lf lg lh li lj lk ll lm": [
		{
			"where": "text/guten/pg37134.txt",
			"count": 289,
			"score": 0.01730954
		}
	],
	"la le li lo lu": [
		{
			"where": "text/guten/pg37134.txt",
			"count": 344,
			"score": 0.02060374
		}
	],
	"ln lo lp lq lr ls lt lu lv lw lx ly lz": [
		{
			"where": "text/guten/pg37134.txt",
			"count": 57,
			"score": 0.00341399
		}
	],
	"m": [
		{
			"where": "text/guten/pg37134.txt",
			"count": 572,
			"score": 0.03425970
		}
	],
	"m n": [
		{
			"where": "text/guten/pg37134.txt",
			"count": 982,
			"score": 0.05881648
		}
	],
	"m n o": [
		{
			"where": "text/guten/pg37134.txt",
			"count": 2361,
			"score": 0.14141112
		}
	],
	"m n o p": [
		{
			"where": "text/guten/pg37134.txt",
			"count": 3195,
			"score": 0.19136320
		}
	],
	"m n o p q r": [
		{
			"where": "text/guten/pg37134.txt",
			"count": 3697,
			"score": 0.22143028
		}
	],
	"ma mb mc md me mf mg mh mi mj mk ml mm": [
		{
			"where": "text/guten/pg37134.txt",
			"count": 397,
			"score": 0.02377815
		}
	],
	"ma me mi mo mu": [
		{
			"where": "text/guten/pg37134.txt",
			"count": 538,
			"score": 0.03222329
		}
	],
	"mn mo mp mq mr ms mt mu mv mw mx my mz": [
		{
			"where": "text/guten/pg37134.txt",
			"count": 173,
			"score": 0.01036176
		}
	],
	"n": [
		{
			"where": "text/guten/pg37134.txt",
			"count": 410,
			"score": 0.02455678
		}
	],
	"na nb nc nd ne nf ng nh ni nj nk nl nm": [
		{
			"where": "text/guten/pg37134.txt",
			"count": 132,
			"score": 0.00790609
		}
	],
	"na ne ni no nu": [
		{
			"where": "text/guten/pg37134.txt",
			"count": 409,
			"score": 0.02449689
		}
	],
	"nn no np nq nr ns nt nu nv nw nx ny nz": [
		{
			"where": "text/guten/pg37134.txt",
			"count": 278,
			"score": 0.01665069
		}
	],
	"o": [
		{
			"where": "text/guten/pg37134.txt",
			"count": 1379,
			"score": 0.08259463
		}
	],
	"o p": [
		{
			"where": "text/guten/pg37134.txt",
			"count": 2213,
			"score": 0.13254672
		}
	],
	"o p q r s t u": [
		{
			"where": "text/guten/pg37134.txt",
			"count": 6664,
			"score": 0.39913752
		}
	],
	"oa ob oc od oe of og oh oi oj ok ol om": [
		{
			"where": "text/guten/pg37134.txt",
			"count": 809,
			"score": 0.04845472
		}
	],
	"oa oe oi oo ou": [
		{
			"where": "text/guten/pg37134.txt",
			"count": 35,
			"score": 0.00209631
		}
	],
	"on oo op oq or os ot ou ov ow ox oy oz": [
		{
			"where": "text/guten/pg37134.txt",
			"count": 570,
			"score": 0.03413991
		}
	],
	"p": [
		{
			"where": "text/guten/pg37134.txt",
			"count": 834,
			"score": 0.04995208
		}
	],
	"p q r": [
		{
			"where": "text/guten/pg37134.txt",
			"count": 1336,
			"score": 0.08001917
		}
	],
	"p q r s t": [
		{
			"where": "text/guten/pg37134.txt",
			"count": 4978,
			"score": 0.29815525
		}
	],
	"pa pb pc pd pe pf pg ph pi pj pk pl pm": [
		{
			"where": "text/guten/pg37134.txt",
			"count": 349,
			"score": 0.02090321
		}
	],
	"pa pe pi po pu": [
		{
			"where": "text/guten/pg37134.txt",
			"count": 404,
			"score": 0.02419741
		}
	],
	"pn po pp pq pr ps pt pu pv pw px py pz": [
		{
			"where": "text/guten/pg37134.txt",
			"count": 482,
			"score": 0.02886919
		}
	],
	"q": [
		{
			"where": "text/guten/pg37134.txt",
			"count": 36,
			"score": 0.00215621
		}
	],
	"q r": [
		{
			"where": "text/guten/pg37134.txt",
			"count": 502,
			"score": 0.03006708
		}
	],
	"q r s t": [
		{
			"where": "text/guten/pg37134.txt",
			"count": 4144,
			"score": 0.24820316
		}
	],
	"q r s t u v w x": [
		{
			"where": "text/guten/pg37134.txt",
			"count": 5572,
			"score": 0.33373263
		}
	],
	"qa qb qc qd qe qf qg qh qi qj qk ql qm": [
	],
	"qa qe qi qo qu": [
		{
			"where": "text/guten/pg37134.txt",
			"count": 36,
			"score": 0.00215621
		}
	],
	"qn qo qp qq qr qs qt qu qv qw qx qy qz": [
		{
			"where": "text/guten/pg37134.txt",
			"count": 36,
			"score": 0.00215621
		}
	],
	"r": [
		{
			"where": "text/guten/pg37134.txt",
			"count": 466,
			"score": 0.02791088
		}
	],
	"ra rb rc rd re rf rg rh ri rj rk rl rm": [
		{
			"where": "text/guten/pg37134.txt",
			"count": 366,
			"score": 0.02192142
		}
	],
	"ra re ri ro ru": [
		{
			"where": "text/guten/pg37134.txt",
			"count": 459,
			"score": 0.02749161
		}
	],
	"rn ro rp rq rr rs rt ru rv rw rx ry rz": [
		{
			"where": "text/guten/pg37134.txt",
			"count": 98,
			"score": 0.00586967
		}
	],
	"s": [
		{
			"where": "text/guten/pg37134.txt",
			"count": 1109,
			"score": 0.06642310
		}
	],
	"s t": [
		{
			"where": "text/guten/pg37134.txt",
			"count": 3642,
			"score": 0.21813608
		}
	],
	"s t u": [
		{
			"where": "text/guten/pg37134.txt",
			"count": 3949,
			"score": 0.23652372
		}
	],
	"s t u v w x": [
		{
			"where": "text/guten/pg37134.txt",
			"count": 5070,
			"score": 0.30366555
		}
	],
	"sa sb sc sd se sf sg sh si sj sk sl sm": [
		{
			"where": "text/guten/pg37134.txt",
			"count": 585,
			"score": 0.03503833
		}
	],
	"sa se si so su": [
		{
			"where": "text/guten/pg37134.txt",
			"count": 694,
			"score": 0.04156684
		}
	],
	"sn so sp sq sr ss st su sv sw sx sy sz": [
		{
			"where": "text/guten/pg37134.txt",
			"count": 520,
			"score": 0.03114518
		}
	],
	"t": [
		{
			"where": "text/guten/pg37134.txt",
			"count": 2533,
			"score": 0.15171299
		}
	],
	"ta tb tc td te tf tg th ti tj tk tl tm": [
		{
			"where": "text/guten/pg37134.txt",
			"count": 1947,
			"score": 0.11661476
		}
	],
	"ta te ti to tu": [
		{
			"where": "text/guten/pg37134.txt",
			"count": 617,
			"score": 0.03695496
		}
	],
	"tn to tp tq tr ts tt tu tv tw tx ty tz": [
		{
			"where": "text/guten/pg37134.txt",
			"count": 585,
			"score": 0.03503833
		}
	],
	"u": [
		{
			"where": "text/guten/pg37134.txt",
			"count": 307,
			"score": 0.01838764
		}
	],
	"u v": [
		{
			"where": "text/guten/pg37134.txt",
			"count": 456,
			"score": 0.02731193
		}
	],
	"u v w x": [
		{
			"where": "text/guten/pg37134.txt",
			"count": 1428,
			"score": 0.08552947
		}
	],
	"u v w x y": [
		{
			"where": "text/guten/pg37134.txt",
			"count": 1573,
			"score": 0.09421418
		}
	],
	"ua ub uc ud ue uf ug uh ui uj uk ul um": [
	],
	"ua ue ui uo uu": [
	],
	"un uo up uq ur us ut uu uv uw ux uy uz": [
		{
			"where": "text/guten/pg37134.txt",
			"count": 307,
			"score": 0.01838764
		}
	],
	"v": [
		{
			"where": "text/guten/pg37134.txt",
			"count": 149,
			"score": 0.00892429
		}
	],
	"v w x": [
		{
			"where": "text/guten/pg37134.txt",
			"count": 1121,
			"score": 0.06714183
		}
	],
	"va vb vc vd ve vf vg vh vi vj vk vl vm": [
		{
			"where": "text/guten/pg37134.txt",
			"count": 123,
			"score": 0.00736703
		}
	],
	"va ve vi vo vu": [
		{
			"where": "text/guten/pg37134.txt",
			"count": 143,
			"score": 0.00856493
		}
	],
	"vn vo vp vq vr vs vt vu vv vw vx vy vz": [
		{
			"where": "text/guten/pg37134.txt",
			"count": 21,
			"score": 0.00125779
		}
	],
	"w": [
		{
			"where": "text/guten/pg37134.txt",
			"count": 971,
			"score": 0.05815764
		}
	],
	"w x": [
		{
			"where": "text/guten/pg37134.txt",
			"count": 972,
			"score": 0.05821754
		}
	],
	"wa wb wc wd we wf wg wh wi wj wk wl wm": [
		{
			"where": "text/guten/pg37134.txt",
			"count": 635,
			"score": 0.03803306
		}
	],
	"wa we wi wo wu": [
		{
			"where": "text/guten/pg37134.txt",
			"count": 665,
			"score": 0.03982990
		}
	],
	"wn wo wp wq wr ws wt wu wv ww wx wy wz": [
		{
			"where": "text/guten/pg37134.txt",
			"count": 336,
			"score": 0.02012458
		}
	],
	"x": [
		{
			"where": "text/guten/pg37134.txt",
			"count": 1,
			"score": 0.00005989
		}
	],
	"xa xb xc xd xe xf xg xh xi xj xk xl xm": [
		{
			"where": "text/guten/pg37134.txt",
			"count": 1,
			"score": 0.00005989
		}
	],
	"xa xe xi xo xu": [
		{
			"where": "text/guten/pg37134.txt",
			"count": 1,
			"score": 0.00005989
		}
	],
	"xn xo xp xq xr xs xt xu xv xw xx xy xz": [
	],
	"y": [
		{
			"where": "text/guten/pg37134.txt",
			"count": 145,
			"score": 0.00868471
		}
	],
	"y z": [
		{
			"where": "text/guten/pg37134.txt",
			"count": 146,
			"score": 0.00874461
		}
	],
	"ya yb yc yd ye yf yg yh yi yj yk yl ym": [
		{
			"where": "text/guten/pg37134.txt",
			"count": 20,
			"score": 0.00119789
		}
	],
	"ya ye yi yo yu": [
		{
			"where": "text/guten/pg37134.txt",
			"count": 144,
			"score": 0.00862482
		}
	],
	"yn yo yp yq yr ys yt yu yv yw yx yy yz": [
		{
			"where": "text/guten/pg37134.txt",
			"count": 125,
			"score": 0.00748682
		}
	],
	"z": [
		{
			"where": "text/guten/pg37134.txt",
			"count": 1,
			"score": 0.00005989
		}
	],
	"za zb zc zd ze zf zg zh zi zj zk zl zm": [
		{
			"where": "text/guten/pg37134.txt",
			"count": 1,
			"score": 0.00005989
		}
	],
	"za ze zi zo zu": [
		{
			"where": "text/guten/pg37134.txt",
			"count": 1,
			"score": 0.00005989
		}
	],
	"zn zo zp zq zr zs zt zu zv zw zx zy zz": [
	]
}