{
	"a": [
		{
			"where": "text/rfcs/rfc475.txt",
			"count": 376,
			"score": 0.11648079
		}
	],
	"a b": [
		{
			"where": "text/rfcs/rfc475.txt",
			"count": 506,
			"score": 0.15675341
		}
	],
	"a b c": [
		{
			"where": "text/rfcs/rfc475.txt",
			"count": 679,
			"score": 0.21034696
		}
	],
	"a b c d": [
		{
			"where": "text/rfcs/rfc475.txt",
			"count": 788,
			"score": 0.24411400
		}
	],
	"a b c d e": [
		{
			"where": "text/rfcs/rfc475.txt",
			"count": 834,
			"score": 0.25836431
		}
	],
	"a b c d e f": [
		{
			"where": "text/rfcs/rfc475.txt",
			"count": 1034,
			"score": 0.32032218
		}
	],
	"a b c d e f g": [
		{
			"where": "text/rfcs/rfc475.txt",
			"count": 1054,
			"score": 0.32651797
		}
	],
	"a b c d e f g h": [
		{
			"where": "text/rfcs/rfc475.txt",
			"count": 1136,
			"score": 0.35192069
		}
	],
	"a b c d e f g h i": [
		{
			"where": "text/rfcs/rfc475.txt",
			"count": 1388,
			"score": 0.42998761
		}
	],
	"a b c d e f g h i j": [
		{
			"where": "text/rfcs/rfc475.txt",
			"count": 1394,
			"score": 0.43184634
		}
	],
	"a b c d e f g h i j k l m n o p q r s t u v w x y z": [
		{
			"where": "text/rfcs/rfc475.txt",
			"count": 3228,
			"score": 1.00000000
		}
	],
	"aa ab ac ad ae af ag ah ai aj ak al am": [
		{
			"where": "text/rfcs/rfc475.txt",
			"count": 95,
			"score": 0.02942999
		}
	],
	"aa ae ai ao au": [
		{
			"where": "text/rfcs/rfc475.txt",
			"count": 10,
			"score": 0.00309789
		}
	],
	"aa ee ii oo uu": [
	],
	"an ao ap aq ar as at au av aw ax ay az": [
		{
			"where": "text/rfcs/rfc475.txt",
			"count": 215,
			"score": 0.06660471
		}
	],
	"b": [
		{
			"where": "text/rfcs/rfc475.txt",
			"count": 130,
			"score": 0.04027261
		}
	],
	"ba bb bc bd be bf bg bh bi bj bk bl bm": [
		{
			"where": "text/rfcs/rfc475.txt",
			"count": 90,
			"score": 0.02788104
		}
	],
	"ba be bi bo bu": [
		{
			"where": "text/rfcs/rfc475.txt",
			"count": 91,
			"score": 0.02819083
		}
	],
	"bn bo bp bq br bs bt bu bv bw bx by bz": [
		{
			"where": "text/rfcs/rfc475.txt",
			"count": 40,
			"score": 0.01239157
		}
	],
	"c": [
		{
			"where": "text/rfcs/rfc475.txt",
			"count": 173,
			"score": 0.05359356
		}
	],
	"c d": [
		{
			"where": "text/rfcs/rfc475.txt",
			"count": 282,
			"score": 0.08736059
		}
	],
	"ca cb cc cd ce cf cg ch ci cj ck cl cm": [
		{
			"where": "text/rfcs/rfc475.txt",
			"count": 62,
			"score": 0.01920694
		}
	],
	"ca ce ci co cu": [
		{
			"where": "text/rfcs/rfc475.txt",
			"count": 153,
			"score": 0.04739777
		}
	],
	"cn co cp cq cr cs ct cu cv cw cx cy cz": [
		{
			"where": "text/rfcs/rfc475.txt",
			"count": 111,
			"score": 0.03438662
		}
	],
	"d": [
		{
			"where": "text/rfcs/rfc475.txt",
			"count": 109,
			"score": 0.03376704
		}
	],
	"d e f": [
		{
			"where": "text/rfcs/rfc475.txt",
			"count": 355,
			"score": 0.10997522
		}
	],
	"da db dc dd de df dg dh di dj dk dl dm": [
		{
			"where": "text/rfcs/rfc475.txt",
			"count": 81,
			"score": 0.02509294
		}
	],
	"da de di do du": [
		{
			"where": "text/rfcs/rfc475.txt",
			"count": 108,
			"score": 0.03345725
		}
	],
	"dn do dp dq dr ds dt du dv dw dx dy dz": [
		{
			"where": "text/rfcs/rfc475.txt",
			"count": 28,
			"score": 0.00867410
		}
	],
	"e": [
		{
			"where": "text/rfcs/rfc475.txt",
			"count": 46,
			"score": 0.01425031
		}
	],
	"e f": [
		{
			"where": "text/rfcs/rfc475.txt",
			"count": 246,
			"score": 0.07620818
		}
	],
	"e f g h": [
		{
			"where": "text/rfcs/rfc475.txt",
			"count": 348,
			"score": 0.10780669
		}
	],
	"ea eb ec ed ee ef eg eh ei ej ek el em": [
		{
			"where": "text/rfcs/rfc475.txt",
			"count": 21,
			"score": 0.00650558
		}
	],
	"ea ee ei eo eu": [
		{
			"where": "text/rfcs/rfc475.txt",
			"count": 2,
			"score": 0.00061958
		}
	],
	"en eo ep eq er es et eu ev ew ex ey ez": [
		{
			"where": "text/rfcs/rfc475.txt",
			"count": 25,
			"score": 0.00774473
		}
	],
	"f": [
		{
			"where": "text/rfcs/rfc475.txt",
			"count": 200,
			"score": 0.06195787
		}
	],
	"f g h i j": [
		{
			"where": "text/rfcs/rfc475.txt",
			"count": 560,
			"score": 0.17348203
		}
	],
	"fa fb fc fd fe ff fg fh fi fj fk fl fm": [
		{
			"where": "text/rfcs/rfc475.txt",
			"count": 44,
			"score": 0.01363073
		}
	],
	"fa fe fi fo fu": [
		{
			"where": "text/rfcs/rfc475.txt",
			"count": 144,
			"score": 0.04460967
		}
	],
	"fn fo fp fq fr fs ft fu fv fw fx fy fz": [
		{
			"where": "text/rfcs/rfc475.txt",
			"count": 156,
			"score": 0.04832714
		}
	],
	"g": [
		{
			"where": "text/rfcs/rfc475.txt",
			"count": 20,
			"score": 0.00619579
		}
	],
	"g h": [
		{
			"where": "text/rfcs/rfc475.txt",
			"count": 102,
			"score": 0.03159851
		}
	],
	"g h i": [
		{
			"where": "text/rfcs/rfc475.txt",
			"count": 354,
			"score": 0.10966543
		}
	],
	"g h i j k l": [
		{
			"where": "text/rfcs/rfc475.txt",
			"count": 420,
			"score": 0.13011152
		}
	],
	"ga gb gc gd ge gf gg gh gi gj gk gl gm": [
		{
			"where": "text/rfcs/rfc475.txt",
			"count": 7,
			"score": 0.00216853
		}
	],
	"ga ge gi go gu": [
		{
			"where": "text/rfcs/rfc475.txt",
			"count": 11,
			"score": 0.00340768
		}
	],
	"gn go gp gq gr gs gt gu gv gw gx gy gz": [
		{
			"where": "text/rfcs/rfc475.txt",
			"count": 13,
			"score": 0.00402726
		}
	],
	"h": [
		{
			"where": "text/rfcs/rfc475.txt",
			"count": 82,
			"score": 0.02540273
		}
	],
	"h i j k l m n": [
		{
			"where": "text/rfcs/rfc475.txt",
			"count": 837,
			"score": 0.25929368
		}
	],
	"ha hb hc hd he hf hg hh hi hj hk hl hm": [
		{
			"where": "text/rfcs/rfc475.txt",
			"count": 52,
			"score": 0.01610905
		}
	],
	"ha he hi ho hu": [
		{
			"where": "text/rfcs/rfc475.txt",
			"count": 82,
			"score": 0.02540273
		}
	],
	"hn ho hp hq hr hs ht hu hv hw hx hy hz": [
		{
			"where": "text/rfcs/rfc475.txt",
			"count": 30,
			"score": 0.00929368
		}
	],
	"i": [
		{
			"where": "text/rfcs/rfc475.txt",
			"count": 252,
			"score": 0.07806691
		}
	],
	"i j": [
		{
			"where": "text/rfcs/rfc475.txt",
			"count": 258,
			"score": 0.07992565
		}
	],
	"i j k l": [
		{
			"where": "text/rfcs/rfc475.txt",
			"count": 318,
			"score": 0.09851301
		}
	],
	"i j k l m n o p": [
		{
			"where": "text/rfcs/rfc475.txt",
			"count": 1004,
			"score": 0.31102850
		}
	],
	"ia ib ic id ie if ig ih ii ij ik il im": [
		{
			"where": "text/rfcs/rfc475.txt",
			"count": 59,
			"score": 0.01827757
		}
	],
	"ia ie ii io iu": [
		{
			"where": "text/rfcs/rfc475.txt",
			"count": 2,
			"score": 0.00061958
		}
	],
	"in io ip iq ir is it iu iv iw ix iy iz": [
		{
			"where": "text/rfcs/rfc475.txt",
			"count": 192,
			"score": 0.05947955
		}
	],
	"j": [
		{
			"where": "text/rfcs/rfc475.txt",
			"count": 6,
			"score": 0.00185874
		}
	],
	"j k l": [
		{
			"where": "text/rfcs/rfc475.txt",
			"count": 66,
			"score": 0.02044610
		}
	],
	"j k l m n o p q r": [
		{
			"where": "text/rfcs/rfc475.txt",
			"count": 885,
			"score": 0.27416357
		}
	],
	"ja jb jc jd je jf jg jh ji jj jk jl jm": [
	],
	"ja je ji jo ju": [
		{
			"where": "text/rfcs/rfc475.txt",
			"count": 6,
			"score": 0.00185874
		}
	],
	"jn jo jp jq jr js jt ju jv jw jx jy jz": [
		{
			"where": "text/rfcs/rfc475.txt",
			"count": 6,
			"score": 0.00185874
		}
	],
	"k": [
		{
			"where": "text/rfcs/rfc475.txt",
			"count": 10,
			"score": 0.00309789
		}
	],
	"k l": [
		{
			"where": "text/rfcs/rfc475.txt",
			"count": 60,
			"score": 0.01858736
		}
	],
	"k l m n o": [
		{
			"where": "text/rfcs/rfc475.txt",
			"count": 650,
			"score": 0.20136307
		}
	],
	"k l m n o p q r s t": [
		{
			"where": "text/rfcs/rfc475.txt",
			"count": 1609,
			"score": 0.49845105
		}
	],
	"ka kb kc kd ke kf kg kh ki kj kk kl km": [
		{
			"where": "text/rfcs/rfc475.txt",
			"count": 4,
			"score": 0.00123916
		}
	],
	"ka ke ki ko ku": [
		{
			"where": "text/rfcs/rfc475.txt",
			"count": 2,
			"score": 0.00061958
		}
	],
	"kn ko kp kq kr ks kt ku kv kw kx ky kz": [
		{
			"where": "text/rfcs/rfc475.txt",
			"count": 6,
			"score": 0.00185874
		}
	],
	"l": [
		{
			"where": "text/rfcs/rfc475.txt",
			"count": 50,
			"score": 0.01548947
		}
	],
	"la lb lc ld le lf lg lh li lj lk ll lm": [
		{
			"where": "text/rfcs/rfc475.txt",
			"count": 20,
			"score": 0.00619579
		}
	],
	"la le li lo lu": [
		{
			"where": "text/rfcs/rfc475.txt",
			"count": 49,
			"score": 0.01517968
		}
	],
	"ln lo lp lq lr ls lt lu lv lw lx ly lz": [
		{
			"where": "text/rfcs/rfc475.txt",
			"count": 29,
			"score": 0.00898389
		}
	],
	"m": [
		{
			"where": "text/rfcs/rfc475.txt",
			"count": 283,
			"score": 0.08767038
		}
	],
	"m n": [
		{
			"where": "text/rfcs/rfc475.txt",
			"count": 437,
			"score": 0.13537794
		}
	],
	"m n o": [
		{
			"where": "text/rfcs/rfc475.txt",
			"count": 590,
			"score": 0.18277571
		}
	],
	"m n o p": [
		{
			"where": "text/rfcs/rfc475.txt",
			"count": 686,
			"score": 0.21251549
		}
	],
	"m n o p q r": [
		{
			"where": "text/rfcs/rfc475.txt",
			"count": 819,
			"score": 0.25371747
		}
	],
	"ma mb mc md me mf mg mh mi mj mk ml mm": [
		{
			"where": "text/rfcs/rfc475.txt",
			"count": 259,
			"score": 0.08023544
		}
	],
	"ma me mi mo mu": [
		{
			"where": "text/rfcs/rfc475.txt",
			"count": 272,
			"score": 0.08426270
		}
	],
	"mn mo mp mq mr ms mt mu mv mw mx my mz": [
		{
			"where": "text/rfcs/rfc475.txt",
			"count": 24,
			"score": 0.00743494
		}
	],
	"n": [
		{
			"where": "text/rfcs/rfc475.txt",
			"count": 154,
			"score": 0.04770756
		}
	],
	"na nb nc nd ne nf ng nh ni nj nk nl nm": [
		{
			"where": "text/rfcs/rfc475.txt",
			"count": 108,
			"score": 0.03345725
		}
	],
	"na ne ni no nu": [
		{
			"where": "text/rfcs/rfc475.txt",
			"count": 144,
			"score": 0.04460967
		}
	],
	"nn no np nq nr ns nt nu nv nw nx ny nz": [
		{
			"where": "text/rfcs/rfc475.txt",
			"count": 46,
			"score": 0.01425031
		}
	],
	"o": [
		{
			"where": "text/rfcs/rfc475.txt",
			"count": 153,
			"score": 0.04739777
		}
	],
	"o p": [
		{
			"where": "text/rfcs/rfc475.txt",
			"count": 249,
			"score": 0.07713755
		}
	],
	"o p q r s t u": [
		{
			"where": "text/rfcs/rfc475.txt",
			"count": 1249,
			"score": 0.38692689
		}
	],
	"oa ob oc od oe of og oh oi oj ok ol om": [
		{
			"where": "text/rfcs/rfc475.txt",
			"count": 57,
			"score": 0.01765799
		}
	],
	"oa oe oi oo ou": [
		{
			"where": "text/rfcs/rfc475.txt",
			"count": 3,
			"score": 0.00092937
		}
	],
	"on oo op oq or os ot ou ov ow ox oy oz": [
		{
			"where": "text/rfcs/rfc475.txt",
			"count": 95,
			"score": 0.02942999
		}
	],
	"p": [
		{
			"where": "text/rfcs/rfc475.txt",
			"count": 96,
			"score": 0.02973978
		}
	],
	"p q r": [
		{
			"where": "text/rfcs/rfc475.txt",
			"count": 229,
			"score": 0.07094176
		}
	],
	"p q r s t": [
		{
			"where": "text/rfcs/rfc475.txt",
			"count": 959,
			"score": 0.29708798
		}
	],
	"pa pb pc pd pe pf pg ph pi pj pk pl pm": [
		{
			"where": "text/rfcs/rfc475.txt",
			"count": 23,
			"score": 0.00712515
		}
	],
	"pa pe pi po pu": [
		{
			"where": "text/rfcs/rfc475.txt",
			"count": 34,
			"score": 0.01053284
		}
	],
	"pn po pp pq pr ps pt pu pv pw px py pz": [
		{
			"where": "text/rfcs/rfc475.txt",
			"count": 73,
			"score": 0.02261462
		}
	],
	"q": [
		{
			"where": "text/rfcs/rfc475.txt",
			"count": 4,
			"score": 0.00123916
		}
	],
	"q r": [
		{
			"where": "text/rfcs/rfc475.txt",
			"count": 133,
			"score": 0.04120198
		}
	],
	"q r s t": [
		{
			"where": "text/rfcs/rfc475.txt",
			"count": 863,
			"score": 0.26734820
		}
	],
	"q r s t u v w x": [
		{
			"where": "text/rfcs/rfc475.txt",
			"count": 1088,
			"score": 0.33705081
		}
	],
	"qa qb qc qd qe qf qg qh qi qj qk ql qm": [
	],
	"qa qe qi qo qu": [
		{
			"where": "text/rfcs/rfc475.txt",
			"count": 4,
			"score": 0.00123916
		}
	],
	"qn qo qp qq qr qs qt qu qv qw qx qy qz": [
		{
			"where": "text/rfcs/rfc475.txt",
			"count": 4,
			"score": 0.00123916
		}
	],
	"r": [
		{
			"where": "text/rfcs/rfc475.txt",
			"count": 129,
			"score": 0.03996283
		}
	],
	"ra rb rc rd re rf rg rh ri rj rk rl rm": [
		{
			"where": "text/rfcs/rfc475.txt",
			"count": 129,
			"score": 0.03996283
		}
	],
	"ra re ri ro ru": [
		{
			"where": "text/rfcs/rfc475.txt",
			"count": 115,
			"score": 0.03562577
		}
	],
	"rn ro rp rq rr rs rt ru rv rw rx ry rz": [
	],
	"s": [
		{
			"where": "text/rfcs/rfc475.txt",
			"count": 239,
			"score": 0.07403965
		}
	],
	"s t": [
		{
			"where": "text/rfcs/rfc475.txt",
			"count": 730,
			"score": 0.22614622
		}
	],
	"s t u": [
		{
			"where": "text/rfcs/rfc475.txt",
			"count": 867,
			"score": 0.26858736
		}
	],
	"s t u v w x": [
		{
			"where": "text/rfcs/rfc475.txt",
			"count": 955,
			"score": 0.29584882
		}
	],
	"sa sb sc sd se sf sg sh si sj sk sl sm": [
		{
			"where": "text/rfcs/rfc475.txt",
			"count": 145,
			"score": 0.04491945
		}
	],
	"sa se si so su": [
		{
			"where": "text/rfcs/rfc475.txt",
			"count": 158,
			"score": 0.04894672
		}
	],
	"sn so sp sq sr ss st su sv sw sx sy sz": [
		{
			"where": "text/rfcs/rfc475.txt",
			"count": 94,
			"score": 0.02912020
		}
	],
	"t": [
		{
			"where": "text/rfcs/rfc475.txt",
			"count": 491,
			"score": 0.15210657
		}
	],
	"ta tb tc td te tf tg th ti tj tk tl tm": [
		{
			"where": "text/rfcs/rfc475.txt",
			"count": 377,
			"score": 0.11679058
		}
	],
	"ta te ti to tu": [
		{
			"where": "text/rfcs/rfc475.txt",
			"count": 142,
			"score": 0.04399009
		}
	],
	"tn to tp tq tr ts tt tu tv tw tx ty tz": [
		{
			"where": "text/rfcs/rfc475.txt",
			"count": 114,
			"score": 0.03531599
		}
	],
	"u": [
		{
			"where": "text/rfcs/rfc475.txt",
			"count": 137,
			"score": 0.04244114
		}
	],
	"u v": [
		{
			"where": "text/rfcs/rfc475.txt",
			"count": 153,
			"score": 0.04739777
		}
	],
	"u v w x": [
		{
			"where": "text/rfcs/rfc475.txt",
			"count": 225,
			"score": 0.06970260
		}
	],
	"u v w x y": [
		{
			"where": "text/rfcs/rfc475.txt",
			"count": 225,
			"score": 0.06970260
		}
	],
	"ua ub uc ud ue uf ug uh ui uj uk ul um": [
	],
	"ua ue ui uo uu": [
	],
	"un uo up uq ur us ut uu uv uw ux uy uz": [
		{
			"where": "text/rfcs/rfc475.txt",
			"count": 136,
			"score": 0.04213135
		}
	],
	"v": [
		{
			"where": "text/rfcs/rfc475.txt",
			"count": 16,
			"score": 0.00495663
		}
	],
	"v w x": [
		{
			"where": "text/rfcs/rfc475.txt",
			"count": 88,
			"score": 0.02726146
		}
	],
	"va vb vc vd ve vf vg vh vi vj vk vl vm": [
		{
			"where": "text/rfcs/rfc475.txt",
			"count": 16,
			"score": 0.00495663
		}
	],
	"va ve vi vo vu": [
		{
			"where": "text/rfcs/rfc475.txt",
			"count": 16,
			"score": 0.00495663
		}
	],
	"vn vo vp vq vr vs vt vu vv vw vx vy vz": [
	],
	"w": [
		{
			"where": "text/rfcs/rfc475.txt",
			"count": 71,
			"score": 0.02199504
		}
	],
	"w x": [
		{
			"where": "text/rfcs/rfc475.txt",
			"count": 72,
			"score": 0.02230483
		}
	],
	"wa wb wc wd we wf wg wh wi wj wk wl wm": [
		{
			"where": "text/rfcs/rfc475.txt",
			"count": 65,
			"score": 0.02013631
		}
	],
	"wa we wi wo wu": [
		{
			"where": "text/rfcs/rfc475.txt",
			"count": 46,
			"score": 0.01425031
		}
	],
	"wn wo wp wq wr ws wt wu wv ww wx wy wz": [
		{
			"where": "text/rfcs/rfc475.txt",
			"count": 6,
			"score": 0.00185874
		}
	],
	"x": [
		{
			"where": "text/rfcs/rfc475.txt",
			"count": 1,
			"score": 0.00030979
		}
	],
	"xa xb xc xd xe xf xg xh xi xj xk xl xm": [
	],
	"xa xe xi xo xu": [
	],
	"xn xo xp xq xr xs xt xu xv xw xx xy xz": [
	],
	"y": [
	],
	"y z": [
	],
	"ya yb yc yd ye yf yg yh yi yj yk yl ym": [
	],
	"ya ye yi yo yu": [
	],
	"yn yo yp yq yr ys yt yu yv yw yx yy yz": [
	],
	"z": [
	],
	"za zb zc zd ze zf zg zh zi zj zk zl zm": [
	],
	"za ze zi zo zu": [
	],
	"zn zo zp zq zr zs zt zu zv zw zx zy zz": [
	]
}