{
	"a": [
		{
			"where": "text/rfcs/rfc6797.txt",
			"count": 1623,
			"score": 0.12557060
		}
	],
	"a b": [
		{
			"where": "text/rfcs/rfc6797.txt",
			"count": 1960,
			"score": 0.15164410
		}
	],
	"a b c": [
		{
			"where": "text/rfcs/rfc6797.txt",
			"count": 2601,
			"score": 0.20123791
		}
	],
	"a b c d": [
		{
			"where": "text/rfcs/rfc6797.txt",
			"count": 3116,
			"score": 0.24108317
		}
	],
	"a b c d e": [
		{
			"where": "text/rfcs/rfc6797.txt",
			"count": 3525,
			"score": 0.27272727
		}
	],
	"a b c d e f": [
		{
			"where": "text/rfcs/rfc6797.txt",
			"count": 3977,
			"score": 0.30769826
		}
	],
	"a b c d e f g": [
		{
			"where": "text/rfcs/rfc6797.txt",
			"count": 4050,
			"score": 0.31334623
		}
	],
	"a b c d e f g h": [
		{
			"where": "text/rfcs/rfc6797.txt",
			"count": 5010,
			"score": 0.38762089
		}
	],
	"a b c d e f g h i": [
		{
			"where": "text/rfcs/rfc6797.txt",
			"count": 6026,
			"score": 0.46622824
		}
	],
	"a b c d e f g h i j": [
		{
			"where": "text/rfcs/rfc6797.txt",
			"count": 6067,
			"score": 0.46940039
		}
	],
	"a b c d e f g h i j k l m n o p q r s t u v w x y z": [
		{
			"where": "text/rfcs/rfc6797.txt",
			"count": 12925,
			"score": 1.00000000
		}
	],
	"aa ab ac ad ae af ag ah ai aj ak al am": [
		{
			"where": "text/rfcs/rfc6797.txt",
			"count": 358,
			"score": 0.02769826
		}
	],
	"aa ae ai ao au": [
		{
			"where": "text/rfcs/rfc6797.txt",
			"count": 35,
			"score": 0.00270793
		}
	],
	"aa ee ii oo uu": [
	],
	"an ao ap aq ar as at au av aw ax ay az": [
		{
			"where": "text/rfcs/rfc6797.txt",
			"count": 993,
			"score": 0.07682785
		}
	],
	"b": [
		{
			"where": "text/rfcs/rfc6797.txt",
			"count": 337,
			"score": 0.02607350
		}
	],
	"ba bb bc bd be bf bg bh bi bj bk bl bm": [
		{
			"where": "text/rfcs/rfc6797.txt",
			"count": 184,
			"score": 0.01423598
		}
	],
	"ba be bi bo bu": [
		{
			"where": "text/rfcs/rfc6797.txt",
			"count": 222,
			"score": 0.01717602
		}
	],
	"bn bo bp bq br bs bt bu bv bw bx by bz": [
		{
			"where": "text/rfcs/rfc6797.txt",
			"count": 150,
			"score": 0.01160542
		}
	],
	"c": [
		{
			"where": "text/rfcs/rfc6797.txt",
			"count": 641,
			"score": 0.04959381
		}
	],
	"c d": [
		{
			"where": "text/rfcs/rfc6797.txt",
			"count": 1156,
			"score": 0.08943907
		}
	],
	"ca cb cc cd ce cf cg ch ci cj ck cl cm": [
		{
			"where": "text/rfcs/rfc6797.txt",
			"count": 254,
			"score": 0.01965184
		}
	],
	"ca ce ci co cu": [
		{
			"where": "text/rfcs/rfc6797.txt",
			"count": 559,
			"score": 0.04324952
		}
	],
	"cn co cp cq cr cs ct cu cv cw cx cy cz": [
		{
			"where": "text/rfcs/rfc6797.txt",
			"count": 380,
			"score": 0.02940039
		}
	],
	"d": [
		{
			"where": "text/rfcs/rfc6797.txt",
			"count": 515,
			"score": 0.03984526
		}
	],
	"d e f": [
		{
			"where": "text/rfcs/rfc6797.txt",
			"count": 1376,
			"score": 0.10646035
		}
	],
	"da db dc dd de df dg dh di dj dk dl dm": [
		{
			"where": "text/rfcs/rfc6797.txt",
			"count": 315,
			"score": 0.02437137
		}
	],
	"da de di do du": [
		{
			"where": "text/rfcs/rfc6797.txt",
			"count": 487,
			"score": 0.03767892
		}
	],
	"dn do dp dq dr ds dt du dv dw dx dy dz": [
		{
			"where": "text/rfcs/rfc6797.txt",
			"count": 192,
			"score": 0.01485493
		}
	],
	"e": [
		{
			"where": "text/rfcs/rfc6797.txt",
			"count": 409,
			"score": 0.03164410
		}
	],
	"e f": [
		{
			"where": "text/rfcs/rfc6797.txt",
			"count": 861,
			"score": 0.06661509
		}
	],
	"e f g h": [
		{
			"where": "text/rfcs/rfc6797.txt",
			"count": 1894,
			"score": 0.14653772
		}
	],
	"ea eb ec ed ee ef eg eh ei ej ek el em": [
		{
			"where": "text/rfcs/rfc6797.txt",
			"count": 124,
			"score": 0.00959381
		}
	],
	"ea ee ei eo eu": [
		{
			"where": "text/rfcs/rfc6797.txt",
			"count": 21,
			"score": 0.00162476
		}
	],
	"en eo ep eq er es et eu ev ew ex ey ez": [
		{
			"where": "text/rfcs/rfc6797.txt",
			"count": 280,
			"score": 0.02166344
		}
	],
	"f": [
		{
			"where": "text/rfcs/rfc6797.txt",
			"count": 452,
			"score": 0.03497099
		}
	],
	"f g h i j": [
		{
			"where": "text/rfcs/rfc6797.txt",
			"count": 2542,
			"score": 0.19667311
		}
	],
	"fa fb fc fd fe ff fg fh fi fj fk fl fm": [
		{
			"where": "text/rfcs/rfc6797.txt",
			"count": 156,
			"score": 0.01206963
		}
	],
	"fa fe fi fo fu": [
		{
			"where": "text/rfcs/rfc6797.txt",
			"count": 389,
			"score": 0.03009671
		}
	],
	"fn fo fp fq fr fs ft fu fv fw fx fy fz": [
		{
			"where": "text/rfcs/rfc6797.txt",
			"count": 296,
			"score": 0.02290135
		}
	],
	"g": [
		{
			"where": "text/rfcs/rfc6797.txt",
			"count": 73,
			"score": 0.00564797
		}
	],
	"g h": [
		{
			"where": "text/rfcs/rfc6797.txt",
			"count": 1033,
			"score": 0.07992263
		}
	],
	"g h i": [
		{
			"where": "text/rfcs/rfc6797.txt",
			"count": 2049,
			"score": 0.15852998
		}
	],
	"g h i j k l": [
		{
			"where": "text/rfcs/rfc6797.txt",
			"count": 2320,
			"score": 0.17949710
		}
	],
	"ga gb gc gd ge gf gg gh gi gj gk gl gm": [
		{
			"where": "text/rfcs/rfc6797.txt",
			"count": 55,
			"score": 0.00425532
		}
	],
	"ga ge gi go gu": [
		{
			"where": "text/rfcs/rfc6797.txt",
			"count": 64,
			"score": 0.00495164
		}
	],
	"gn go gp gq gr gs gt gu gv gw gx gy gz": [
		{
			"where": "text/rfcs/rfc6797.txt",
			"count": 17,
			"score": 0.00131528
		}
	],
	"h": [
		{
			"where": "text/rfcs/rfc6797.txt",
			"count": 960,
			"score": 0.07427466
		}
	],
	"h i j k l m n": [
		{
			"where": "text/rfcs/rfc6797.txt",
			"count": 3051,
			"score": 0.23605416
		}
	],
	"ha hb hc hd he hf hg hh hi hj hk hl hm": [
		{
			"where": "text/rfcs/rfc6797.txt",
			"count": 134,
			"score": 0.01036750
		}
	],
	"ha he hi ho hu": [
		{
			"where": "text/rfcs/rfc6797.txt",
			"count": 437,
			"score": 0.03381044
		}
	],
	"hn ho hp hq hr hs ht hu hv hw hx hy hz": [
		{
			"where": "text/rfcs/rfc6797.txt",
			"count": 823,
			"score": 0.06367505
		}
	],
	"i": [
		{
			"where": "text/rfcs/rfc6797.txt",
			"count": 1016,
			"score": 0.07860735
		}
	],
	"i j": [
		{
			"where": "text/rfcs/rfc6797.txt",
			"count": 1057,
			"score": 0.08177950
		}
	],
	"i j k l": [
		{
			"where": "text/rfcs/rfc6797.txt",
			"count": 1287,
			"score": 0.09957447
		}
	],
	"i j k l m n o p": [
		{
			"where": "text/rfcs/rfc6797.txt",
			"count": 3301,
			"score": 0.25539652
		}
	],
	"ia ib ic id ie if ig ih ii ij ik il im": [
		{
			"where": "text/rfcs/rfc6797.txt",
			"count": 249,
			"score": 0.01926499
		}
	],
	"ia ie ii io iu": [
		{
			"where": "text/rfcs/rfc6797.txt",
			"count": 30,
			"score": 0.00232108
		}
	],
	"in io ip iq ir is it iu iv iw ix iy iz": [
		{
			"where": "text/rfcs/rfc6797.txt",
			"count": 766,
			"score": 0.05926499
		}
	],
	"j": [
		{
			"where": "text/rfcs/rfc6797.txt",
			"count": 41,
			"score": 0.00317215
		}
	],
	"j k l": [
		{
			"where": "text/rfcs/rfc6797.txt",
			"count": 271,
			"score": 0.02096712
		}
	],
	"j k l m n o p q r": [
		{
			"where": "text/rfcs/rfc6797.txt",
			"count": 2877,
			"score": 0.22259188
		}
	],
	"ja jb jc jd je jf jg jh ji jj jk jl jm": [
		{
			"where": "text/rfcs/rfc6797.txt",
			"count": 14,
			"score": 0.00108317
		}
	],
	"ja je ji jo ju": [
		{
			"where": "text/rfcs/rfc6797.txt",
			"count": 26,
			"score": 0.00201161
		}
	],
	"jn jo jp jq jr js jt ju jv jw jx jy jz": [
		{
			"where": "text/rfcs/rfc6797.txt",
			"count": 12,
			"score": 0.00092843
		}
	],
	"k": [
		{
			"where": "text/rfcs/rfc6797.txt",
			"count": 91,
			"score": 0.00704062
		}
	],
	"k l": [
		{
			"where": "text/rfcs/rfc6797.txt",
			"count": 230,
			"score": 0.01779497
		}
	],
	"k l m n o": [
		{
			"where": "text/rfcs/rfc6797.txt",
			"count": 1696,
			"score": 0.13121857
		}
	],
	"k l m n o p q r s t": [
		{
			"where": "text/rfcs/rfc6797.txt",
			"count": 5774,
			"score": 0.44673114
		}
	],
	"ka kb kc kd ke kf kg kh ki kj kk kl km": [
		{
			"where": "text/rfcs/rfc6797.txt",
			"count": 14,
			"score": 0.00108317
		}
	],
	"ka ke ki ko ku": [
		{
			"where": "text/rfcs/rfc6797.txt",
			"count": 13,
			"score": 0.00100580
		}
	],
	"kn ko kp kq kr ks kt ku kv kw kx ky kz": [
		{
			"where": "text/rfcs/rfc6797.txt",
			"count": 77,
			"score": 0.00595745
		}
	],
	"l": [
		{
			"where": "text/rfcs/rfc6797.txt",
			"count": 139,
			"score": 0.01075435
		}
	],
	"la lb lc ld le lf lg lh li lj lk ll lm": [
		{
			"where": "text/rfcs/rfc6797.txt",
			"count": 99,
			"score": 0.00765957
		}
	],
	"la le li lo lu": [
		{
			"where": "text/rfcs/rfc6797.txt",
			"count": 135,
			"score": 0.01044487
		}
	],
	"ln lo lp lq lr ls lt lu lv lw lx ly lz": [
		{
			"where": "text/rfcs/rfc6797.txt",
			"count": 37,
			"score": 0.00286267
		}
	],
	"m": [
		{
			"where": "text/rfcs/rfc6797.txt",
			"count": 378,
			"score": 0.02924565
		}
	],
	"m n": [
		{
			"where": "text/rfcs/rfc6797.txt",
			"count": 804,
			"score": 0.06220503
		}
	],
	"m n o": [
		{
			"where": "text/rfcs/rfc6797.txt",
			"count": 1466,
			"score": 0.11342360
		}
	],
	"m n o p": [
		{
			"where": "text/rfcs/rfc6797.txt",
			"count": 2014,
			"score": 0.15582205
		}
	],
	"m n o p q r": [
		{
			"where": "text/rfcs/rfc6797.txt",
			"count": 2606,
			"score": 0.20162476
		}
	],
	"ma mb mc md me mf mg mh mi mj mk ml mm": [
		{
			"where": "text/rfcs/rfc6797.txt",
			"count": 276,
			"score": 0.02135397
		}
	],
	"ma me mi mo mu": [
		{
			"where": "text/rfcs/rfc6797.txt",
			"count": 368,
			"score": 0.02847195
		}
	],
	"mn mo mp mq mr ms mt mu mv mw mx my mz": [
		{
			"where": "text/rfcs/rfc6797.txt",
			"count": 93,
			"score": 0.00719536
		}
	],
	"n": [
		{
			"where": "text/rfcs/rfc6797.txt",
			"count": 426,
			"score": 0.03295938
		}
	],
	"na nb nc nd ne nf ng nh ni nj nk nl nm": [
		{
			"where": "text/rfcs/rfc6797.txt",
			"count": 170,
			"score": 0.01315280
		}
	],
	"na ne ni no nu": [
		{
			"where": "text/rfcs/rfc6797.txt",
			"count": 418,
			"score": 0.03234043
		}
	],
	"nn no np nq nr ns nt nu nv nw nx ny nz": [
		{
			"where": "text/rfcs/rfc6797.txt",
			"count": 252,
			"score": 0.01949710
		}
	],
	"o": [
		{
			"where": "text/rfcs/rfc6797.txt",
			"count": 662,
			"score": 0.05121857
		}
	],
	"o p": [
		{
			"where": "text/rfcs/rfc6797.txt",
			"count": 1210,
			"score": 0.09361702
		}
	],
	"o p q r s t u": [
		{
			"where": "text/rfcs/rfc6797.txt",
			"count": 5237,
			"score": 0.40518375
		}
	],
	"oa ob oc od oe of og oh oi oj ok ol om": [
		{
			"where": "text/rfcs/rfc6797.txt",
			"count": 305,
			"score": 0.02359768
		}
	],
	"oa oe oi oo ou": [
		{
			"where": "text/rfcs/rfc6797.txt",
			"count": 11,
			"score": 0.00085106
		}
	],
	"on oo op oq or os ot ou ov ow ox oy oz": [
		{
			"where": "text/rfcs/rfc6797.txt",
			"count": 330,
			"score": 0.02553191
		}
	],
	"p": [
		{
			"where": "text/rfcs/rfc6797.txt",
			"count": 548,
			"score": 0.04239845
		}
	],
	"p q r": [
		{
			"where": "text/rfcs/rfc6797.txt",
			"count": 1140,
			"score": 0.08820116
		}
	],
	"p q r s t": [
		{
			"where": "text/rfcs/rfc6797.txt",
			"count": 4078,
			"score": 0.31551257
		}
	],
	"pa pb pc pd pe pf pg ph pi pj pk pl pm": [
		{
			"where": "text/rfcs/rfc6797.txt",
			"count": 143,
			"score": 0.01106383
		}
	],
	"pa pe pi po pu": [
		{
			"where": "text/rfcs/rfc6797.txt",
			"count": 334,
			"score": 0.02584139
		}
	],
	"pn po pp pq pr ps pt pu pv pw px py pz": [
		{
			"where": "text/rfcs/rfc6797.txt",
			"count": 395,
			"score": 0.03056093
		}
	],
	"q": [
		{
			"where": "text/rfcs/rfc6797.txt",
			"count": 10,
			"score": 0.00077369
		}
	],
	"q r": [
		{
			"where": "text/rfcs/rfc6797.txt",
			"count": 592,
			"score": 0.04580271
		}
	],
	"q r s t": [
		{
			"where": "text/rfcs/rfc6797.txt",
			"count": 3530,
			"score": 0.27311412
		}
	],
	"q r s t u v w x": [
		{
			"where": "text/rfcs/rfc6797.txt",
			"count": 4596,
			"score": 0.35558994
		}
	],
	"qa qb qc qd qe qf qg qh qi qj qk ql qm": [
		{
			"where": "text/rfcs/rfc6797.txt",
			"count": 1,
			"score": 0.00007737
		}
	],
	"qa qe qi qo qu": [
		{
			"where": "text/rfcs/rfc6797.txt",
			"count": 10,
			"score": 0.00077369
		}
	],
	"qn qo qp qq qr qs qt qu qv qw qx qy qz": [
		{
			"where": "text/rfcs/rfc6797.txt",
			"count": 9,
			"score": 0.00069632
		}
	],
	"r": [
		{
			"where": "text/rfcs/rfc6797.txt",
			"count": 582,
			"score": 0.04502901
		}
	],
	"ra rb rc rd re rf rg rh ri rj rk rl rm": [
		{
			"where": "text/rfcs/rfc6797.txt",
			"count": 546,
			"score": 0.04224371
		}
	],
	"ra re ri ro ru": [
		{
			"where": "text/rfcs/rfc6797.txt",
			"count": 409,
			"score": 0.03164410
		}
	],
	"rn ro rp rq rr rs rt ru rv rw rx ry rz": [
		{
			"where": "text/rfcs/rfc6797.txt",
			"count": 27,
			"score": 0.00208897
		}
	],
	"s": [
		{
			"where": "text/rfcs/rfc6797.txt",
			"count": 1174,
			"score": 0.09083172
		}
	],
	"s t": [
		{
			"where": "text/rfcs/rfc6797.txt",
			"count": 2938,
			"score": 0.22731141
		}
	],
	"s t u": [
		{
			"where": "text/rfcs/rfc6797.txt",
			"count": 3435,
			"score": 0.26576402
		}
	],
	"s t u v w x": [
		{
			"where": "text/rfcs/rfc6797.txt",
			"count": 4004,
			"score": 0.30978723
		}
	],
	"sa sb sc sd se sf sg sh si sj sk sl sm": [
		{
			"where": "text/rfcs/rfc6797.txt",
			"count": 624,
			"score": 0.04827853
		}
	],
	"sa se si so su": [
		{
			"where": "text/rfcs/rfc6797.txt",
			"count": 743,
			"score": 0.05748549
		}
	],
	"sn so sp sq sr ss st su sv sw sx sy sz": [
		{
			"where": "text/rfcs/rfc6797.txt",
			"count": 542,
			"score": 0.04193424
		}
	],
	"t": [
		{
			"where": "text/rfcs/rfc6797.txt",
			"count": 1764,
			"score": 0.13647969
		}
	],
	"ta tb tc td te tf tg th ti tj tk tl tm": [
		{
			"where": "text/rfcs/rfc6797.txt",
			"count": 1245,
			"score": 0.09632495
		}
	],
	"ta te ti to tu": [
		{
			"where": "text/rfcs/rfc6797.txt",
			"count": 367,
			"score": 0.02839458
		}
	],
	"tn to tp tq tr ts tt tu tv tw tx ty tz": [
		{
			"where": "text/rfcs/rfc6797.txt",
			"count": 512,
			"score": 0.03961315
		}
	],
	"u": [
		{
			"where": "text/rfcs/rfc6797.txt",
			"count": 497,
			"score": 0.03845261
		}
	],
	"u v": [
		{
			"where": "text/rfcs/rfc6797.txt",
			"count": 615,
			"score": 0.04758221
		}
	],
	"u v w x": [
		{
			"where": "text/rfcs/rfc6797.txt",
			"count": 1066,
			"score": 0.08247582
		}
	],
	"u v w x y": [
		{
			"where": "text/rfcs/rfc6797.txt",
			"count": 1075,
			"score": 0.08317215
		}
	],
	"ua ub uc ud ue uf ug uh ui uj uk ul um": [
		{
			"where": "text/rfcs/rfc6797.txt",
			"count": 155,
			"score": 0.01199226
		}
	],
	"ua ue ui uo uu": [
		{
			"where": "text/rfcs/rfc6797.txt",
			"count": 153,
			"score": 0.01183752
		}
	],
	"un uo up uq ur us ut uu uv uw ux uy uz": [
		{
			"where": "text/rfcs/rfc6797.txt",
			"count": 340,
			"score": 0.02630561
		}
	],
	"v": [
		{
			"where": "text/rfcs/rfc6797.txt",
			"count": 118,
			"score": 0.00912959
		}
	],
	"v w x": [
		{
			"where": "text/rfcs/rfc6797.txt",
			"count": 569,
			"score": 0.04402321
		}
	],
	"va vb vc vd ve vf vg vh vi vj vk vl vm": [
		{
			"where": "text/rfcs/rfc6797.txt",
			"count": 98,
			"score": 0.00758221
		}
	],
	"va ve vi vo vu": [
		{
			"where": "text/rfcs/rfc6797.txt",
			"count": 118,
			"score": 0.00912959
		}
	],
	"vn vo vp vq vr vs vt vu vv vw vx vy vz": [
		{
			"where": "text/rfcs/rfc6797.txt",
			"count": 20,
			"score": 0.00154739
		}
	],
	"w": [
		{
			"where": "text/rfcs/rfc6797.txt",
			"count": 445,
			"score": 0.03442940
		}
	],
	"w x": [
		{
			"where": "text/rfcs/rfc6797.txt",
			"count": 451,
			"score": 0.03489362
		}
	],
	"wa wb wc wd we wf wg wh wi wj wk wl wm": [
		{
			"where": "text/rfcs/rfc6797.txt",
			"count": 401,
			"score": 0.03102515
		}
	],
	"wa we wi wo wu": [
		{
			"where": "text/rfcs/rfc6797.txt",
			"count": 340,
			"score": 0.02630561
		}
	],
	"wn wo wp wq wr ws wt wu wv ww wx wy wz": [
		{
			"where": "text/rfcs/rfc6797.txt",
			"count": 42,
			"score": 0.00324952
		}
	],
	"x": [
		{
			"where": "text/rfcs/rfc6797.txt",
			"count": 6,
			"score": 0.00046422
		}
	],
	"xa xb xc xd xe xf xg xh xi xj xk xl xm": [
		{
			"where": "text/rfcs/rfc6797.txt",
			"count": 3,
			"score": 0.00023211
		}
	],
	"xa xe xi xo xu": [
		{
			"where": "text/rfcs/rfc6797.txt",
			"count": 1,
			"score": 0.00007737
		}
	],
	"xn xo xp xq xr xs xt xu xv xw xx xy xz": [
	],
	"y": [
		{
			"where": "text/rfcs/rfc6797.txt",
			"count": 9,
			"score": 0.00069632
		}
	],
	"y z": [
		{
			"where": "text/rfcs/rfc6797.txt",
			"count": 18,
			"score": 0.00139265
		}
	],
	"ya yb yc yd ye yf yg yh yi yj yk yl ym": [
		{
			"where": "text/rfcs/rfc6797.txt",
			"count": 6,
			"score": 0.00046422
		}
	],
	"ya ye yi yo yu": [
		{
			"where": "text/rfcs/rfc6797.txt",
			"count": 8,
			"score": 0.00061896
		}
	],
	"yn yo yp yq yr ys yt yu yv yw yx yy yz": [
		{
			"where": "text/rfcs/rfc6797.txt",
			"count": 3,
			"score": 0.00023211
		}
	],
	"z": [
		{
			"where": "text/rfcs/rfc6797.txt",
			"count": 9,
			"score": 0.00069632
		}
	],
	"za zb zc zd ze zf zg zh zi zj zk zl zm": [
		{
			"where": "text/rfcs/rfc6797.txt",
			"count": 6,
			"score": 0.00046422
		}
	],
	"za ze zi zo zu": [
		{
			"where": "text/rfcs/rfc6797.txt",
			"count": 7,
			"score": 0.00054159
		}
	],
	"zn zo zp zq zr zs zt zu zv zw zx zy zz": [
		{
			"where": "text/rfcs/rfc6797.txt",
			"count": 1,
			"score": 0.00007737
		}
	]
}