{
	"a": [
		{
			"where": "text/rfcs/rfc6838.txt",
			"count": 1047,
			"score": 0.11177538
		}
	],
	"a b": [
		{
			"where": "text/rfcs/rfc6838.txt",
			"count": 1456,
			"score": 0.15543931
		}
	],
	"a b c": [
		{
			"where": "text/rfcs/rfc6838.txt",
			"count": 1858,
			"score": 0.19835593
		}
	],
	"a b c d": [
		{
			"where": "text/rfcs/rfc6838.txt",
			"count": 2133,
			"score": 0.22771432
		}
	],
	"a b c d e": [
		{
			"where": "text/rfcs/rfc6838.txt",
			"count": 2379,
			"score": 0.25397673
		}
	],
	"a b c d e f": [
		{
			"where": "text/rfcs/rfc6838.txt",
			"count": 2744,
			"score": 0.29294331
		}
	],
	"a b c d e f g": [
		{
			"where": "text/rfcs/rfc6838.txt",
			"count": 2795,
			"score": 0.29838796
		}
	],
	"a b c d e f g h": [
		{
			"where": "text/rfcs/rfc6838.txt",
			"count": 2916,
			"score": 0.31130565
		}
	],
	"a b c d e f g h i": [
		{
			"where": "text/rfcs/rfc6838.txt",
			"count": 3712,
			"score": 0.39628483
		}
	],
	"a b c d e f g h i j": [
		{
			"where": "text/rfcs/rfc6838.txt",
			"count": 3769,
			"score": 0.40237002
		}
	],
	"a b c d e f g h i j k l m n o p q r s t u v w x y z": [
		{
			"where": "text/rfcs/rfc6838.txt",
			"count": 9367,
			"score": 1.00000000
		}
	],
	"aa ab ac ad ae af ag ah ai aj ak al am": [
		{
			"where": "text/rfcs/rfc6838.txt",
			"count": 230,
			"score": 0.02455429
		}
	],
	"aa ae ai ao au": [
		{
			"where": "text/rfcs/rfc6838.txt",
			"count": 22,
			"score": 0.00234867
		}
	],
	"aa ee ii oo uu": [
	],
	"an ao ap aq ar as at au av aw ax ay az": [
		{
			"where": "text/rfcs/rfc6838.txt",
			"count": 595,
			"score": 0.06352087
		}
	],
	"b": [
		{
			"where": "text/rfcs/rfc6838.txt",
			"count": 409,
			"score": 0.04366393
		}
	],
	"ba bb bc bd be bf bg bh bi bj bk bl bm": [
		{
			"where": "text/rfcs/rfc6838.txt",
			"count": 292,
			"score": 0.03117327
		}
	],
	"ba be bi bo bu": [
		{
			"where": "text/rfcs/rfc6838.txt",
			"count": 309,
			"score": 0.03298815
		}
	],
	"bn bo bp bq br bs bt bu bv bw bx by bz": [
		{
			"where": "text/rfcs/rfc6838.txt",
			"count": 114,
			"score": 0.01217039
		}
	],
	"c": [
		{
			"where": "text/rfcs/rfc6838.txt",
			"count": 402,
			"score": 0.04291662
		}
	],
	"c d": [
		{
			"where": "text/rfcs/rfc6838.txt",
			"count": 677,
			"score": 0.07227501
		}
	],
	"ca cb cc cd ce cf cg ch ci cj ck cl cm": [
		{
			"where": "text/rfcs/rfc6838.txt",
			"count": 158,
			"score": 0.01686773
		}
	],
	"ca ce ci co cu": [
		{
			"where": "text/rfcs/rfc6838.txt",
			"count": 315,
			"score": 0.03362870
		}
	],
	"cn co cp cq cr cs ct cu cv cw cx cy cz": [
		{
			"where": "text/rfcs/rfc6838.txt",
			"count": 242,
			"score": 0.02583538
		}
	],
	"d": [
		{
			"where": "text/rfcs/rfc6838.txt",
			"count": 275,
			"score": 0.02935839
		}
	],
	"d e f": [
		{
			"where": "text/rfcs/rfc6838.txt",
			"count": 886,
			"score": 0.09458738
		}
	],
	"da db dc dd de df dg dh di dj dk dl dm": [
		{
			"where": "text/rfcs/rfc6838.txt",
			"count": 193,
			"score": 0.02060425
		}
	],
	"da de di do du": [
		{
			"where": "text/rfcs/rfc6838.txt",
			"count": 268,
			"score": 0.02861108
		}
	],
	"dn do dp dq dr ds dt du dv dw dx dy dz": [
		{
			"where": "text/rfcs/rfc6838.txt",
			"count": 79,
			"score": 0.00843386
		}
	],
	"e": [
		{
			"where": "text/rfcs/rfc6838.txt",
			"count": 246,
			"score": 0.02626241
		}
	],
	"e f": [
		{
			"where": "text/rfcs/rfc6838.txt",
			"count": 611,
			"score": 0.06522900
		}
	],
	"e f g h": [
		{
			"where": "text/rfcs/rfc6838.txt",
			"count": 783,
			"score": 0.08359133
		}
	],
	"ea eb ec ed ee ef eg eh ei ej ek el em": [
		{
			"where": "text/rfcs/rfc6838.txt",
			"count": 57,
			"score": 0.00608519
		}
	],
	"ea ee ei eo eu": [
		{
			"where": "text/rfcs/rfc6838.txt",
			"count": 22,
			"score": 0.00234867
		}
	],
	"en eo ep eq er es et eu ev ew ex ey ez": [
		{
			"where": "text/rfcs/rfc6838.txt",
			"count": 188,
			"score": 0.02007046
		}
	],
	"f": [
		{
			"where": "text/rfcs/rfc6838.txt",
			"count": 365,
			"score": 0.03896658
		}
	],
	"f g h i j": [
		{
			"where": "text/rfcs/rfc6838.txt",
			"count": 1390,
			"score": 0.14839330
		}
	],
	"fa fb fc fd fe ff fg fh fi fj fk fl fm": [
		{
			"where": "text/rfcs/rfc6838.txt",
			"count": 65,
			"score": 0.00693925
		}
	],
	"fa fe fi fo fu": [
		{
			"where": "text/rfcs/rfc6838.txt",
			"count": 287,
			"score": 0.03063948
		}
	],
	"fn fo fp fq fr fs ft fu fv fw fx fy fz": [
		{
			"where": "text/rfcs/rfc6838.txt",
			"count": 299,
			"score": 0.03192057
		}
	],
	"g": [
		{
			"where": "text/rfcs/rfc6838.txt",
			"count": 51,
			"score": 0.00544465
		}
	],
	"g h": [
		{
			"where": "text/rfcs/rfc6838.txt",
			"count": 172,
			"score": 0.01836234
		}
	],
	"g h i": [
		{
			"where": "text/rfcs/rfc6838.txt",
			"count": 968,
			"score": 0.10334152
		}
	],
	"g h i j k l": [
		{
			"where": "text/rfcs/rfc6838.txt",
			"count": 1141,
			"score": 0.12181061
		}
	],
	"ga gb gc gd ge gf gg gh gi gj gk gl gm": [
		{
			"where": "text/rfcs/rfc6838.txt",
			"count": 34,
			"score": 0.00362976
		}
	],
	"ga ge gi go gu": [
		{
			"where": "text/rfcs/rfc6838.txt",
			"count": 44,
			"score": 0.00469734
		}
	],
	"gn go gp gq gr gs gt gu gv gw gx gy gz": [
		{
			"where": "text/rfcs/rfc6838.txt",
			"count": 17,
			"score": 0.00181488
		}
	],
	"h": [
		{
			"where": "text/rfcs/rfc6838.txt",
			"count": 121,
			"score": 0.01291769
		}
	],
	"h i j k l m n": [
		{
			"where": "text/rfcs/rfc6838.txt",
			"count": 1918,
			"score": 0.20476140
		}
	],
	"ha hb hc hd he hf hg hh hi hj hk hl hm": [
		{
			"where": "text/rfcs/rfc6838.txt",
			"count": 83,
			"score": 0.00886089
		}
	],
	"ha he hi ho hu": [
		{
			"where": "text/rfcs/rfc6838.txt",
			"count": 106,
			"score": 0.01131632
		}
	],
	"hn ho hp hq hr hs ht hu hv hw hx hy hz": [
		{
			"where": "text/rfcs/rfc6838.txt",
			"count": 36,
			"score": 0.00384328
		}
	],
	"i": [
		{
			"where": "text/rfcs/rfc6838.txt",
			"count": 796,
			"score": 0.08497918
		}
	],
	"i j": [
		{
			"where": "text/rfcs/rfc6838.txt",
			"count": 853,
			"score": 0.09106437
		}
	],
	"i j k l": [
		{
			"where": "text/rfcs/rfc6838.txt",
			"count": 969,
			"score": 0.10344828
		}
	],
	"i j k l m n o p": [
		{
			"where": "text/rfcs/rfc6838.txt",
			"count": 2839,
			"score": 0.30308530
		}
	],
	"ia ib ic id ie if ig ih ii ij ik il im": [
		{
			"where": "text/rfcs/rfc6838.txt",
			"count": 179,
			"score": 0.01910964
		}
	],
	"ia ie ii io iu": [
		{
			"where": "text/rfcs/rfc6838.txt",
			"count": 96,
			"score": 0.01024875
		}
	],
	"in io ip iq ir is it iu iv iw ix iy iz": [
		{
			"where": "text/rfcs/rfc6838.txt",
			"count": 617,
			"score": 0.06586954
		}
	],
	"j": [
		{
			"where": "text/rfcs/rfc6838.txt",
			"count": 57,
			"score": 0.00608519
		}
	],
	"j k l": [
		{
			"where": "text/rfcs/rfc6838.txt",
			"count": 173,
			"score": 0.01846909
		}
	],
	"j k l m n o p q r": [
		{
			"where": "text/rfcs/rfc6838.txt",
			"count": 2823,
			"score": 0.30137718
		}
	],
	"ja jb jc jd je jf jg jh ji jj jk jl jm": [
		{
			"where": "text/rfcs/rfc6838.txt",
			"count": 37,
			"score": 0.00395004
		}
	],
	"ja je ji jo ju": [
		{
			"where": "text/rfcs/rfc6838.txt",
			"count": 45,
			"score": 0.00480410
		}
	],
	"jn jo jp jq jr js jt ju jv jw jx jy jz": [
		{
			"where": "text/rfcs/rfc6838.txt",
			"count": 10,
			"score": 0.00106758
		}
	],
	"k": [
		{
			"where": "text/rfcs/rfc6838.txt",
			"count": 19,
			"score": 0.00202840
		}
	],
	"k l": [
		{
			"where": "text/rfcs/rfc6838.txt",
			"count": 116,
			"score": 0.01238390
		}
	],
	"k l m n o": [
		{
			"where": "text/rfcs/rfc6838.txt",
			"count": 1516,
			"score": 0.16184477
		}
	],
	"k l m n o p q r s t": [
		{
			"where": "text/rfcs/rfc6838.txt",
			"count": 5114,
			"score": 0.54595922
		}
	],
	"ka kb kc kd ke kf kg kh ki kj kk kl km": [
		{
			"where": "text/rfcs/rfc6838.txt",
			"count": 7,
			"score": 0.00074730
		}
	],
	"ka ke ki ko ku": [
		{
			"where": "text/rfcs/rfc6838.txt",
			"count": 5,
			"score": 0.00053379
		}
	],
	"kn ko kp kq kr ks kt ku kv kw kx ky kz": [
		{
			"where": "text/rfcs/rfc6838.txt",
			"count": 11,
			"score": 0.00117434
		}
	],
	"l": [
		{
			"where": "text/rfcs/rfc6838.txt",
			"count": 97,
			"score": 0.01035550
		}
	],
	"la lb lc ld le lf lg lh li lj lk ll lm": [
		{
			"where": "text/rfcs/rfc6838.txt",
			"count": 83,
			"score": 0.00886089
		}
	],
	"la le li lo lu": [
		{
			"where": "text/rfcs/rfc6838.txt",
			"count": 95,
			"score": 0.01014199
		}
	],
	"ln lo lp lq lr ls lt lu lv lw lx ly lz": [
		{
			"where": "text/rfcs/rfc6838.txt",
			"count": 12,
			"score": 0.00128109
		}
	],
	"m": [
		{
			"where": "text/rfcs/rfc6838.txt",
			"count": 542,
			"score": 0.05786271
		}
	],
	"m n": [
		{
			"where": "text/rfcs/rfc6838.txt",
			"count": 828,
			"score": 0.08839543
		}
	],
	"m n o": [
		{
			"where": "text/rfcs/rfc6838.txt",
			"count": 1400,
			"score": 0.14946087
		}
	],
	"m n o p": [
		{
			"where": "text/rfcs/rfc6838.txt",
			"count": 1870,
			"score": 0.19963702
		}
	],
	"m n o p q r": [
		{
			"where": "text/rfcs/rfc6838.txt",
			"count": 2650,
			"score": 0.28290808
		}
	],
	"ma mb mc md me mf mg mh mi mj mk ml mm": [
		{
			"where": "text/rfcs/rfc6838.txt",
			"count": 457,
			"score": 0.04878830
		}
	],
	"ma me mi mo mu": [
		{
			"where": "text/rfcs/rfc6838.txt",
			"count": 540,
			"score": 0.05764919
		}
	],
	"mn mo mp mq mr ms mt mu mv mw mx my mz": [
		{
			"where": "text/rfcs/rfc6838.txt",
			"count": 83,
			"score": 0.00886089
		}
	],
	"n": [
		{
			"where": "text/rfcs/rfc6838.txt",
			"count": 286,
			"score": 0.03053272
		}
	],
	"na nb nc nd ne nf ng nh ni nj nk nl nm": [
		{
			"where": "text/rfcs/rfc6838.txt",
			"count": 132,
			"score": 0.01409203
		}
	],
	"na ne ni no nu": [
		{
			"where": "text/rfcs/rfc6838.txt",
			"count": 275,
			"score": 0.02935839
		}
	],
	"nn no np nq nr ns nt nu nv nw nx ny nz": [
		{
			"where": "text/rfcs/rfc6838.txt",
			"count": 144,
			"score": 0.01537312
		}
	],
	"o": [
		{
			"where": "text/rfcs/rfc6838.txt",
			"count": 572,
			"score": 0.06106544
		}
	],
	"o p": [
		{
			"where": "text/rfcs/rfc6838.txt",
			"count": 1042,
			"score": 0.11124159
		}
	],
	"o p q r s t u": [
		{
			"where": "text/rfcs/rfc6838.txt",
			"count": 4332,
			"score": 0.46247465
		}
	],
	"oa ob oc od oe of og oh oi oj ok ol om": [
		{
			"where": "text/rfcs/rfc6838.txt",
			"count": 292,
			"score": 0.03117327
		}
	],
	"oa oe oi oo ou": [
		{
			"where": "text/rfcs/rfc6838.txt",
			"count": 7,
			"score": 0.00074730
		}
	],
	"on oo op oq or os ot ou ov ow ox oy oz": [
		{
			"where": "text/rfcs/rfc6838.txt",
			"count": 250,
			"score": 0.02668944
		}
	],
	"p": [
		{
			"where": "text/rfcs/rfc6838.txt",
			"count": 470,
			"score": 0.05017615
		}
	],
	"p q r": [
		{
			"where": "text/rfcs/rfc6838.txt",
			"count": 1250,
			"score": 0.13344721
		}
	],
	"p q r s t": [
		{
			"where": "text/rfcs/rfc6838.txt",
			"count": 3598,
			"score": 0.38411444
		}
	],
	"pa pb pc pd pe pf pg ph pi pj pk pl pm": [
		{
			"where": "text/rfcs/rfc6838.txt",
			"count": 163,
			"score": 0.01740152
		}
	],
	"pa pe pi po pu": [
		{
			"where": "text/rfcs/rfc6838.txt",
			"count": 218,
			"score": 0.02327319
		}
	],
	"pn po pp pq pr ps pt pu pv pw px py pz": [
		{
			"where": "text/rfcs/rfc6838.txt",
			"count": 304,
			"score": 0.03245436
		}
	],
	"q": [
		{
			"where": "text/rfcs/rfc6838.txt",
			"count": 8,
			"score": 0.00085406
		}
	],
	"q r": [
		{
			"where": "text/rfcs/rfc6838.txt",
			"count": 780,
			"score": 0.08327106
		}
	],
	"q r s t": [
		{
			"where": "text/rfcs/rfc6838.txt",
			"count": 3128,
			"score": 0.33393829
		}
	],
	"q r s t u v w x": [
		{
			"where": "text/rfcs/rfc6838.txt",
			"count": 3608,
			"score": 0.38518202
		}
	],
	"qa qb qc qd qe qf qg qh qi qj qk ql qm": [
	],
	"qa qe qi qo qu": [
		{
			"where": "text/rfcs/rfc6838.txt",
			"count": 8,
			"score": 0.00085406
		}
	],
	"qn qo qp qq qr qs qt qu qv qw qx qy qz": [
		{
			"where": "text/rfcs/rfc6838.txt",
			"count": 8,
			"score": 0.00085406
		}
	],
	"r": [
		{
			"where": "text/rfcs/rfc6838.txt",
			"count": 772,
			"score": 0.08241700
		}
	],
	"ra rb rc rd re rf rg rh ri rj rk rl rm": [
		{
			"where": "text/rfcs/rfc6838.txt",
			"count": 759,
			"score": 0.08102914
		}
	],
	"ra re ri ro ru": [
		{
			"where": "text/rfcs/rfc6838.txt",
			"count": 630,
			"score": 0.06725739
		}
	],
	"rn ro rp rq rr rs rt ru rv rw rx ry rz": [
		{
			"where": "text/rfcs/rfc6838.txt",
			"count": 11,
			"score": 0.00117434
		}
	],
	"s": [
		{
			"where": "text/rfcs/rfc6838.txt",
			"count": 724,
			"score": 0.07729262
		}
	],
	"s t": [
		{
			"where": "text/rfcs/rfc6838.txt",
			"count": 2348,
			"score": 0.25066724
		}
	],
	"s t u": [
		{
			"where": "text/rfcs/rfc6838.txt",
			"count": 2510,
			"score": 0.26796199
		}
	],
	"s t u v w x": [
		{
			"where": "text/rfcs/rfc6838.txt",
			"count": 2828,
			"score": 0.30191096
		}
	],
	"sa sb sc sd se sf sg sh si sj sk sl sm": [
		{
			"where": "text/rfcs/rfc6838.txt",
			"count": 200,
			"score": 0.02135155
		}
	],
	"sa se si so su": [
		{
			"where": "text/rfcs/rfc6838.txt",
			"count": 376,
			"score": 0.04014092
		}
	],
	"sn so sp sq sr ss st su sv sw sx sy sz": [
		{
			"where": "text/rfcs/rfc6838.txt",
			"count": 516,
			"score": 0.05508701
		}
	],
	"t": [
		{
			"where": "text/rfcs/rfc6838.txt",
			"count": 1624,
			"score": 0.17337461
		}
	],
	"ta tb tc td te tf tg th ti tj tk tl tm": [
		{
			"where": "text/rfcs/rfc6838.txt",
			"count": 914,
			"score": 0.09757660
		}
	],
	"ta te ti to tu": [
		{
			"where": "text/rfcs/rfc6838.txt",
			"count": 343,
			"score": 0.03661791
		}
	],
	"tn to tp tq tr ts tt tu tv tw tx ty tz": [
		{
			"where": "text/rfcs/rfc6838.txt",
			"count": 705,
			"score": 0.07526423
		}
	],
	"u": [
		{
			"where": "text/rfcs/rfc6838.txt",
			"count": 162,
			"score": 0.01729476
		}
	],
	"u v": [
		{
			"where": "text/rfcs/rfc6838.txt",
			"count": 233,
			"score": 0.02487456
		}
	],
	"u v w x": [
		{
			"where": "text/rfcs/rfc6838.txt",
			"count": 480,
			"score": 0.05124373
		}
	],
	"u v w x y": [
		{
			"where": "text/rfcs/rfc6838.txt",
			"count": 483,
			"score": 0.05156400
		}
	],
	"ua ub uc ud ue uf ug uh ui uj uk ul um": [
	],
	"ua ue ui uo uu": [
	],
	"un uo up uq ur us ut uu uv uw ux uy uz": [
		{
			"where": "text/rfcs/rfc6838.txt",
			"count": 162,
			"score": 0.01729476
		}
	],
	"v": [
		{
			"where": "text/rfcs/rfc6838.txt",
			"count": 71,
			"score": 0.00757980
		}
	],
	"v w x": [
		{
			"where": "text/rfcs/rfc6838.txt",
			"count": 318,
			"score": 0.03394897
		}
	],
	"va vb vc vd ve vf vg vh vi vj vk vl vm": [
		{
			"where": "text/rfcs/rfc6838.txt",
			"count": 68,
			"score": 0.00725953
		}
	],
	"va ve vi vo vu": [
		{
			"where": "text/rfcs/rfc6838.txt",
			"count": 68,
			"score": 0.00725953
		}
	],
	"vn vo vp vq vr vs vt vu vv vw vx vy vz": [
		{
			"where": "text/rfcs/rfc6838.txt",
			"count": 3,
			"score": 0.00032027
		}
	],
	"w": [
		{
			"where": "text/rfcs/rfc6838.txt",
			"count": 228,
			"score": 0.02434077
		}
	],
	"w x": [
		{
			"where": "text/rfcs/rfc6838.txt",
			"count": 247,
			"score": 0.02636917
		}
	],
	"wa wb wc wd we wf wg wh wi wj wk wl wm": [
		{
			"where": "text/rfcs/rfc6838.txt",
			"count": 211,
			"score": 0.02252589
		}
	],
	"wa we wi wo wu": [
		{
			"where": "text/rfcs/rfc6838.txt",
			"count": 155,
			"score": 0.01654745
		}
	],
	"wn wo wp wq wr ws wt wu wv ww wx wy wz": [
		{
			"where": "text/rfcs/rfc6838.txt",
			"count": 17,
			"score": 0.00181488
		}
	],
	"x": [
		{
			"where": "text/rfcs/rfc6838.txt",
			"count": 19,
			"score": 0.00202840
		}
	],
	"xa xb xc xd xe xf xg xh xi xj xk xl xm": [
		{
			"where": "text/rfcs/rfc6838.txt",
			"count": 8,
			"score": 0.00085406
		}
	],
	"xa xe xi xo xu": [
	],
	"xn xo xp xq xr xs xt xu xv xw xx xy xz": [
	],
	"y": [
		{
			"where": "text/rfcs/rfc6838.txt",
			"count": 3,
			"score": 0.00032027
		}
	],
	"y z": [
		{
			"where": "text/rfcs/rfc6838.txt",
			"count": 4,
			"score": 0.00042703
		}
	],
	"ya yb yc yd ye yf yg yh yi yj yk yl ym": [
		{
			"where": "text/rfcs/rfc6838.txt",
			"count": 2,
			"score": 0.00021352
		}
	],
	"ya ye yi yo yu": [
		{
			"where": "text/rfcs/rfc6838.txt",
			"count": 3,
			"score": 0.00032027
		}
	],
	"yn yo yp yq yr ys yt yu yv yw yx yy yz": [
		{
			"where": "text/rfcs/rfc6838.txt",
			"count": 1,
			"score": 0.00010676
		}
	],
	"z": [
		{
			"where": "text/rfcs/rfc6838.txt",
			"count": 1,
			"score": 0.00010676
		}
	],
	"za zb zc zd ze zf zg zh zi zj zk zl zm": [
		{
			"where": "text/rfcs/rfc6838.txt",
			"count": 1,
			"score": 0.00010676
		}
	],
	"za ze zi zo zu": [
		{
			"where": "text/rfcs/rfc6838.txt",
			"count": 1,
			"score": 0.00010676
		}
	],
	"zn zo zp zq zr zs zt zu zv zw zx zy zz": [
	]
}