{
	"a": [
		{
			"where": "text/rfcs/rfc5646.txt",
			"count": 2953,
			"score": 0.10906741
		}
	],
	"a b": [
		{
			"where": "text/rfcs/rfc5646.txt",
			"count": 3931,
			"score": 0.14518929
		}
	],
	"a b c": [
		{
			"where": "text/rfcs/rfc5646.txt",
			"count": 5362,
			"score": 0.19804247
		}
	],
	"a b c d": [
		{
			"where": "text/rfcs/rfc5646.txt",
			"count": 6278,
			"score": 0.23187442
		}
	],
	"a b c d e": [
		{
			"where": "text/rfcs/rfc5646.txt",
			"count": 7125,
			"score": 0.26315789
		}
	],
	"a b c d e f": [
		{
			"where": "text/rfcs/rfc5646.txt",
			"count": 8355,
			"score": 0.30858726
		}
	],
	"a b c d e f g": [
		{
			"where": "text/rfcs/rfc5646.txt",
			"count": 8584,
			"score": 0.31704524
		}
	],
	"a b c d e f g h": [
		{
			"where": "text/rfcs/rfc5646.txt",
			"count": 8868,
			"score": 0.32753463
		}
	],
	"a b c d e f g h i": [
		{
			"where": "text/rfcs/rfc5646.txt",
			"count": 11148,
			"score": 0.41174515
		}
	],
	"a b c d e f g h i j": [
		{
			"where": "text/rfcs/rfc5646.txt",
			"count": 11189,
			"score": 0.41325946
		}
	],
	"a b c d e f g h i j k l m n o p q r s t u v w x y z": [
		{
			"where": "text/rfcs/rfc5646.txt",
			"count": 27075,
			"score": 1.00000000
		}
	],
	"aa ab ac ad ae af ag ah ai aj ak al am": [
		{
			"where": "text/rfcs/rfc5646.txt",
			"count": 588,
			"score": 0.02171745
		}
	],
	"aa ae ai ao au": [
		{
			"where": "text/rfcs/rfc5646.txt",
			"count": 63,
			"score": 0.00232687
		}
	],
	"aa ee ii oo uu": [
		{
			"where": "text/rfcs/rfc5646.txt",
			"count": 4,
			"score": 0.00014774
		}
	],
	"an ao ap aq ar as at au av aw ax ay az": [
		{
			"where": "text/rfcs/rfc5646.txt",
			"count": 1750,
			"score": 0.06463527
		}
	],
	"b": [
		{
			"where": "text/rfcs/rfc5646.txt",
			"count": 978,
			"score": 0.03612188
		}
	],
	"ba bb bc bd be bf bg bh bi bj bk bl bm": [
		{
			"where": "text/rfcs/rfc5646.txt",
			"count": 645,
			"score": 0.02382271
		}
	],
	"ba be bi bo bu": [
		{
			"where": "text/rfcs/rfc5646.txt",
			"count": 734,
			"score": 0.02710988
		}
	],
	"bn bo bp bq br bs bt bu bv bw bx by bz": [
		{
			"where": "text/rfcs/rfc5646.txt",
			"count": 319,
			"score": 0.01178209
		}
	],
	"c": [
		{
			"where": "text/rfcs/rfc5646.txt",
			"count": 1431,
			"score": 0.05285319
		}
	],
	"c d": [
		{
			"where": "text/rfcs/rfc5646.txt",
			"count": 2347,
			"score": 0.08668513
		}
	],
	"ca cb cc cd ce cf cg ch ci cj ck cl cm": [
		{
			"where": "text/rfcs/rfc5646.txt",
			"count": 504,
			"score": 0.01861496
		}
	],
	"ca ce ci co cu": [
		{
			"where": "text/rfcs/rfc5646.txt",
			"count": 1087,
			"score": 0.04014774
		}
	],
	"cn co cp cq cr cs ct cu cv cw cx cy cz": [
		{
			"where": "text/rfcs/rfc5646.txt",
			"count": 917,
			"score": 0.03386888
		}
	],
	"d": [
		{
			"where": "text/rfcs/rfc5646.txt",
			"count": 916,
			"score": 0.03383195
		}
	],
	"d e f": [
		{
			"where": "text/rfcs/rfc5646.txt",
			"count": 2993,
			"score": 0.11054478
		}
	],
	"da db dc dd de df dg dh di dj dk dl dm": [
		{
			"where": "text/rfcs/rfc5646.txt",
			"count": 667,
			"score": 0.02463527
		}
	],
	"da de di do du": [
		{
			"where": "text/rfcs/rfc5646.txt",
			"count": 903,
			"score": 0.03335180
		}
	],
	"dn do dp dq dr ds dt du dv dw dx dy dz": [
		{
			"where": "text/rfcs/rfc5646.txt",
			"count": 243,
			"score": 0.00897507
		}
	],
	"e": [
		{
			"where": "text/rfcs/rfc5646.txt",
			"count": 847,
			"score": 0.03128347
		}
	],
	"e f": [
		{
			"where": "text/rfcs/rfc5646.txt",
			"count": 2077,
			"score": 0.07671283
		}
	],
	"e f g h": [
		{
			"where": "text/rfcs/rfc5646.txt",
			"count": 2590,
			"score": 0.09566020
		}
	],
	"ea eb ec ed ee ef eg eh ei ej ek el em": [
		{
			"where": "text/rfcs/rfc5646.txt",
			"count": 144,
			"score": 0.00531856
		}
	],
	"ea ee ei eo eu": [
		{
			"where": "text/rfcs/rfc5646.txt",
			"count": 101,
			"score": 0.00373038
		}
	],
	"en eo ep eq er es et eu ev ew ex ey ez": [
		{
			"where": "text/rfcs/rfc5646.txt",
			"count": 699,
			"score": 0.02581717
		}
	],
	"f": [
		{
			"where": "text/rfcs/rfc5646.txt",
			"count": 1230,
			"score": 0.04542936
		}
	],
	"f g h i j": [
		{
			"where": "text/rfcs/rfc5646.txt",
			"count": 4064,
			"score": 0.15010157
		}
	],
	"fa fb fc fd fe ff fg fh fi fj fk fl fm": [
		{
			"where": "text/rfcs/rfc5646.txt",
			"count": 391,
			"score": 0.01444137
		}
	],
	"fa fe fi fo fu": [
		{
			"where": "text/rfcs/rfc5646.txt",
			"count": 1121,
			"score": 0.04140351
		}
	],
	"fn fo fp fq fr fs ft fu fv fw fx fy fz": [
		{
			"where": "text/rfcs/rfc5646.txt",
			"count": 835,
			"score": 0.03084026
		}
	],
	"g": [
		{
			"where": "text/rfcs/rfc5646.txt",
			"count": 229,
			"score": 0.00845799
		}
	],
	"g h": [
		{
			"where": "text/rfcs/rfc5646.txt",
			"count": 513,
			"score": 0.01894737
		}
	],
	"g h i": [
		{
			"where": "text/rfcs/rfc5646.txt",
			"count": 2793,
			"score": 0.10315789
		}
	],
	"g h i j k l": [
		{
			"where": "text/rfcs/rfc5646.txt",
			"count": 4000,
			"score": 0.14773777
		}
	],
	"ga gb gc gd ge gf gg gh gi gj gk gl gm": [
		{
			"where": "text/rfcs/rfc5646.txt",
			"count": 99,
			"score": 0.00365651
		}
	],
	"ga ge gi go gu": [
		{
			"where": "text/rfcs/rfc5646.txt",
			"count": 137,
			"score": 0.00506002
		}
	],
	"gn go gp gq gr gs gt gu gv gw gx gy gz": [
		{
			"where": "text/rfcs/rfc5646.txt",
			"count": 129,
			"score": 0.00476454
		}
	],
	"h": [
		{
			"where": "text/rfcs/rfc5646.txt",
			"count": 284,
			"score": 0.01048938
		}
	],
	"h i j k l m n": [
		{
			"where": "text/rfcs/rfc5646.txt",
			"count": 5343,
			"score": 0.19734072
		}
	],
	"ha hb hc hd he hf hg hh hi hj hk hl hm": [
		{
			"where": "text/rfcs/rfc5646.txt",
			"count": 213,
			"score": 0.00786704
		}
	],
	"ha he hi ho hu": [
		{
			"where": "text/rfcs/rfc5646.txt",
			"count": 250,
			"score": 0.00923361
		}
	],
	"hn ho hp hq hr hs ht hu hv hw hx hy hz": [
		{
			"where": "text/rfcs/rfc5646.txt",
			"count": 65,
			"score": 0.00240074
		}
	],
	"i": [
		{
			"where": "text/rfcs/rfc5646.txt",
			"count": 2280,
			"score": 0.08421053
		}
	],
	"i j": [
		{
			"where": "text/rfcs/rfc5646.txt",
			"count": 2321,
			"score": 0.08572484
		}
	],
	"i j k l": [
		{
			"where": "text/rfcs/rfc5646.txt",
			"count": 3487,
			"score": 0.12879040
		}
	],
	"i j k l m n o p": [
		{
			"where": "text/rfcs/rfc5646.txt",
			"count": 7956,
			"score": 0.29385042
		}
	],
	"ia ib ic id ie if ig ih ii ij ik il im": [
		{
			"where": "text/rfcs/rfc5646.txt",
			"count": 331,
			"score": 0.01222530
		}
	],
	"ia ie ii io iu": [
		{
			"where": "text/rfcs/rfc5646.txt",
			"count": 143,
			"score": 0.00528163
		}
	],
	"in io ip iq ir is it iu iv iw ix iy iz": [
		{
			"where": "text/rfcs/rfc5646.txt",
			"count": 1944,
			"score": 0.07180055
		}
	],
	"j": [
		{
			"where": "text/rfcs/rfc5646.txt",
			"count": 41,
			"score": 0.00151431
		}
	],
	"j k l": [
		{
			"where": "text/rfcs/rfc5646.txt",
			"count": 1207,
			"score": 0.04457987
		}
	],
	"j k l m n o p q r": [
		{
			"where": "text/rfcs/rfc5646.txt",
			"count": 7348,
			"score": 0.27139428
		}
	],
	"ja jb jc jd je jf jg jh ji jj jk jl jm": [
		{
			"where": "text/rfcs/rfc5646.txt",
			"count": 17,
			"score": 0.00062789
		}
	],
	"ja je ji jo ju": [
		{
			"where": "text/rfcs/rfc5646.txt",
			"count": 35,
			"score": 0.00129271
		}
	],
	"jn jo jp jq jr js jt ju jv jw jx jy jz": [
		{
			"where": "text/rfcs/rfc5646.txt",
			"count": 22,
			"score": 0.00081256
		}
	],
	"k": [
		{
			"where": "text/rfcs/rfc5646.txt",
			"count": 35,
			"score": 0.00129271
		}
	],
	"k l": [
		{
			"where": "text/rfcs/rfc5646.txt",
			"count": 1166,
			"score": 0.04306556
		}
	],
	"k l m n o": [
		{
			"where": "text/rfcs/rfc5646.txt",
			"count": 4478,
			"score": 0.16539243
		}
	],
	"k l m n o p q r s t": [
		{
			"where": "text/rfcs/rfc5646.txt",
			"count": 13890,
			"score": 0.51301939
		}
	],
	"ka kb kc kd ke kf kg kh ki kj kk kl km": [
		{
			"where": "text/rfcs/rfc5646.txt",
			"count": 14,
			"score": 0.00051708
		}
	],
	"ka ke ki ko ku": [
		{
			"where": "text/rfcs/rfc5646.txt",
			"count": 19,
			"score": 0.00070175
		}
	],
	"kn ko kp kq kr ks kt ku kv kw kx ky kz": [
		{
			"where": "text/rfcs/rfc5646.txt",
			"count": 19,
			"score": 0.00070175
		}
	],
	"l": [
		{
			"where": "text/rfcs/rfc5646.txt",
			"count": 1131,
			"score": 0.04177285
		}
	],
	"la lb lc ld le lf lg lh li lj lk ll lm": [
		{
			"where": "text/rfcs/rfc5646.txt",
			"count": 1080,
			"score": 0.03988920
		}
	],
	"la le li lo lu": [
		{
			"where": "text/rfcs/rfc5646.txt",
			"count": 1128,
			"score": 0.04166205
		}
	],
	"ln lo lp lq lr ls lt lu lv lw lx ly lz": [
		{
			"where": "text/rfcs/rfc5646.txt",
			"count": 50,
			"score": 0.00184672
		}
	],
	"m": [
		{
			"where": "text/rfcs/rfc5646.txt",
			"count": 955,
			"score": 0.03527239
		}
	],
	"m n": [
		{
			"where": "text/rfcs/rfc5646.txt",
			"count": 1572,
			"score": 0.05806094
		}
	],
	"m n o": [
		{
			"where": "text/rfcs/rfc5646.txt",
			"count": 3312,
			"score": 0.12232687
		}
	],
	"m n o p": [
		{
			"where": "text/rfcs/rfc5646.txt",
			"count": 4469,
			"score": 0.16506002
		}
	],
	"m n o p q r": [
		{
			"where": "text/rfcs/rfc5646.txt",
			"count": 6141,
			"score": 0.22681440
		}
	],
	"ma mb mc md me mf mg mh mi mj mk ml mm": [
		{
			"where": "text/rfcs/rfc5646.txt",
			"count": 579,
			"score": 0.02138504
		}
	],
	"ma me mi mo mu": [
		{
			"where": "text/rfcs/rfc5646.txt",
			"count": 925,
			"score": 0.03416436
		}
	],
	"mn mo mp mq mr ms mt mu mv mw mx my mz": [
		{
			"where": "text/rfcs/rfc5646.txt",
			"count": 354,
			"score": 0.01307479
		}
	],
	"n": [
		{
			"where": "text/rfcs/rfc5646.txt",
			"count": 617,
			"score": 0.02278855
		}
	],
	"na nb nc nd ne nf ng nh ni nj nk nl nm": [
		{
			"where": "text/rfcs/rfc5646.txt",
			"count": 172,
			"score": 0.00635272
		}
	],
	"na ne ni no nu": [
		{
			"where": "text/rfcs/rfc5646.txt",
			"count": 603,
			"score": 0.02227147
		}
	],
	"nn no np nq nr ns nt nu nv nw nx ny nz": [
		{
			"where": "text/rfcs/rfc5646.txt",
			"count": 442,
			"score": 0.01632502
		}
	],
	"o": [
		{
			"where": "text/rfcs/rfc5646.txt",
			"count": 1740,
			"score": 0.06426593
		}
	],
	"o p": [
		{
			"where": "text/rfcs/rfc5646.txt",
			"count": 2897,
			"score": 0.10699908
		}
	],
	"o p q r s t u": [
		{
			"where": "text/rfcs/rfc5646.txt",
			"count": 11851,
			"score": 0.43771006
		}
	],
	"oa ob oc od oe of og oh oi oj ok ol om": [
		{
			"where": "text/rfcs/rfc5646.txt",
			"count": 822,
			"score": 0.03036011
		}
	],
	"oa oe oi oo ou": [
		{
			"where": "text/rfcs/rfc5646.txt",
			"count": 16,
			"score": 0.00059095
		}
	],
	"on oo op oq or os ot ou ov ow ox oy oz": [
		{
			"where": "text/rfcs/rfc5646.txt",
			"count": 820,
			"score": 0.03028624
		}
	],
	"p": [
		{
			"where": "text/rfcs/rfc5646.txt",
			"count": 1157,
			"score": 0.04273315
		}
	],
	"p q r": [
		{
			"where": "text/rfcs/rfc5646.txt",
			"count": 2829,
			"score": 0.10448753
		}
	],
	"p q r s t": [
		{
			"where": "text/rfcs/rfc5646.txt",
			"count": 9412,
			"score": 0.34762696
		}
	],
	"pa pb pc pd pe pf pg ph pi pj pk pl pm": [
		{
			"where": "text/rfcs/rfc5646.txt",
			"count": 340,
			"score": 0.01255771
		}
	],
	"pa pe pi po pu": [
		{
			"where": "text/rfcs/rfc5646.txt",
			"count": 319,
			"score": 0.01178209
		}
	],
	"pn po pp pq pr ps pt pu pv pw px py pz": [
		{
			"where": "text/rfcs/rfc5646.txt",
			"count": 814,
			"score": 0.03006464
		}
	],
	"q": [
		{
			"where": "text/rfcs/rfc5646.txt",
			"count": 19,
			"score": 0.00070175
		}
	],
	"q r": [
		{
			"where": "text/rfcs/rfc5646.txt",
			"count": 1672,
			"score": 0.06175439
		}
	],
	"q r s t": [
		{
			"where": "text/rfcs/rfc5646.txt",
			"count": 8255,
			"score": 0.30489381
		}
	],
	"q r s t u v w x": [
		{
			"where": "text/rfcs/rfc5646.txt",
			"count": 10129,
			"score": 0.37410896
		}
	],
	"qa qb qc qd qe qf qg qh qi qj qk ql qm": [
		{
			"where": "text/rfcs/rfc5646.txt",
			"count": 6,
			"score": 0.00022161
		}
	],
	"qa qe qi qo qu": [
		{
			"where": "text/rfcs/rfc5646.txt",
			"count": 15,
			"score": 0.00055402
		}
	],
	"qn qo qp qq qr qs qt qu qv qw qx qy qz": [
		{
			"where": "text/rfcs/rfc5646.txt",
			"count": 13,
			"score": 0.00048015
		}
	],
	"r": [
		{
			"where": "text/rfcs/rfc5646.txt",
			"count": 1653,
			"score": 0.06105263
		}
	],
	"ra rb rc rd re rf rg rh ri rj rk rl rm": [
		{
			"where": "text/rfcs/rfc5646.txt",
			"count": 1585,
			"score": 0.05854109
		}
	],
	"ra re ri ro ru": [
		{
			"where": "text/rfcs/rfc5646.txt",
			"count": 1414,
			"score": 0.05222530
		}
	],
	"rn ro rp rq rr rs rt ru rv rw rx ry rz": [
		{
			"where": "text/rfcs/rfc5646.txt",
			"count": 65,
			"score": 0.00240074
		}
	],
	"s": [
		{
			"where": "text/rfcs/rfc5646.txt",
			"count": 2321,
			"score": 0.08572484
		}
	],
	"s t": [
		{
			"where": "text/rfcs/rfc5646.txt",
			"count": 6583,
			"score": 0.24313943
		}
	],
	"s t u": [
		{
			"where": "text/rfcs/rfc5646.txt",
			"count": 7282,
			"score": 0.26895660
		}
	],
	"s t u v w x": [
		{
			"where": "text/rfcs/rfc5646.txt",
			"count": 8457,
			"score": 0.31235457
		}
	],
	"sa sb sc sd se sf sg sh si sj sk sl sm": [
		{
			"where": "text/rfcs/rfc5646.txt",
			"count": 919,
			"score": 0.03394275
		}
	],
	"sa se si so su": [
		{
			"where": "text/rfcs/rfc5646.txt",
			"count": 1685,
			"score": 0.06223453
		}
	],
	"sn so sp sq sr ss st su sv sw sx sy sz": [
		{
			"where": "text/rfcs/rfc5646.txt",
			"count": 1399,
			"score": 0.05167128
		}
	],
	"t": [
		{
			"where": "text/rfcs/rfc5646.txt",
			"count": 4262,
			"score": 0.15741459
		}
	],
	"ta tb tc td te tf tg th ti tj tk tl tm": [
		{
			"where": "text/rfcs/rfc5646.txt",
			"count": 3440,
			"score": 0.12705448
		}
	],
	"ta te ti to tu": [
		{
			"where": "text/rfcs/rfc5646.txt",
			"count": 1294,
			"score": 0.04779317
		}
	],
	"tn to tp tq tr ts tt tu tv tw tx ty tz": [
		{
			"where": "text/rfcs/rfc5646.txt",
			"count": 819,
			"score": 0.03024931
		}
	],
	"u": [
		{
			"where": "text/rfcs/rfc5646.txt",
			"count": 699,
			"score": 0.02581717
		}
	],
	"u v": [
		{
			"where": "text/rfcs/rfc5646.txt",
			"count": 1049,
			"score": 0.03874423
		}
	],
	"u v w x": [
		{
			"where": "text/rfcs/rfc5646.txt",
			"count": 1874,
			"score": 0.06921514
		}
	],
	"u v w x y": [
		{
			"where": "text/rfcs/rfc5646.txt",
			"count": 1903,
			"score": 0.07028624
		}
	],
	"ua ub uc ud ue uf ug uh ui uj uk ul um": [
		{
			"where": "text/rfcs/rfc5646.txt",
			"count": 10,
			"score": 0.00036934
		}
	],
	"ua ue ui uo uu": [
		{
			"where": "text/rfcs/rfc5646.txt",
			"count": 6,
			"score": 0.00022161
		}
	],
	"un uo up uq ur us ut uu uv uw ux uy uz": [
		{
			"where": "text/rfcs/rfc5646.txt",
			"count": 684,
			"score": 0.02526316
		}
	],
	"v": [
		{
			"where": "text/rfcs/rfc5646.txt",
			"count": 350,
			"score": 0.01292705
		}
	],
	"v w x": [
		{
			"where": "text/rfcs/rfc5646.txt",
			"count": 1175,
			"score": 0.04339797
		}
	],
	"va vb vc vd ve vf vg vh vi vj vk vl vm": [
		{
			"where": "text/rfcs/rfc5646.txt",
			"count": 348,
			"score": 0.01285319
		}
	],
	"va ve vi vo vu": [
		{
			"where": "text/rfcs/rfc5646.txt",
			"count": 349,
			"score": 0.01289012
		}
	],
	"vn vo vp vq vr vs vt vu vv vw vx vy vz": [
		{
			"where": "text/rfcs/rfc5646.txt",
			"count": 2,
			"score": 0.00007387
		}
	],
	"w": [
		{
			"where": "text/rfcs/rfc5646.txt",
			"count": 790,
			"score": 0.02917821
		}
	],
	"w x": [
		{
			"where": "text/rfcs/rfc5646.txt",
			"count": 825,
			"score": 0.03047091
		}
	],
	"wa wb wc wd we wf wg wh wi wj wk wl wm": [
		{
			"where": "text/rfcs/rfc5646.txt",
			"count": 689,
			"score": 0.02544783
		}
	],
	"wa we wi wo wu": [
		{
			"where": "text/rfcs/rfc5646.txt",
			"count": 506,
			"score": 0.01868883
		}
	],
	"wn wo wp wq wr ws wt wu wv ww wx wy wz": [
		{
			"where": "text/rfcs/rfc5646.txt",
			"count": 98,
			"score": 0.00361958
		}
	],
	"x": [
		{
			"where": "text/rfcs/rfc5646.txt",
			"count": 35,
			"score": 0.00129271
		}
	],
	"xa xb xc xd xe xf xg xh xi xj xk xl xm": [
		{
			"where": "text/rfcs/rfc5646.txt",
			"count": 9,
			"score": 0.00033241
		}
	],
	"xa xe xi xo xu": [
		{
			"where": "text/rfcs/rfc5646.txt",
			"count": 4,
			"score": 0.00014774
		}
	],
	"xn xo xp xq xr xs xt xu xv xw xx xy xz": [
		{
			"where": "text/rfcs/rfc5646.txt",
			"count": 7,
			"score": 0.00025854
		}
	],
	"y": [
		{
			"where": "text/rfcs/rfc5646.txt",
			"count": 29,
			"score": 0.00107110
		}
	],
	"y z": [
		{
			"where": "text/rfcs/rfc5646.txt",
			"count": 122,
			"score": 0.00450600
		}
	],
	"ya yb yc yd ye yf yg yh yi yj yk yl ym": [
		{
			"where": "text/rfcs/rfc5646.txt",
			"count": 10,
			"score": 0.00036934
		}
	],
	"ya ye yi yo yu": [
		{
			"where": "text/rfcs/rfc5646.txt",
			"count": 24,
			"score": 0.00088643
		}
	],
	"yn yo yp yq yr ys yt yu yv yw yx yy yz": [
		{
			"where": "text/rfcs/rfc5646.txt",
			"count": 17,
			"score": 0.00062789
		}
	],
	"z": [
		{
			"where": "text/rfcs/rfc5646.txt",
			"count": 93,
			"score": 0.00343490
		}
	],
	"za zb zc zd ze zf zg zh zi zj zk zl zm": [
		{
			"where": "text/rfcs/rfc5646.txt",
			"count": 78,
			"score": 0.00288089
		}
	],
	"za ze zi zo zu": [
		{
			"where": "text/rfcs/rfc5646.txt",
			"count": 4,
			"score": 0.00014774
		}
	],
	"zn zo zp zq zr zs zt zu zv zw zx zy zz": [
		{
			"where": "text/rfcs/rfc5646.txt",
			"count": 11,
			"score": 0.00040628
		}
	]
}