{
	"a": [
		{
			"where": "text/guten/pg1322.txt",
			"count": 13949,
			"score": 0.11215727
		}
	],
	"a b": [
		{
			"where": "text/guten/pg1322.txt",
			"count": 19149,
			"score": 0.15396800
		}
	],
	"a b c": [
		{
			"where": "text/guten/pg1322.txt",
			"count": 23835,
			"score": 0.19164590
		}
	],
	"a b c d": [
		{
			"where": "text/guten/pg1322.txt",
			"count": 27414,
			"score": 0.22042293
		}
	],
	"a b c d e": [
		{
			"where": "text/guten/pg1322.txt",
			"count": 30164,
			"score": 0.24253437
		}
	],
	"a b c d e f": [
		{
			"where": "text/guten/pg1322.txt",
			"count": 35660,
			"score": 0.28672509
		}
	],
	"a b c d e f g": [
		{
			"where": "text/guten/pg1322.txt",
			"count": 38023,
			"score": 0.30572485
		}
	],
	"a b c d e f g h": [
		{
			"where": "text/guten/pg1322.txt",
			"count": 42796,
			"score": 0.34410228
		}
	],
	"a b c d e f g h i": [
		{
			"where": "text/guten/pg1322.txt",
			"count": 51223,
			"score": 0.41185977
		}
	],
	"a b c d e f g h i j": [
		{
			"where": "text/guten/pg1322.txt",
			"count": 51684,
			"score": 0.41556645
		}
	],
	"a b c d e f g h i j k l m n o p q r s t u v w x y z": [
		{
			"where": "text/guten/pg1322.txt",
			"count": 124370,
			"score": 1.00000000
		}
	],
	"aa ab ac ad ae af ag ah ai aj ak al am": [
		{
			"where": "text/guten/pg1322.txt",
			"count": 3350,
			"score": 0.02693576
		}
	],
	"aa ae ai ao au": [
		{
			"where": "text/guten/pg1322.txt",
			"count": 217,
			"score": 0.00174479
		}
	],
	"aa ee ii oo uu": [
		{
			"where": "text/guten/pg1322.txt",
			"count": 21,
			"score": 0.00016885
		}
	],
	"an ao ap aq ar as at au av aw ax ay az": [
		{
			"where": "text/guten/pg1322.txt",
			"count": 9287,
			"score": 0.07467235
		}
	],
	"b": [
		{
			"where": "text/guten/pg1322.txt",
			"count": 5200,
			"score": 0.04181073
		}
	],
	"ba bb bc bd be bf bg bh bi bj bk bl bm": [
		{
			"where": "text/guten/pg1322.txt",
			"count": 2811,
			"score": 0.02260191
		}
	],
	"ba be bi bo bu": [
		{
			"where": "text/guten/pg1322.txt",
			"count": 3633,
			"score": 0.02921122
		}
	],
	"bn bo bp bq br bs bt bu bv bw bx by bz": [
		{
			"where": "text/guten/pg1322.txt",
			"count": 2386,
			"score": 0.01918469
		}
	],
	"c": [
		{
			"where": "text/guten/pg1322.txt",
			"count": 4686,
			"score": 0.03767790
		}
	],
	"c d": [
		{
			"where": "text/guten/pg1322.txt",
			"count": 8265,
			"score": 0.06645493
		}
	],
	"ca cb cc cd ce cf cg ch ci cj ck cl cm": [
		{
			"where": "text/guten/pg1322.txt",
			"count": 2332,
			"score": 0.01875050
		}
	],
	"ca ce ci co cu": [
		{
			"where": "text/guten/pg1322.txt",
			"count": 3238,
			"score": 0.02603522
		}
	],
	"cn co cp cq cr cs ct cu cv cw cx cy cz": [
		{
			"where": "text/guten/pg1322.txt",
			"count": 2349,
			"score": 0.01888719
		}
	],
	"d": [
		{
			"where": "text/guten/pg1322.txt",
			"count": 3579,
			"score": 0.02877704
		}
	],
	"d e f": [
		{
			"where": "text/guten/pg1322.txt",
			"count": 11825,
			"score": 0.09507920
		}
	],
	"da db dc dd de df dg dh di dj dk dl dm": [
		{
			"where": "text/guten/pg1322.txt",
			"count": 2321,
			"score": 0.01866206
		}
	],
	"da de di do du": [
		{
			"where": "text/guten/pg1322.txt",
			"count": 3113,
			"score": 0.02503015
		}
	],
	"dn do dp dq dr ds dt du dv dw dx dy dz": [
		{
			"where": "text/guten/pg1322.txt",
			"count": 1254,
			"score": 0.01008282
		}
	],
	"e": [
		{
			"where": "text/guten/pg1322.txt",
			"count": 2750,
			"score": 0.02211144
		}
	],
	"e f": [
		{
			"where": "text/guten/pg1322.txt",
			"count": 8246,
			"score": 0.06630216
		}
	],
	"e f g h": [
		{
			"where": "text/guten/pg1322.txt",
			"count": 15382,
			"score": 0.12367934
		}
	],
	"ea eb ec ed ee ef eg eh ei ej ek el em": [
		{
			"where": "text/guten/pg1322.txt",
			"count": 1133,
			"score": 0.00910991
		}
	],
	"ea ee ei eo eu": [
		{
			"where": "text/guten/pg1322.txt",
			"count": 648,
			"score": 0.00521026
		}
	],
	"en eo ep eq er es et eu ev ew ex ey ez": [
		{
			"where": "text/guten/pg1322.txt",
			"count": 1595,
			"score": 0.01282464
		}
	],
	"f": [
		{
			"where": "text/guten/pg1322.txt",
			"count": 5496,
			"score": 0.04419072
		}
	],
	"f g h i j": [
		{
			"where": "text/guten/pg1322.txt",
			"count": 21520,
			"score": 0.17303208
		}
	],
	"fa fb fc fd fe ff fg fh fi fj fk fl fm": [
		{
			"where": "text/guten/pg1322.txt",
			"count": 2334,
			"score": 0.01876658
		}
	],
	"fa fe fi fo fu": [
		{
			"where": "text/guten/pg1322.txt",
			"count": 3869,
			"score": 0.03110879
		}
	],
	"fn fo fp fq fr fs ft fu fv fw fx fy fz": [
		{
			"where": "text/guten/pg1322.txt",
			"count": 3151,
			"score": 0.02533569
		}
	],
	"g": [
		{
			"where": "text/guten/pg1322.txt",
			"count": 2363,
			"score": 0.01899976
		}
	],
	"g h": [
		{
			"where": "text/guten/pg1322.txt",
			"count": 7136,
			"score": 0.05737718
		}
	],
	"g h i": [
		{
			"where": "text/guten/pg1322.txt",
			"count": 15563,
			"score": 0.12513468
		}
	],
	"g h i j k l": [
		{
			"where": "text/guten/pg1322.txt",
			"count": 20611,
			"score": 0.16572325
		}
	],
	"ga gb gc gd ge gf gg gh gi gj gk gl gm": [
		{
			"where": "text/guten/pg1322.txt",
			"count": 828,
			"score": 0.00665755
		}
	],
	"ga ge gi go gu": [
		{
			"where": "text/guten/pg1322.txt",
			"count": 1342,
			"score": 0.01079038
		}
	],
	"gn go gp gq gr gs gt gu gv gw gx gy gz": [
		{
			"where": "text/guten/pg1322.txt",
			"count": 1531,
			"score": 0.01231004
		}
	],
	"h": [
		{
			"where": "text/guten/pg1322.txt",
			"count": 4773,
			"score": 0.03837742
		}
	],
	"h i j k l m n": [
		{
			"where": "text/guten/pg1322.txt",
			"count": 27606,
			"score": 0.22196671
		}
	],
	"ha hb hc hd he hf hg hh hi hj hk hl hm": [
		{
			"where": "text/guten/pg1322.txt",
			"count": 3700,
			"score": 0.02974994
		}
	],
	"ha he hi ho hu": [
		{
			"where": "text/guten/pg1322.txt",
			"count": 4748,
			"score": 0.03817641
		}
	],
	"hn ho hp hq hr hs ht hu hv hw hx hy hz": [
		{
			"where": "text/guten/pg1322.txt",
			"count": 1073,
			"score": 0.00862748
		}
	],
	"i": [
		{
			"where": "text/guten/pg1322.txt",
			"count": 8427,
			"score": 0.06775750
		}
	],
	"i j": [
		{
			"where": "text/guten/pg1322.txt",
			"count": 8888,
			"score": 0.07146418
		}
	],
	"i j k l": [
		{
			"where": "text/guten/pg1322.txt",
			"count": 13475,
			"score": 0.10834606
		}
	],
	"i j k l m n o p": [
		{
			"where": "text/guten/pg1322.txt",
			"count": 36257,
			"score": 0.29152529
		}
	],
	"ia ib ic id ie if ig ih ii ij ik il im": [
		{
			"where": "text/guten/pg1322.txt",
			"count": 553,
			"score": 0.00444641
		}
	],
	"ia ie ii io iu": [
		{
			"where": "text/guten/pg1322.txt",
			"count": 15,
			"score": 0.00012061
		}
	],
	"in io ip iq ir is it iu iv iw ix iy iz": [
		{
			"where": "text/guten/pg1322.txt",
			"count": 5016,
			"score": 0.04033127
		}
	],
	"j": [
		{
			"where": "text/guten/pg1322.txt",
			"count": 461,
			"score": 0.00370668
		}
	],
	"j k l": [
		{
			"where": "text/guten/pg1322.txt",
			"count": 5048,
			"score": 0.04058857
		}
	],
	"j k l m n o p q r": [
		{
			"where": "text/guten/pg1322.txt",
			"count": 30661,
			"score": 0.24653051
		}
	],
	"ja jb jc jd je jf jg jh ji jj jk jl jm": [
		{
			"where": "text/guten/pg1322.txt",
			"count": 65,
			"score": 0.00052263
		}
	],
	"ja je ji jo ju": [
		{
			"where": "text/guten/pg1322.txt",
			"count": 461,
			"score": 0.00370668
		}
	],
	"jn jo jp jq jr js jt ju jv jw jx jy jz": [
		{
			"where": "text/guten/pg1322.txt",
			"count": 396,
			"score": 0.00318405
		}
	],
	"k": [
		{
			"where": "text/guten/pg1322.txt",
			"count": 544,
			"score": 0.00437405
		}
	],
	"k l": [
		{
			"where": "text/guten/pg1322.txt",
			"count": 4587,
			"score": 0.03688188
		}
	],
	"k l m n o": [
		{
			"where": "text/guten/pg1322.txt",
			"count": 23373,
			"score": 0.18793117
		}
	],
	"k l m n o p q r s t": [
		{
			"where": "text/guten/pg1322.txt",
			"count": 60536,
			"score": 0.48674118
		}
	],
	"ka kb kc kd ke kf kg kh ki kj kk kl km": [
		{
			"where": "text/guten/pg1322.txt",
			"count": 201,
			"score": 0.00161615
		}
	],
	"ka ke ki ko ku": [
		{
			"where": "text/guten/pg1322.txt",
			"count": 214,
			"score": 0.00172067
		}
	],
	"kn ko kp kq kr ks kt ku kv kw kx ky kz": [
		{
			"where": "text/guten/pg1322.txt",
			"count": 343,
			"score": 0.00275790
		}
	],
	"l": [
		{
			"where": "text/guten/pg1322.txt",
			"count": 4043,
			"score": 0.03250784
		}
	],
	"la lb lc ld le lf lg lh li lj lk ll lm": [
		{
			"where": "text/guten/pg1322.txt",
			"count": 2736,
			"score": 0.02199887
		}
	],
	"la le li lo lu": [
		{
			"where": "text/guten/pg1322.txt",
			"count": 4035,
			"score": 0.03244352
		}
	],
	"ln lo lp lq lr ls lt lu lv lw lx ly lz": [
		{
			"where": "text/guten/pg1322.txt",
			"count": 1306,
			"score": 0.01050092
		}
	],
	"m": [
		{
			"where": "text/guten/pg1322.txt",
			"count": 6079,
			"score": 0.04887835
		}
	],
	"m n": [
		{
			"where": "text/guten/pg1322.txt",
			"count": 9358,
			"score": 0.07524323
		}
	],
	"m n o": [
		{
			"where": "text/guten/pg1322.txt",
			"count": 18786,
			"score": 0.15104929
		}
	],
	"m n o p": [
		{
			"where": "text/guten/pg1322.txt",
			"count": 22782,
			"score": 0.18317922
		}
	],
	"m n o p q r": [
		{
			"where": "text/guten/pg1322.txt",
			"count": 25613,
			"score": 0.20594195
		}
	],
	"ma mb mc md me mf mg mh mi mj mk ml mm": [
		{
			"where": "text/guten/pg1322.txt",
			"count": 3416,
			"score": 0.02746643
		}
	],
	"ma me mi mo mu": [
		{
			"where": "text/guten/pg1322.txt",
			"count": 4814,
			"score": 0.03870708
		}
	],
	"mn mo mp mq mr ms mt mu mv mw mx my mz": [
		{
			"where": "text/guten/pg1322.txt",
			"count": 2663,
			"score": 0.02141192
		}
	],
	"n": [
		{
			"where": "text/guten/pg1322.txt",
			"count": 3279,
			"score": 0.02636488
		}
	],
	"na nb nc nd ne nf ng nh ni nj nk nl nm": [
		{
			"where": "text/guten/pg1322.txt",
			"count": 1107,
			"score": 0.00890086
		}
	],
	"na ne ni no nu": [
		{
			"where": "text/guten/pg1322.txt",
			"count": 3279,
			"score": 0.02636488
		}
	],
	"nn no np nq nr ns nt nu nv nw nx ny nz": [
		{
			"where": "text/guten/pg1322.txt",
			"count": 2172,
			"score": 0.01746402
		}
	],
	"o": [
		{
			"where": "text/guten/pg1322.txt",
			"count": 9428,
			"score": 0.07580606
		}
	],
	"o p": [
		{
			"where": "text/guten/pg1322.txt",
			"count": 13424,
			"score": 0.10793600
		}
	],
	"o p q r s t u": [
		{
			"where": "text/guten/pg1322.txt",
			"count": 47969,
			"score": 0.38569591
		}
	],
	"oa ob oc od oe of og oh oi oj ok ol om": [
		{
			"where": "text/guten/pg1322.txt",
			"count": 5086,
			"score": 0.04089411
		}
	],
	"oa oe oi oo ou": [
		{
			"where": "text/guten/pg1322.txt",
			"count": 545,
			"score": 0.00438209
		}
	],
	"on oo op oq or os ot ou ov ow ox oy oz": [
		{
			"where": "text/guten/pg1322.txt",
			"count": 3776,
			"score": 0.03036102
		}
	],
	"p": [
		{
			"where": "text/guten/pg1322.txt",
			"count": 3996,
			"score": 0.03212993
		}
	],
	"p q r": [
		{
			"where": "text/guten/pg1322.txt",
			"count": 6827,
			"score": 0.05489266
		}
	],
	"p q r s t": [
		{
			"where": "text/guten/pg1322.txt",
			"count": 37163,
			"score": 0.29881000
		}
	],
	"pa pb pc pd pe pf pg ph pi pj pk pl pm": [
		{
			"where": "text/guten/pg1322.txt",
			"count": 2223,
			"score": 0.01787409
		}
	],
	"pa pe pi po pu": [
		{
			"where": "text/guten/pg1322.txt",
			"count": 2525,
			"score": 0.02030232
		}
	],
	"pn po pp pq pr ps pt pu pv pw px py pz": [
		{
			"where": "text/guten/pg1322.txt",
			"count": 1772,
			"score": 0.01424781
		}
	],
	"q": [
		{
			"where": "text/guten/pg1322.txt",
			"count": 133,
			"score": 0.00106939
		}
	],
	"q r": [
		{
			"where": "text/guten/pg1322.txt",
			"count": 2831,
			"score": 0.02276272
		}
	],
	"q r s t": [
		{
			"where": "text/guten/pg1322.txt",
			"count": 33167,
			"score": 0.26668007
		}
	],
	"q r s t u v w x": [
		{
			"where": "text/guten/pg1322.txt",
			"count": 42566,
			"score": 0.34225295
		}
	],
	"qa qb qc qd qe qf qg qh qi qj qk ql qm": [
	],
	"qa qe qi qo qu": [
		{
			"where": "text/guten/pg1322.txt",
			"count": 133,
			"score": 0.00106939
		}
	],
	"qn qo qp qq qr qs qt qu qv qw qx qy qz": [
		{
			"where": "text/guten/pg1322.txt",
			"count": 133,
			"score": 0.00106939
		}
	],
	"r": [
		{
			"where": "text/guten/pg1322.txt",
			"count": 2698,
			"score": 0.02169333
		}
	],
	"ra rb rc rd re rf rg rh ri rj rk rl rm": [
		{
			"where": "text/guten/pg1322.txt",
			"count": 2106,
			"score": 0.01693334
		}
	],
	"ra re ri ro ru": [
		{
			"where": "text/guten/pg1322.txt",
			"count": 2668,
			"score": 0.02145212
		}
	],
	"rn ro rp rq rr rs rt ru rv rw rx ry rz": [
		{
			"where": "text/guten/pg1322.txt",
			"count": 592,
			"score": 0.00475999
		}
	],
	"s": [
		{
			"where": "text/guten/pg1322.txt",
			"count": 9763,
			"score": 0.07849964
		}
	],
	"s t": [
		{
			"where": "text/guten/pg1322.txt",
			"count": 30336,
			"score": 0.24391734
		}
	],
	"s t u": [
		{
			"where": "text/guten/pg1322.txt",
			"count": 31714,
			"score": 0.25499719
		}
	],
	"s t u v w x": [
		{
			"where": "text/guten/pg1322.txt",
			"count": 39735,
			"score": 0.31949023
		}
	],
	"sa sb sc sd se sf sg sh si sj sk sl sm": [
		{
			"where": "text/guten/pg1322.txt",
			"count": 4806,
			"score": 0.03864276
		}
	],
	"sa se si so su": [
		{
			"where": "text/guten/pg1322.txt",
			"count": 5185,
			"score": 0.04169012
		}
	],
	"sn so sp sq sr ss st su sv sw sx sy sz": [
		{
			"where": "text/guten/pg1322.txt",
			"count": 4954,
			"score": 0.03983276
		}
	],
	"t": [
		{
			"where": "text/guten/pg1322.txt",
			"count": 20573,
			"score": 0.16541771
		}
	],
	"ta tb tc td te tf tg th ti tj tk tl tm": [
		{
			"where": "text/guten/pg1322.txt",
			"count": 16793,
			"score": 0.13502452
		}
	],
	"ta te ti to tu": [
		{
			"where": "text/guten/pg1322.txt",
			"count": 4097,
			"score": 0.03294203
		}
	],
	"tn to tp tq tr ts tt tu tv tw tx ty tz": [
		{
			"where": "text/guten/pg1322.txt",
			"count": 3779,
			"score": 0.03038514
		}
	],
	"u": [
		{
			"where": "text/guten/pg1322.txt",
			"count": 1378,
			"score": 0.01107984
		}
	],
	"u v": [
		{
			"where": "text/guten/pg1322.txt",
			"count": 2169,
			"score": 0.01743990
		}
	],
	"u v w x": [
		{
			"where": "text/guten/pg1322.txt",
			"count": 9399,
			"score": 0.07557289
		}
	],
	"u v w x y": [
		{
			"where": "text/guten/pg1322.txt",
			"count": 12140,
			"score": 0.09761196
		}
	],
	"ua ub uc ud ue uf ug uh ui uj uk ul um": [
		{
			"where": "text/guten/pg1322.txt",
			"count": 7,
			"score": 0.00005628
		}
	],
	"ua ue ui uo uu": [
	],
	"un uo up uq ur us ut uu uv uw ux uy uz": [
		{
			"where": "text/guten/pg1322.txt",
			"count": 1370,
			"score": 0.01101552
		}
	],
	"v": [
		{
			"where": "text/guten/pg1322.txt",
			"count": 791,
			"score": 0.00636005
		}
	],
	"v w x": [
		{
			"where": "text/guten/pg1322.txt",
			"count": 8021,
			"score": 0.06449304
		}
	],
	"va vb vc vd ve vf vg vh vi vj vk vl vm": [
		{
			"where": "text/guten/pg1322.txt",
			"count": 580,
			"score": 0.00466350
		}
	],
	"va ve vi vo vu": [
		{
			"where": "text/guten/pg1322.txt",
			"count": 789,
			"score": 0.00634397
		}
	],
	"vn vo vp vq vr vs vt vu vv vw vx vy vz": [
		{
			"where": "text/guten/pg1322.txt",
			"count": 209,
			"score": 0.00168047
		}
	],
	"w": [
		{
			"where": "text/guten/pg1322.txt",
			"count": 7205,
			"score": 0.05793198
		}
	],
	"w x": [
		{
			"where": "text/guten/pg1322.txt",
			"count": 7230,
			"score": 0.05813299
		}
	],
	"wa wb wc wd we wf wg wh wi wj wk wl wm": [
		{
			"where": "text/guten/pg1322.txt",
			"count": 5990,
			"score": 0.04816274
		}
	],
	"wa we wi wo wu": [
		{
			"where": "text/guten/pg1322.txt",
			"count": 5321,
			"score": 0.04278363
		}
	],
	"wn wo wp wq wr ws wt wu wv ww wx wy wz": [
		{
			"where": "text/guten/pg1322.txt",
			"count": 1215,
			"score": 0.00976924
		}
	],
	"x": [
		{
			"where": "text/guten/pg1322.txt",
			"count": 25,
			"score": 0.00020101
		}
	],
	"xa xb xc xd xe xf xg xh xi xj xk xl xm": [
		{
			"where": "text/guten/pg1322.txt",
			"count": 5,
			"score": 0.00004020
		}
	],
	"xa xe xi xo xu": [
		{
			"where": "text/guten/pg1322.txt",
			"count": 5,
			"score": 0.00004020
		}
	],
	"xn xo xp xq xr xs xt xu xv xw xx xy xz": [
		{
			"where": "text/guten/pg1322.txt",
			"count": 19,
			"score": 0.00015277
		}
	],
	"y": [
		{
			"where": "text/guten/pg1322.txt",
			"count": 2741,
			"score": 0.02203908
		}
	],
	"y z": [
		{
			"where": "text/guten/pg1322.txt",
			"count": 2751,
			"score": 0.02211948
		}
	],
	"ya yb yc yd ye yf yg yh yi yj yk yl ym": [
		{
			"where": "text/guten/pg1322.txt",
			"count": 528,
			"score": 0.00424540
		}
	],
	"ya ye yi yo yu": [
		{
			"where": "text/guten/pg1322.txt",
			"count": 2741,
			"score": 0.02203908
		}
	],
	"yn yo yp yq yr ys yt yu yv yw yx yy yz": [
		{
			"where": "text/guten/pg1322.txt",
			"count": 2213,
			"score": 0.01779368
		}
	],
	"z": [
		{
			"where": "text/guten/pg1322.txt",
			"count": 10,
			"score": 0.00008041
		}
	],
	"za zb zc zd ze zf zg zh zi zj zk zl zm": [
		{
			"where": "text/guten/pg1322.txt",
			"count": 4,
			"score": 0.00003216
		}
	],
	"za ze zi zo zu": [
		{
			"where": "text/guten/pg1322.txt",
			"count": 10,
			"score": 0.00008041
		}
	],
	"zn zo zp zq zr zs zt zu zv zw zx zy zz": [
		{
			"where": "text/guten/pg1322.txt",
			"count": 6,
			"score": 0.00004824
		}
	]
}