{
	"a": [
		{
			"where": "text/rfcs/rfc7231.txt",
			"count": 3261,
			"score": 0.11318594
		}
	],
	"a b": [
		{
			"where": "text/rfcs/rfc7231.txt",
			"count": 4201,
			"score": 0.14581236
		}
	],
	"a b c": [
		{
			"where": "text/rfcs/rfc7231.txt",
			"count": 6087,
			"score": 0.21127347
		}
	],
	"a b c d": [
		{
			"where": "text/rfcs/rfc7231.txt",
			"count": 6983,
			"score": 0.24237270
		}
	],
	"a b c d e": [
		{
			"where": "text/rfcs/rfc7231.txt",
			"count": 7677,
			"score": 0.26646073
		}
	],
	"a b c d e f": [
		{
			"where": "text/rfcs/rfc7231.txt",
			"count": 9002,
			"score": 0.31245011
		}
	],
	"a b c d e f g": [
		{
			"where": "text/rfcs/rfc7231.txt",
			"count": 9250,
			"score": 0.32105793
		}
	],
	"a b c d e f g h": [
		{
			"where": "text/rfcs/rfc7231.txt",
			"count": 10240,
			"score": 0.35541980
		}
	],
	"a b c d e f g h i": [
		{
			"where": "text/rfcs/rfc7231.txt",
			"count": 12330,
			"score": 0.42796154
		}
	],
	"a b c d e f g h i j": [
		{
			"where": "text/rfcs/rfc7231.txt",
			"count": 12486,
			"score": 0.43337614
		}
	],
	"a b c d e f g h i j k l m n o p q r s t u v w x y z": [
		{
			"where": "text/rfcs/rfc7231.txt",
			"count": 28811,
			"score": 1.00000000
		}
	],
	"aa ab ac ad ae af ag ah ai aj ak al am": [
		{
			"where": "text/rfcs/rfc7231.txt",
			"count": 744,
			"score": 0.02582347
		}
	],
	"aa ae ai ao au": [
		{
			"where": "text/rfcs/rfc7231.txt",
			"count": 72,
			"score": 0.00249905
		}
	],
	"aa ee ii oo uu": [
	],
	"an ao ap aq ar as at au av aw ax ay az": [
		{
			"where": "text/rfcs/rfc7231.txt",
			"count": 1522,
			"score": 0.05282705
		}
	],
	"b": [
		{
			"where": "text/rfcs/rfc7231.txt",
			"count": 940,
			"score": 0.03262643
		}
	],
	"ba bb bc bd be bf bg bh bi bj bk bl bm": [
		{
			"where": "text/rfcs/rfc7231.txt",
			"count": 553,
			"score": 0.01919406
		}
	],
	"ba be bi bo bu": [
		{
			"where": "text/rfcs/rfc7231.txt",
			"count": 633,
			"score": 0.02197078
		}
	],
	"bn bo bp bq br bs bt bu bv bw bx by bz": [
		{
			"where": "text/rfcs/rfc7231.txt",
			"count": 380,
			"score": 0.01318941
		}
	],
	"c": [
		{
			"where": "text/rfcs/rfc7231.txt",
			"count": 1886,
			"score": 0.06546111
		}
	],
	"c d": [
		{
			"where": "text/rfcs/rfc7231.txt",
			"count": 2782,
			"score": 0.09656034
		}
	],
	"ca cb cc cd ce cf cg ch ci cj ck cl cm": [
		{
			"where": "text/rfcs/rfc7231.txt",
			"count": 580,
			"score": 0.02013120
		}
	],
	"ca ce ci co cu": [
		{
			"where": "text/rfcs/rfc7231.txt",
			"count": 1546,
			"score": 0.05366006
		}
	],
	"cn co cp cq cr cs ct cu cv cw cx cy cz": [
		{
			"where": "text/rfcs/rfc7231.txt",
			"count": 1299,
			"score": 0.04508695
		}
	],
	"d": [
		{
			"where": "text/rfcs/rfc7231.txt",
			"count": 896,
			"score": 0.03109923
		}
	],
	"d e f": [
		{
			"where": "text/rfcs/rfc7231.txt",
			"count": 2915,
			"score": 0.10117663
		}
	],
	"da db dc dd de df dg dh di dj dk dl dm": [
		{
			"where": "text/rfcs/rfc7231.txt",
			"count": 750,
			"score": 0.02603172
		}
	],
	"da de di do du": [
		{
			"where": "text/rfcs/rfc7231.txt",
			"count": 883,
			"score": 0.03064802
		}
	],
	"dn do dp dq dr ds dt du dv dw dx dy dz": [
		{
			"where": "text/rfcs/rfc7231.txt",
			"count": 139,
			"score": 0.00482455
		}
	],
	"e": [
		{
			"where": "text/rfcs/rfc7231.txt",
			"count": 694,
			"score": 0.02408802
		}
	],
	"e f": [
		{
			"where": "text/rfcs/rfc7231.txt",
			"count": 2019,
			"score": 0.07007740
		}
	],
	"e f g h": [
		{
			"where": "text/rfcs/rfc7231.txt",
			"count": 3257,
			"score": 0.11304710
		}
	],
	"ea eb ec ed ee ef eg eh ei ej ek el em": [
		{
			"where": "text/rfcs/rfc7231.txt",
			"count": 198,
			"score": 0.00687238
		}
	],
	"ea ee ei eo eu": [
		{
			"where": "text/rfcs/rfc7231.txt",
			"count": 71,
			"score": 0.00246434
		}
	],
	"en eo ep eq er es et eu ev ew ex ey ez": [
		{
			"where": "text/rfcs/rfc7231.txt",
			"count": 492,
			"score": 0.01707681
		}
	],
	"f": [
		{
			"where": "text/rfcs/rfc7231.txt",
			"count": 1325,
			"score": 0.04598938
		}
	],
	"f g h i j": [
		{
			"where": "text/rfcs/rfc7231.txt",
			"count": 4809,
			"score": 0.16691541
		}
	],
	"fa fb fc fd fe ff fg fh fi fj fk fl fm": [
		{
			"where": "text/rfcs/rfc7231.txt",
			"count": 615,
			"score": 0.02134601
		}
	],
	"fa fe fi fo fu": [
		{
			"where": "text/rfcs/rfc7231.txt",
			"count": 1185,
			"score": 0.04113012
		}
	],
	"fn fo fp fq fr fs ft fu fv fw fx fy fz": [
		{
			"where": "text/rfcs/rfc7231.txt",
			"count": 707,
			"score": 0.02453924
		}
	],
	"g": [
		{
			"where": "text/rfcs/rfc7231.txt",
			"count": 248,
			"score": 0.00860782
		}
	],
	"g h": [
		{
			"where": "text/rfcs/rfc7231.txt",
			"count": 1238,
			"score": 0.04296970
		}
	],
	"g h i": [
		{
			"where": "text/rfcs/rfc7231.txt",
			"count": 3328,
			"score": 0.11551144
		}
	],
	"g h i j k l": [
		{
			"where": "text/rfcs/rfc7231.txt",
			"count": 3941,
			"score": 0.13678803
		}
	],
	"ga gb gc gd ge gf gg gh gi gj gk gl gm": [
		{
			"where": "text/rfcs/rfc7231.txt",
			"count": 203,
			"score": 0.00704592
		}
	],
	"ga ge gi go gu": [
		{
			"where": "text/rfcs/rfc7231.txt",
			"count": 209,
			"score": 0.00725417
		}
	],
	"gn go gp gq gr gs gt gu gv gw gx gy gz": [
		{
			"where": "text/rfcs/rfc7231.txt",
			"count": 43,
			"score": 0.00149249
		}
	],
	"h": [
		{
			"where": "text/rfcs/rfc7231.txt",
			"count": 990,
			"score": 0.03436188
		}
	],
	"h i j k l m n": [
		{
			"where": "text/rfcs/rfc7231.txt",
			"count": 5493,
			"score": 0.19065635
		}
	],
	"ha hb hc hd he hf hg hh hi hj hk hl hm": [
		{
			"where": "text/rfcs/rfc7231.txt",
			"count": 564,
			"score": 0.01957586
		}
	],
	"ha he hi ho hu": [
		{
			"where": "text/rfcs/rfc7231.txt",
			"count": 646,
			"score": 0.02242199
		}
	],
	"hn ho hp hq hr hs ht hu hv hw hx hy hz": [
		{
			"where": "text/rfcs/rfc7231.txt",
			"count": 420,
			"score": 0.01457777
		}
	],
	"i": [
		{
			"where": "text/rfcs/rfc7231.txt",
			"count": 2090,
			"score": 0.07254174
		}
	],
	"i j": [
		{
			"where": "text/rfcs/rfc7231.txt",
			"count": 2246,
			"score": 0.07795634
		}
	],
	"i j k l": [
		{
			"where": "text/rfcs/rfc7231.txt",
			"count": 2703,
			"score": 0.09381833
		}
	],
	"i j k l m n o p": [
		{
			"where": "text/rfcs/rfc7231.txt",
			"count": 7361,
			"score": 0.25549269
		}
	],
	"ia ib ic id ie if ig ih ii ij ik il im": [
		{
			"where": "text/rfcs/rfc7231.txt",
			"count": 423,
			"score": 0.01468189
		}
	],
	"ia ie ii io iu": [
		{
			"where": "text/rfcs/rfc7231.txt",
			"count": 52,
			"score": 0.00180487
		}
	],
	"in io ip iq ir is it iu iv iw ix iy iz": [
		{
			"where": "text/rfcs/rfc7231.txt",
			"count": 1664,
			"score": 0.05775572
		}
	],
	"j": [
		{
			"where": "text/rfcs/rfc7231.txt",
			"count": 156,
			"score": 0.00541460
		}
	],
	"j k l": [
		{
			"where": "text/rfcs/rfc7231.txt",
			"count": 613,
			"score": 0.02127660
		}
	],
	"j k l m n o p q r": [
		{
			"where": "text/rfcs/rfc7231.txt",
			"count": 7856,
			"score": 0.27267363
		}
	],
	"ja jb jc jd je jf jg jh ji jj jk jl jm": [
		{
			"where": "text/rfcs/rfc7231.txt",
			"count": 6,
			"score": 0.00020825
		}
	],
	"ja je ji jo ju": [
		{
			"where": "text/rfcs/rfc7231.txt",
			"count": 136,
			"score": 0.00472042
		}
	],
	"jn jo jp jq jr js jt ju jv jw jx jy jz": [
		{
			"where": "text/rfcs/rfc7231.txt",
			"count": 130,
			"score": 0.00451217
		}
	],
	"k": [
		{
			"where": "text/rfcs/rfc7231.txt",
			"count": 38,
			"score": 0.00131894
		}
	],
	"k l": [
		{
			"where": "text/rfcs/rfc7231.txt",
			"count": 457,
			"score": 0.01586200
		}
	],
	"k l m n o": [
		{
			"where": "text/rfcs/rfc7231.txt",
			"count": 4016,
			"score": 0.13939120
		}
	],
	"k l m n o p q r s t": [
		{
			"where": "text/rfcs/rfc7231.txt",
			"count": 14511,
			"score": 0.50366180
		}
	],
	"ka kb kc kd ke kf kg kh ki kj kk kl km": [
		{
			"where": "text/rfcs/rfc7231.txt",
			"count": 17,
			"score": 0.00059005
		}
	],
	"ka ke ki ko ku": [
		{
			"where": "text/rfcs/rfc7231.txt",
			"count": 13,
			"score": 0.00045122
		}
	],
	"kn ko kp kq kr ks kt ku kv kw kx ky kz": [
		{
			"where": "text/rfcs/rfc7231.txt",
			"count": 20,
			"score": 0.00069418
		}
	],
	"l": [
		{
			"where": "text/rfcs/rfc7231.txt",
			"count": 419,
			"score": 0.01454306
		}
	],
	"la lb lc ld le lf lg lh li lj lk ll lm": [
		{
			"where": "text/rfcs/rfc7231.txt",
			"count": 321,
			"score": 0.01114158
		}
	],
	"la le li lo lu": [
		{
			"where": "text/rfcs/rfc7231.txt",
			"count": 406,
			"score": 0.01409184
		}
	],
	"ln lo lp lq lr ls lt lu lv lw lx ly lz": [
		{
			"where": "text/rfcs/rfc7231.txt",
			"count": 93,
			"score": 0.00322793
		}
	],
	"m": [
		{
			"where": "text/rfcs/rfc7231.txt",
			"count": 1116,
			"score": 0.03873521
		}
	],
	"m n": [
		{
			"where": "text/rfcs/rfc7231.txt",
			"count": 1800,
			"score": 0.06247614
		}
	],
	"m n o": [
		{
			"where": "text/rfcs/rfc7231.txt",
			"count": 3559,
			"score": 0.12352921
		}
	],
	"m n o p": [
		{
			"where": "text/rfcs/rfc7231.txt",
			"count": 4658,
			"score": 0.16167436
		}
	],
	"m n o p q r": [
		{
			"where": "text/rfcs/rfc7231.txt",
			"count": 7243,
			"score": 0.25139704
		}
	],
	"ma mb mc md me mf mg mh mi mj mk ml mm": [
		{
			"where": "text/rfcs/rfc7231.txt",
			"count": 880,
			"score": 0.03054389
		}
	],
	"ma me mi mo mu": [
		{
			"where": "text/rfcs/rfc7231.txt",
			"count": 1102,
			"score": 0.03824928
		}
	],
	"mn mo mp mq mr ms mt mu mv mw mx my mz": [
		{
			"where": "text/rfcs/rfc7231.txt",
			"count": 228,
			"score": 0.00791364
		}
	],
	"n": [
		{
			"where": "text/rfcs/rfc7231.txt",
			"count": 684,
			"score": 0.02374093
		}
	],
	"na nb nc nd ne nf ng nh ni nj nk nl nm": [
		{
			"where": "text/rfcs/rfc7231.txt",
			"count": 245,
			"score": 0.00850370
		}
	],
	"na ne ni no nu": [
		{
			"where": "text/rfcs/rfc7231.txt",
			"count": 670,
			"score": 0.02325501
		}
	],
	"nn no np nq nr ns nt nu nv nw nx ny nz": [
		{
			"where": "text/rfcs/rfc7231.txt",
			"count": 428,
			"score": 0.01485544
		}
	],
	"o": [
		{
			"where": "text/rfcs/rfc7231.txt",
			"count": 1759,
			"score": 0.06105307
		}
	],
	"o p": [
		{
			"where": "text/rfcs/rfc7231.txt",
			"count": 2858,
			"score": 0.09919822
		}
	],
	"o p q r s t u": [
		{
			"where": "text/rfcs/rfc7231.txt",
			"count": 13009,
			"score": 0.45152893
		}
	],
	"oa ob oc od oe of og oh oi oj ok ol om": [
		{
			"where": "text/rfcs/rfc7231.txt",
			"count": 798,
			"score": 0.02769775
		}
	],
	"oa oe oi oo ou": [
		{
			"where": "text/rfcs/rfc7231.txt",
			"count": 65,
			"score": 0.00225608
		}
	],
	"on oo op oq or os ot ou ov ow ox oy oz": [
		{
			"where": "text/rfcs/rfc7231.txt",
			"count": 914,
			"score": 0.03172399
		}
	],
	"p": [
		{
			"where": "text/rfcs/rfc7231.txt",
			"count": 1099,
			"score": 0.03814515
		}
	],
	"p q r": [
		{
			"where": "text/rfcs/rfc7231.txt",
			"count": 3684,
			"score": 0.12786783
		}
	],
	"p q r s t": [
		{
			"where": "text/rfcs/rfc7231.txt",
			"count": 10495,
			"score": 0.36427059
		}
	],
	"pa pb pc pd pe pf pg ph pi pj pk pl pm": [
		{
			"where": "text/rfcs/rfc7231.txt",
			"count": 443,
			"score": 0.01537607
		}
	],
	"pa pe pi po pu": [
		{
			"where": "text/rfcs/rfc7231.txt",
			"count": 589,
			"score": 0.02044358
		}
	],
	"pn po pp pq pr ps pt pu pv pw px py pz": [
		{
			"where": "text/rfcs/rfc7231.txt",
			"count": 649,
			"score": 0.02252612
		}
	],
	"q": [
		{
			"where": "text/rfcs/rfc7231.txt",
			"count": 71,
			"score": 0.00246434
		}
	],
	"q r": [
		{
			"where": "text/rfcs/rfc7231.txt",
			"count": 2585,
			"score": 0.08972268
		}
	],
	"q r s t": [
		{
			"where": "text/rfcs/rfc7231.txt",
			"count": 9396,
			"score": 0.32612544
		}
	],
	"q r s t u v w x": [
		{
			"where": "text/rfcs/rfc7231.txt",
			"count": 11165,
			"score": 0.38752560
		}
	],
	"qa qb qc qd qe qf qg qh qi qj qk ql qm": [
	],
	"qa qe qi qo qu": [
		{
			"where": "text/rfcs/rfc7231.txt",
			"count": 41,
			"score": 0.00142307
		}
	],
	"qn qo qp qq qr qs qt qu qv qw qx qy qz": [
		{
			"where": "text/rfcs/rfc7231.txt",
			"count": 53,
			"score": 0.00183958
		}
	],
	"r": [
		{
			"where": "text/rfcs/rfc7231.txt",
			"count": 2514,
			"score": 0.08725834
		}
	],
	"ra rb rc rd re rf rg rh ri rj rk rl rm": [
		{
			"where": "text/rfcs/rfc7231.txt",
			"count": 2469,
			"score": 0.08569644
		}
	],
	"ra re ri ro ru": [
		{
			"where": "text/rfcs/rfc7231.txt",
			"count": 2116,
			"score": 0.07344417
		}
	],
	"rn ro rp rq rr rs rt ru rv rw rx ry rz": [
		{
			"where": "text/rfcs/rfc7231.txt",
			"count": 32,
			"score": 0.00111069
		}
	],
	"s": [
		{
			"where": "text/rfcs/rfc7231.txt",
			"count": 2517,
			"score": 0.08736247
		}
	],
	"s t": [
		{
			"where": "text/rfcs/rfc7231.txt",
			"count": 6811,
			"score": 0.23640276
		}
	],
	"s t u": [
		{
			"where": "text/rfcs/rfc7231.txt",
			"count": 7566,
			"score": 0.26260803
		}
	],
	"s t u v w x": [
		{
			"where": "text/rfcs/rfc7231.txt",
			"count": 8580,
			"score": 0.29780292
		}
	],
	"sa sb sc sd se sf sg sh si sj sk sl sm": [
		{
			"where": "text/rfcs/rfc7231.txt",
			"count": 1551,
			"score": 0.05383361
		}
	],
	"sa se si so su": [
		{
			"where": "text/rfcs/rfc7231.txt",
			"count": 1769,
			"score": 0.06140016
		}
	],
	"sn so sp sq sr ss st su sv sw sx sy sz": [
		{
			"where": "text/rfcs/rfc7231.txt",
			"count": 962,
			"score": 0.03339002
		}
	],
	"t": [
		{
			"where": "text/rfcs/rfc7231.txt",
			"count": 4294,
			"score": 0.14904030
		}
	],
	"ta tb tc td te tf tg th ti tj tk tl tm": [
		{
			"where": "text/rfcs/rfc7231.txt",
			"count": 3054,
			"score": 0.10600118
		}
	],
	"ta te ti to tu": [
		{
			"where": "text/rfcs/rfc7231.txt",
			"count": 1170,
			"score": 0.04060949
		}
	],
	"tn to tp tq tr ts tt tu tv tw tx ty tz": [
		{
			"where": "text/rfcs/rfc7231.txt",
			"count": 1231,
			"score": 0.04272674
		}
	],
	"u": [
		{
			"where": "text/rfcs/rfc7231.txt",
			"count": 755,
			"score": 0.02620527
		}
	],
	"u v": [
		{
			"where": "text/rfcs/rfc7231.txt",
			"count": 983,
			"score": 0.03411891
		}
	],
	"u v w x": [
		{
			"where": "text/rfcs/rfc7231.txt",
			"count": 1769,
			"score": 0.06140016
		}
	],
	"u v w x y": [
		{
			"where": "text/rfcs/rfc7231.txt",
			"count": 1801,
			"score": 0.06251085
		}
	],
	"ua ub uc ud ue uf ug uh ui uj uk ul um": [
		{
			"where": "text/rfcs/rfc7231.txt",
			"count": 1,
			"score": 0.00003471
		}
	],
	"ua ue ui uo uu": [
	],
	"un uo up uq ur us ut uu uv uw ux uy uz": [
		{
			"where": "text/rfcs/rfc7231.txt",
			"count": 753,
			"score": 0.02613585
		}
	],
	"v": [
		{
			"where": "text/rfcs/rfc7231.txt",
			"count": 228,
			"score": 0.00791364
		}
	],
	"v w x": [
		{
			"where": "text/rfcs/rfc7231.txt",
			"count": 1014,
			"score": 0.03519489
		}
	],
	"va vb vc vd ve vf vg vh vi vj vk vl vm": [
		{
			"where": "text/rfcs/rfc7231.txt",
			"count": 226,
			"score": 0.00784423
		}
	],
	"va ve vi vo vu": [
		{
			"where": "text/rfcs/rfc7231.txt",
			"count": 226,
			"score": 0.00784423
		}
	],
	"vn vo vp vq vr vs vt vu vv vw vx vy vz": [
		{
			"where": "text/rfcs/rfc7231.txt",
			"count": 1,
			"score": 0.00003471
		}
	],
	"w": [
		{
			"where": "text/rfcs/rfc7231.txt",
			"count": 671,
			"score": 0.02328972
		}
	],
	"w x": [
		{
			"where": "text/rfcs/rfc7231.txt",
			"count": 786,
			"score": 0.02728125
		}
	],
	"wa wb wc wd we wf wg wh wi wj wk wl wm": [
		{
			"where": "text/rfcs/rfc7231.txt",
			"count": 618,
			"score": 0.02145014
		}
	],
	"wa we wi wo wu": [
		{
			"where": "text/rfcs/rfc7231.txt",
			"count": 427,
			"score": 0.01482073
		}
	],
	"wn wo wp wq wr ws wt wu wv ww wx wy wz": [
		{
			"where": "text/rfcs/rfc7231.txt",
			"count": 52,
			"score": 0.00180487
		}
	],
	"x": [
		{
			"where": "text/rfcs/rfc7231.txt",
			"count": 115,
			"score": 0.00399153
		}
	],
	"xa xb xc xd xe xf xg xh xi xj xk xl xm": [
		{
			"where": "text/rfcs/rfc7231.txt",
			"count": 33,
			"score": 0.00114540
		}
	],
	"xa xe xi xo xu": [
		{
			"where": "text/rfcs/rfc7231.txt",
			"count": 14,
			"score": 0.00048593
		}
	],
	"xn xo xp xq xr xs xt xu xv xw xx xy xz": [
		{
			"where": "text/rfcs/rfc7231.txt",
			"count": 49,
			"score": 0.00170074
		}
	],
	"y": [
		{
			"where": "text/rfcs/rfc7231.txt",
			"count": 32,
			"score": 0.00111069
		}
	],
	"y z": [
		{
			"where": "text/rfcs/rfc7231.txt",
			"count": 45,
			"score": 0.00156190
		}
	],
	"ya yb yc yd ye yf yg yh yi yj yk yl ym": [
		{
			"where": "text/rfcs/rfc7231.txt",
			"count": 30,
			"score": 0.00104127
		}
	],
	"ya ye yi yo yu": [
		{
			"where": "text/rfcs/rfc7231.txt",
			"count": 31,
			"score": 0.00107598
		}
	],
	"yn yo yp yq yr ys yt yu yv yw yx yy yz": [
		{
			"where": "text/rfcs/rfc7231.txt",
			"count": 1,
			"score": 0.00003471
		}
	],
	"z": [
		{
			"where": "text/rfcs/rfc7231.txt",
			"count": 13,
			"score": 0.00045122
		}
	],
	"za zb zc zd ze zf zg zh zi zj zk zl zm": [
		{
			"where": "text/rfcs/rfc7231.txt",
			"count": 13,
			"score": 0.00045122
		}
	],
	"za ze zi zo zu": [
		{
			"where": "text/rfcs/rfc7231.txt",
			"count": 13,
			"score": 0.00045122
		}
	],
	"zn zo zp zq zr zs zt zu zv zw zx zy zz": [
	]
}