{
	"a": [
		{
			"where": "text/guten/pg22577.txt",
			"count": 6635,
			"score": 0.10427471
		}
	],
	"a b": [
		{
			"where": "text/guten/pg22577.txt",
			"count": 9572,
			"score": 0.15043219
		}
	],
	"a b c": [
		{
			"where": "text/guten/pg22577.txt",
			"count": 12482,
			"score": 0.19616533
		}
	],
	"a b c d": [
		{
			"where": "text/guten/pg22577.txt",
			"count": 14380,
			"score": 0.22599403
		}
	],
	"a b c d e": [
		{
			"where": "text/guten/pg22577.txt",
			"count": 16086,
			"score": 0.25280528
		}
	],
	"a b c d e f": [
		{
			"where": "text/guten/pg22577.txt",
			"count": 18411,
			"score": 0.28934465
		}
	],
	"a b c d e f g": [
		{
			"where": "text/guten/pg22577.txt",
			"count": 19686,
			"score": 0.30938237
		}
	],
	"a b c d e f g h": [
		{
			"where": "text/guten/pg22577.txt",
			"count": 22689,
			"score": 0.35657709
		}
	],
	"a b c d e f g h i": [
		{
			"where": "text/guten/pg22577.txt",
			"count": 27802,
			"score": 0.43693226
		}
	],
	"a b c d e f g h i j": [
		{
			"where": "text/guten/pg22577.txt",
			"count": 28113,
			"score": 0.44181990
		}
	],
	"a b c d e f g h i j k l m n o p q r s t u v w x y z": [
		{
			"where": "text/guten/pg22577.txt",
			"count": 63628,
			"score": 0.99996857
		}
	],
	"aa ab ac ad ae af ag ah ai aj ak al am": [
		{
			"where": "text/guten/pg22577.txt",
			"count": 1621,
			"score": 0.02547540
		}
	],
	"aa ae ai ao au": [
		{
			"where": "text/guten/pg22577.txt",
			"count": 104,
			"score": 0.00163445
		}
	],
	"aa ee ii oo uu": [
		{
			"where": "text/guten/pg22577.txt",
			"count": 10,
			"score": 0.00015716
		}
	],
	"an ao ap aq ar as at au av aw ax ay az": [
		{
			"where": "text/guten/pg22577.txt",
			"count": 3720,
			"score": 0.05846299
		}
	],
	"b": [
		{
			"where": "text/guten/pg22577.txt",
			"count": 2937,
			"score": 0.04615747
		}
	],
	"ba bb bc bd be bf bg bh bi bj bk bl bm": [
		{
			"where": "text/guten/pg22577.txt",
			"count": 1774,
			"score": 0.02787993
		}
	],
	"ba be bi bo bu": [
		{
			"where": "text/guten/pg22577.txt",
			"count": 2356,
			"score": 0.03702656
		}
	],
	"bn bo bp bq br bs bt bu bv bw bx by bz": [
		{
			"where": "text/guten/pg22577.txt",
			"count": 1148,
			"score": 0.01804180
		}
	],
	"c": [
		{
			"where": "text/guten/pg22577.txt",
			"count": 2910,
			"score": 0.04573314
		}
	],
	"c d": [
		{
			"where": "text/guten/pg22577.txt",
			"count": 4808,
			"score": 0.07556184
		}
	],
	"ca cb cc cd ce cf cg ch ci cj ck cl cm": [
		{
			"where": "text/guten/pg22577.txt",
			"count": 1328,
			"score": 0.02087066
		}
	],
	"ca ce ci co cu": [
		{
			"where": "text/guten/pg22577.txt",
			"count": 2232,
			"score": 0.03507779
		}
	],
	"cn co cp cq cr cs ct cu cv cw cx cy cz": [
		{
			"where": "text/guten/pg22577.txt",
			"count": 1564,
			"score": 0.02457960
		}
	],
	"d": [
		{
			"where": "text/guten/pg22577.txt",
			"count": 1898,
			"score": 0.02982870
		}
	],
	"d e f": [
		{
			"where": "text/guten/pg22577.txt",
			"count": 5929,
			"score": 0.09317932
		}
	],
	"da db dc dd de df dg dh di dj dk dl dm": [
		{
			"where": "text/guten/pg22577.txt",
			"count": 1128,
			"score": 0.01772749
		}
	],
	"da de di do du": [
		{
			"where": "text/guten/pg22577.txt",
			"count": 1804,
			"score": 0.02835141
		}
	],
	"dn do dp dq dr ds dt du dv dw dx dy dz": [
		{
			"where": "text/guten/pg22577.txt",
			"count": 764,
			"score": 0.01200691
		}
	],
	"e": [
		{
			"where": "text/guten/pg22577.txt",
			"count": 1706,
			"score": 0.02681125
		}
	],
	"e f": [
		{
			"where": "text/guten/pg22577.txt",
			"count": 4031,
			"score": 0.06335062
		}
	],
	"e f g h": [
		{
			"where": "text/guten/pg22577.txt",
			"count": 8309,
			"score": 0.13058306
		}
	],
	"ea eb ec ed ee ef eg eh ei ej ek el em": [
		{
			"where": "text/guten/pg22577.txt",
			"count": 538,
			"score": 0.00845513
		}
	],
	"ea ee ei eo eu": [
		{
			"where": "text/guten/pg22577.txt",
			"count": 286,
			"score": 0.00449474
		}
	],
	"en eo ep eq er es et eu ev ew ex ey ez": [
		{
			"where": "text/guten/pg22577.txt",
			"count": 1125,
			"score": 0.01768034
		}
	],
	"f": [
		{
			"where": "text/guten/pg22577.txt",
			"count": 2325,
			"score": 0.03653937
		}
	],
	"f g h i j": [
		{
			"where": "text/guten/pg22577.txt",
			"count": 12027,
			"score": 0.18901462
		}
	],
	"fa fb fc fd fe ff fg fh fi fj fk fl fm": [
		{
			"where": "text/guten/pg22577.txt",
			"count": 732,
			"score": 0.01150401
		}
	],
	"fa fe fi fo fu": [
		{
			"where": "text/guten/pg22577.txt",
			"count": 1936,
			"score": 0.03042590
		}
	],
	"fn fo fp fq fr fs ft fu fv fw fx fy fz": [
		{
			"where": "text/guten/pg22577.txt",
			"count": 1579,
			"score": 0.02481534
		}
	],
	"g": [
		{
			"where": "text/guten/pg22577.txt",
			"count": 1275,
			"score": 0.02003772
		}
	],
	"g h": [
		{
			"where": "text/guten/pg22577.txt",
			"count": 4278,
			"score": 0.06723244
		}
	],
	"g h i": [
		{
			"where": "text/guten/pg22577.txt",
			"count": 9391,
			"score": 0.14758762
		}
	],
	"g h i j k l": [
		{
			"where": "text/guten/pg22577.txt",
			"count": 11163,
			"score": 0.17543612
		}
	],
	"ga gb gc gd ge gf gg gh gi gj gk gl gm": [
		{
			"where": "text/guten/pg22577.txt",
			"count": 561,
			"score": 0.00881660
		}
	],
	"ga ge gi go gu": [
		{
			"where": "text/guten/pg22577.txt",
			"count": 891,
			"score": 0.01400283
		}
	],
	"gn go gp gq gr gs gt gu gv gw gx gy gz": [
		{
			"where": "text/guten/pg22577.txt",
			"count": 712,
			"score": 0.01118969
		}
	],
	"h": [
		{
			"where": "text/guten/pg22577.txt",
			"count": 3003,
			"score": 0.04719472
		}
	],
	"h i j k l m n": [
		{
			"where": "text/guten/pg22577.txt",
			"count": 14184,
			"score": 0.22291372
		}
	],
	"ha hb hc hd he hf hg hh hi hj hk hl hm": [
		{
			"where": "text/guten/pg22577.txt",
			"count": 2630,
			"score": 0.04133270
		}
	],
	"ha he hi ho hu": [
		{
			"where": "text/guten/pg22577.txt",
			"count": 2972,
			"score": 0.04670753
		}
	],
	"hn ho hp hq hr hs ht hu hv hw hx hy hz": [
		{
			"where": "text/guten/pg22577.txt",
			"count": 369,
			"score": 0.00579915
		}
	],
	"i": [
		{
			"where": "text/guten/pg22577.txt",
			"count": 5113,
			"score": 0.08035518
		}
	],
	"i j": [
		{
			"where": "text/guten/pg22577.txt",
			"count": 5424,
			"score": 0.08524281
		}
	],
	"i j k l": [
		{
			"where": "text/guten/pg22577.txt",
			"count": 6885,
			"score": 0.10820368
		}
	],
	"i j k l m n o p": [
		{
			"where": "text/guten/pg22577.txt",
			"count": 18426,
			"score": 0.28958039
		}
	],
	"ia ib ic id ie if ig ih ii ij ik il im": [
		{
			"where": "text/guten/pg22577.txt",
			"count": 551,
			"score": 0.00865944
		}
	],
	"ia ie ii io iu": [
		{
			"where": "text/guten/pg22577.txt",
			"count": 11,
			"score": 0.00017287
		}
	],
	"in io ip iq ir is it iu iv iw ix iy iz": [
		{
			"where": "text/guten/pg22577.txt",
			"count": 3835,
			"score": 0.06027031
		}
	],
	"j": [
		{
			"where": "text/guten/pg22577.txt",
			"count": 311,
			"score": 0.00488763
		}
	],
	"j k l": [
		{
			"where": "text/guten/pg22577.txt",
			"count": 1772,
			"score": 0.02784850
		}
	],
	"j k l m n o p q r": [
		{
			"where": "text/guten/pg22577.txt",
			"count": 14826,
			"score": 0.23300330
		}
	],
	"ja jb jc jd je jf jg jh ji jj jk jl jm": [
		{
			"where": "text/guten/pg22577.txt",
			"count": 48,
			"score": 0.00075436
		}
	],
	"ja je ji jo ju": [
		{
			"where": "text/guten/pg22577.txt",
			"count": 305,
			"score": 0.00479334
		}
	],
	"jn jo jp jq jr js jt ju jv jw jx jy jz": [
		{
			"where": "text/guten/pg22577.txt",
			"count": 257,
			"score": 0.00403898
		}
	],
	"k": [
		{
			"where": "text/guten/pg22577.txt",
			"count": 206,
			"score": 0.00323747
		}
	],
	"k l": [
		{
			"where": "text/guten/pg22577.txt",
			"count": 1461,
			"score": 0.02296087
		}
	],
	"k l m n o": [
		{
			"where": "text/guten/pg22577.txt",
			"count": 10127,
			"score": 0.15915449
		}
	],
	"k l m n o p q r s t": [
		{
			"where": "text/guten/pg22577.txt",
			"count": 28659,
			"score": 0.45040075
		}
	],
	"ka kb kc kd ke kf kg kh ki kj kk kl km": [
		{
			"where": "text/guten/pg22577.txt",
			"count": 97,
			"score": 0.00152444
		}
	],
	"ka ke ki ko ku": [
		{
			"where": "text/guten/pg22577.txt",
			"count": 104,
			"score": 0.00163445
		}
	],
	"kn ko kp kq kr ks kt ku kv kw kx ky kz": [
		{
			"where": "text/guten/pg22577.txt",
			"count": 109,
			"score": 0.00171303
		}
	],
	"l": [
		{
			"where": "text/guten/pg22577.txt",
			"count": 1255,
			"score": 0.01972340
		}
	],
	"la lb lc ld le lf lg lh li lj lk ll lm": [
		{
			"where": "text/guten/pg22577.txt",
			"count": 1029,
			"score": 0.01617162
		}
	],
	"la le li lo lu": [
		{
			"where": "text/guten/pg22577.txt",
			"count": 1253,
			"score": 0.01969197
		}
	],
	"ln lo lp lq lr ls lt lu lv lw lx ly lz": [
		{
			"where": "text/guten/pg22577.txt",
			"count": 226,
			"score": 0.00355178
		}
	],
	"m": [
		{
			"where": "text/guten/pg22577.txt",
			"count": 2384,
			"score": 0.03746660
		}
	],
	"m n": [
		{
			"where": "text/guten/pg22577.txt",
			"count": 4296,
			"score": 0.06751532
		}
	],
	"m n o": [
		{
			"where": "text/guten/pg22577.txt",
			"count": 8666,
			"score": 0.13619362
		}
	],
	"m n o p": [
		{
			"where": "text/guten/pg22577.txt",
			"count": 11541,
			"score": 0.18137671
		}
	],
	"m n o p q r": [
		{
			"where": "text/guten/pg22577.txt",
			"count": 13054,
			"score": 0.20515480
		}
	],
	"ma mb mc md me mf mg mh mi mj mk ml mm": [
		{
			"where": "text/guten/pg22577.txt",
			"count": 1501,
			"score": 0.02358950
		}
	],
	"ma me mi mo mu": [
		{
			"where": "text/guten/pg22577.txt",
			"count": 2164,
			"score": 0.03400912
		}
	],
	"mn mo mp mq mr ms mt mu mv mw mx my mz": [
		{
			"where": "text/guten/pg22577.txt",
			"count": 881,
			"score": 0.01384567
		}
	],
	"n": [
		{
			"where": "text/guten/pg22577.txt",
			"count": 1912,
			"score": 0.03004872
		}
	],
	"na nb nc nd ne nf ng nh ni nj nk nl nm": [
		{
			"where": "text/guten/pg22577.txt",
			"count": 597,
			"score": 0.00938237
		}
	],
	"na ne ni no nu": [
		{
			"where": "text/guten/pg22577.txt",
			"count": 1909,
			"score": 0.03000157
		}
	],
	"nn no np nq nr ns nt nu nv nw nx ny nz": [
		{
			"where": "text/guten/pg22577.txt",
			"count": 1312,
			"score": 0.02061920
		}
	],
	"o": [
		{
			"where": "text/guten/pg22577.txt",
			"count": 4370,
			"score": 0.06867830
		}
	],
	"o p": [
		{
			"where": "text/guten/pg22577.txt",
			"count": 7245,
			"score": 0.11386139
		}
	],
	"o p q r s t u": [
		{
			"where": "text/guten/pg22577.txt",
			"count": 24098,
			"score": 0.37872073
		}
	],
	"oa ob oc od oe of og oh oi oj ok ol om": [
		{
			"where": "text/guten/pg22577.txt",
			"count": 2581,
			"score": 0.04056263
		}
	],
	"oa oe oi oo ou": [
		{
			"where": "text/guten/pg22577.txt",
			"count": 212,
			"score": 0.00333176
		}
	],
	"on oo op oq or os ot ou ov ow ox oy oz": [
		{
			"where": "text/guten/pg22577.txt",
			"count": 1778,
			"score": 0.02794279
		}
	],
	"p": [
		{
			"where": "text/guten/pg22577.txt",
			"count": 2875,
			"score": 0.04518309
		}
	],
	"p q r": [
		{
			"where": "text/guten/pg22577.txt",
			"count": 4388,
			"score": 0.06896118
		}
	],
	"p q r s t": [
		{
			"where": "text/guten/pg22577.txt",
			"count": 18532,
			"score": 0.29124627
		}
	],
	"pa pb pc pd pe pf pg ph pi pj pk pl pm": [
		{
			"where": "text/guten/pg22577.txt",
			"count": 1452,
			"score": 0.02281942
		}
	],
	"pa pe pi po pu": [
		{
			"where": "text/guten/pg22577.txt",
			"count": 1416,
			"score": 0.02225365
		}
	],
	"pn po pp pq pr ps pt pu pv pw px py pz": [
		{
			"where": "text/guten/pg22577.txt",
			"count": 1419,
			"score": 0.02230080
		}
	],
	"q": [
		{
			"where": "text/guten/pg22577.txt",
			"count": 103,
			"score": 0.00161873
		}
	],
	"q r": [
		{
			"where": "text/guten/pg22577.txt",
			"count": 1513,
			"score": 0.02377809
		}
	],
	"q r s t": [
		{
			"where": "text/guten/pg22577.txt",
			"count": 15657,
			"score": 0.24606318
		}
	],
	"q r s t u v w x": [
		{
			"where": "text/guten/pg22577.txt",
			"count": 21688,
			"score": 0.34084551
		}
	],
	"qa qb qc qd qe qf qg qh qi qj qk ql qm": [
	],
	"qa qe qi qo qu": [
		{
			"where": "text/guten/pg22577.txt",
			"count": 103,
			"score": 0.00161873
		}
	],
	"qn qo qp qq qr qs qt qu qv qw qx qy qz": [
		{
			"where": "text/guten/pg22577.txt",
			"count": 103,
			"score": 0.00161873
		}
	],
	"r": [
		{
			"where": "text/guten/pg22577.txt",
			"count": 1410,
			"score": 0.02215936
		}
	],
	"ra rb rc rd re rf rg rh ri rj rk rl rm": [
		{
			"where": "text/guten/pg22577.txt",
			"count": 1169,
			"score": 0.01837184
		}
	],
	"ra re ri ro ru": [
		{
			"where": "text/guten/pg22577.txt",
			"count": 1394,
			"score": 0.02190791
		}
	],
	"rn ro rp rq rr rs rt ru rv rw rx ry rz": [
		{
			"where": "text/guten/pg22577.txt",
			"count": 233,
			"score": 0.00366179
		}
	],
	"s": [
		{
			"where": "text/guten/pg22577.txt",
			"count": 4684,
			"score": 0.07361308
		}
	],
	"s t": [
		{
			"where": "text/guten/pg22577.txt",
			"count": 14144,
			"score": 0.22228509
		}
	],
	"s t u": [
		{
			"where": "text/guten/pg22577.txt",
			"count": 15340,
			"score": 0.24108125
		}
	],
	"s t u v w x": [
		{
			"where": "text/guten/pg22577.txt",
			"count": 20175,
			"score": 0.31706742
		}
	],
	"sa sb sc sd se sf sg sh si sj sk sl sm": [
		{
			"where": "text/guten/pg22577.txt",
			"count": 2888,
			"score": 0.04538740
		}
	],
	"sa se si so su": [
		{
			"where": "text/guten/pg22577.txt",
			"count": 2943,
			"score": 0.04625177
		}
	],
	"sn so sp sq sr ss st su sv sw sx sy sz": [
		{
			"where": "text/guten/pg22577.txt",
			"count": 1772,
			"score": 0.02784850
		}
	],
	"t": [
		{
			"where": "text/guten/pg22577.txt",
			"count": 9460,
			"score": 0.14867201
		}
	],
	"ta tb tc td te tf tg th ti tj tk tl tm": [
		{
			"where": "text/guten/pg22577.txt",
			"count": 7078,
			"score": 0.11123684
		}
	],
	"ta te ti to tu": [
		{
			"where": "text/guten/pg22577.txt",
			"count": 2552,
			"score": 0.04010687
		}
	],
	"tn to tp tq tr ts tt tu tv tw tx ty tz": [
		{
			"where": "text/guten/pg22577.txt",
			"count": 2382,
			"score": 0.03743517
		}
	],
	"u": [
		{
			"where": "text/guten/pg22577.txt",
			"count": 1196,
			"score": 0.01879617
		}
	],
	"u v": [
		{
			"where": "text/guten/pg22577.txt",
			"count": 1835,
			"score": 0.02883860
		}
	],
	"u v w x": [
		{
			"where": "text/guten/pg22577.txt",
			"count": 6031,
			"score": 0.09478234
		}
	],
	"u v w x y": [
		{
			"where": "text/guten/pg22577.txt",
			"count": 6843,
			"score": 0.10754361
		}
	],
	"ua ub uc ud ue uf ug uh ui uj uk ul um": [
		{
			"where": "text/guten/pg22577.txt",
			"count": 6,
			"score": 0.00009430
		}
	],
	"ua ue ui uo uu": [
	],
	"un uo up uq ur us ut uu uv uw ux uy uz": [
		{
			"where": "text/guten/pg22577.txt",
			"count": 1184,
			"score": 0.01860758
		}
	],
	"v": [
		{
			"where": "text/guten/pg22577.txt",
			"count": 639,
			"score": 0.01004243
		}
	],
	"v w x": [
		{
			"where": "text/guten/pg22577.txt",
			"count": 4835,
			"score": 0.07598617
		}
	],
	"va vb vc vd ve vf vg vh vi vj vk vl vm": [
		{
			"where": "text/guten/pg22577.txt",
			"count": 512,
			"score": 0.00804652
		}
	],
	"va ve vi vo vu": [
		{
			"where": "text/guten/pg22577.txt",
			"count": 636,
			"score": 0.00999529
		}
	],
	"vn vo vp vq vr vs vt vu vv vw vx vy vz": [
		{
			"where": "text/guten/pg22577.txt",
			"count": 125,
			"score": 0.00196448
		}
	],
	"w": [
		{
			"where": "text/guten/pg22577.txt",
			"count": 4175,
			"score": 0.06561370
		}
	],
	"w x": [
		{
			"where": "text/guten/pg22577.txt",
			"count": 4196,
			"score": 0.06594374
		}
	],
	"wa wb wc wd we wf wg wh wi wj wk wl wm": [
		{
			"where": "text/guten/pg22577.txt",
			"count": 3178,
			"score": 0.04994499
		}
	],
	"wa we wi wo wu": [
		{
			"where": "text/guten/pg22577.txt",
			"count": 2825,
			"score": 0.04439730
		}
	],
	"wn wo wp wq wr ws wt wu wv ww wx wy wz": [
		{
			"where": "text/guten/pg22577.txt",
			"count": 992,
			"score": 0.01559013
		}
	],
	"x": [
		{
			"where": "text/guten/pg22577.txt",
			"count": 21,
			"score": 0.00033003
		}
	],
	"xa xb xc xd xe xf xg xh xi xj xk xl xm": [
		{
			"where": "text/guten/pg22577.txt",
			"count": 6,
			"score": 0.00009430
		}
	],
	"xa xe xi xo xu": [
		{
			"where": "text/guten/pg22577.txt",
			"count": 5,
			"score": 0.00007858
		}
	],
	"xn xo xp xq xr xs xt xu xv xw xx xy xz": [
		{
			"where": "text/guten/pg22577.txt",
			"count": 1,
			"score": 0.00001572
		}
	],
	"y": [
		{
			"where": "text/guten/pg22577.txt",
			"count": 812,
			"score": 0.01276128
		}
	],
	"y z": [
		{
			"where": "text/guten/pg22577.txt",
			"count": 825,
			"score": 0.01296558
		}
	],
	"ya yb yc yd ye yf yg yh yi yj yk yl ym": [
		{
			"where": "text/guten/pg22577.txt",
			"count": 81,
			"score": 0.00127298
		}
	],
	"ya ye yi yo yu": [
		{
			"where": "text/guten/pg22577.txt",
			"count": 799,
			"score": 0.01255697
		}
	],
	"yn yo yp yq yr ys yt yu yv yw yx yy yz": [
		{
			"where": "text/guten/pg22577.txt",
			"count": 722,
			"score": 0.01134685
		}
	],
	"z": [
		{
			"where": "text/guten/pg22577.txt",
			"count": 13,
			"score": 0.00020431
		}
	],
	"za zb zc zd ze zf zg zh zi zj zk zl zm": [
		{
			"where": "text/guten/pg22577.txt",
			"count": 7,
			"score": 0.00011001
		}
	],
	"za ze zi zo zu": [
		{
			"where": "text/guten/pg22577.txt",
			"count": 11,
			"score": 0.00017287
		}
	],
	"zn zo zp zq zr zs zt zu zv zw zx zy zz": [
		{
			"where": "text/guten/pg22577.txt",
			"count": 5,
			"score": 0.00007858
		}
	]
}