{
	"a": [
		{
			"where": "text/guten/1400-0.txt",
			"count": 4066,
			"score": 0.02170061
		}
	],
	"a b": [
		{
			"where": "text/guten/1400-0.txt",
			"count": 4071,
			"score": 0.02172730
		}
	],
	"a b c": [
		{
			"where": "text/guten/1400-0.txt",
			"count": 4076,
			"score": 0.02175398
		}
	],
	"a b c d": [
		{
			"where": "text/guten/1400-0.txt",
			"count": 4079,
			"score": 0.02176999
		}
	],
	"a b c d e": [
		{
			"where": "text/guten/1400-0.txt",
			"count": 4101,
			"score": 0.02188741
		}
	],
	"a b c d e f": [
		{
			"where": "text/guten/1400-0.txt",
			"count": 4112,
			"score": 0.02194612
		}
	],
	"a b c d e f g": [
		{
			"where": "text/guten/1400-0.txt",
			"count": 4113,
			"score": 0.02195145
		}
	],
	"a b c d e f g h": [
		{
			"where": "text/guten/1400-0.txt",
			"count": 4113,
			"score": 0.02195145
		}
	],
	"a b c d e f g h i": [
		{
			"where": "text/guten/1400-0.txt",
			"count": 10530,
			"score": 0.05619956
		}
	],
	"a b c d e f g h i j": [
		{
			"where": "text/guten/1400-0.txt",
			"count": 10540,
			"score": 0.05625294
		}
	],
	"a b c d e f g h i j k l m n o p q r s t u v w x y z": [
		{
			"where": "text/guten/1400-0.txt",
			"count": 10620,
			"score": 0.05667990
		}
	],
	"aa ab ac ad ae af ag ah ai aj ak al am": [
		{
			"where": "text/guten/1400-0.txt",
			"count": 314,
			"score": 0.00167585
		}
	],
	"aa ae ai ao au": [
	],
	"aa ee ii oo uu": [
		{
			"where": "text/guten/1400-0.txt",
			"count": 2,
			"score": 0.00001067
		}
	],
	"an ao ap aq ar as at au av aw ax ay az": [
		{
			"where": "text/guten/1400-0.txt",
			"count": 3890,
			"score": 0.02076128
		}
	],
	"b": [
		{
			"where": "text/guten/1400-0.txt",
			"count": 5,
			"score": 0.00002669
		}
	],
	"ba bb bc bd be bf bg bh bi bj bk bl bm": [
		{
			"where": "text/guten/1400-0.txt",
			"count": 1309,
			"score": 0.00698625
		}
	],
	"ba be bi bo bu": [
		{
			"where": "text/guten/1400-0.txt",
			"count": 1309,
			"score": 0.00698625
		}
	],
	"bn bo bp bq br bs bt bu bv bw bx by bz": [
		{
			"where": "text/guten/1400-0.txt",
			"count": 815,
			"score": 0.00434973
		}
	],
	"c": [
		{
			"where": "text/guten/1400-0.txt",
			"count": 5,
			"score": 0.00002669
		}
	],
	"c d": [
		{
			"where": "text/guten/1400-0.txt",
			"count": 8,
			"score": 0.00004270
		}
	],
	"ca cb cc cd ce cf cg ch ci cj ck cl cm": [
	],
	"ca ce ci co cu": [
		{
			"where": "text/guten/1400-0.txt",
			"count": 3,
			"score": 0.00001601
		}
	],
	"cn co cp cq cr cs ct cu cv cw cx cy cz": [
		{
			"where": "text/guten/1400-0.txt",
			"count": 3,
			"score": 0.00001601
		}
	],
	"d": [
		{
			"where": "text/guten/1400-0.txt",
			"count": 3,
			"score": 0.00001601
		}
	],
	"d e f": [
		{
			"where": "text/guten/1400-0.txt",
			"count": 36,
			"score": 0.00019214
		}
	],
	"da db dc dd de df dg dh di dj dk dl dm": [
	],
	"da de di do du": [
		{
			"where": "text/guten/1400-0.txt",
			"count": 510,
			"score": 0.00272192
		}
	],
	"dn do dp dq dr ds dt du dv dw dx dy dz": [
		{
			"where": "text/guten/1400-0.txt",
			"count": 512,
			"score": 0.00273259
		}
	],
	"e": [
		{
			"where": "text/guten/1400-0.txt",
			"count": 22,
			"score": 0.00011742
		}
	],
	"e f": [
		{
			"where": "text/guten/1400-0.txt",
			"count": 33,
			"score": 0.00017612
		}
	],
	"e f g h": [
		{
			"where": "text/guten/1400-0.txt",
			"count": 34,
			"score": 0.00018146
		}
	],
	"ea eb ec ed ee ef eg eh ei ej ek el em": [
		{
			"where": "text/guten/1400-0.txt",
			"count": 57,
			"score": 0.00030421
		}
	],
	"ea ee ei eo eu": [
	],
	"en eo ep eq er es et eu ev ew ex ey ez": [
	],
	"f": [
		{
			"where": "text/guten/1400-0.txt",
			"count": 11,
			"score": 0.00005871
		}
	],
	"f g h i j": [
		{
			"where": "text/guten/1400-0.txt",
			"count": 6439,
			"score": 0.03436553
		}
	],
	"fa fb fc fd fe ff fg fh fi fj fk fl fm": [
	],
	"fa fe fi fo fu": [
	],
	"fn fo fp fq fr fs ft fu fv fw fx fy fz": [
	],
	"g": [
		{
			"where": "text/guten/1400-0.txt",
			"count": 1,
			"score": 0.00000534
		}
	],
	"g h": [
		{
			"where": "text/guten/1400-0.txt",
			"count": 1,
			"score": 0.00000534
		}
	],
	"g h i": [
		{
			"where": "text/guten/1400-0.txt",
			"count": 6418,
			"score": 0.03425345
		}
	],
	"g h i j k l": [
		{
			"where": "text/guten/1400-0.txt",
			"count": 6429,
			"score": 0.03431216
		}
	],
	"ga gb gc gd ge gf gg gh gi gj gk gl gm": [
	],
	"ga ge gi go gu": [
		{
			"where": "text/guten/1400-0.txt",
			"count": 498,
			"score": 0.00265787
		}
	],
	"gn go gp gq gr gs gt gu gv gw gx gy gz": [
		{
			"where": "text/guten/1400-0.txt",
			"count": 498,
			"score": 0.00265787
		}
	],
	"h": [
	],
	"h i j k l m n": [
		{
			"where": "text/guten/1400-0.txt",
			"count": 6429,
			"score": 0.03431216
		}
	],
	"ha hb hc hd he hf hg hh hi hj hk hl hm": [
		{
			"where": "text/guten/1400-0.txt",
			"count": 2212,
			"score": 0.01180564
		}
	],
	"ha he hi ho hu": [
		{
			"where": "text/guten/1400-0.txt",
			"count": 2212,
			"score": 0.01180564
		}
	],
	"hn ho hp hq hr hs ht hu hv hw hx hy hz": [
	],
	"i": [
		{
			"where": "text/guten/1400-0.txt",
			"count": 6417,
			"score": 0.03424811
		}
	],
	"i j": [
		{
			"where": "text/guten/1400-0.txt",
			"count": 6427,
			"score": 0.03430148
		}
	],
	"i j k l": [
		{
			"where": "text/guten/1400-0.txt",
			"count": 6428,
			"score": 0.03430682
		}
	],
	"i j k l m n o p": [
		{
			"where": "text/guten/1400-0.txt",
			"count": 6496,
			"score": 0.03466974
		}
	],
	"ia ib ic id ie if ig ih ii ij ik il im": [
		{
			"where": "text/guten/1400-0.txt",
			"count": 852,
			"score": 0.00454720
		}
	],
	"ia ie ii io iu": [
		{
			"where": "text/guten/1400-0.txt",
			"count": 2,
			"score": 0.00001067
		}
	],
	"in io ip iq ir is it iu iv iw ix iy iz": [
		{
			"where": "text/guten/1400-0.txt",
			"count": 6652,
			"score": 0.03550233
		}
	],
	"j": [
		{
			"where": "text/guten/1400-0.txt",
			"count": 10,
			"score": 0.00005337
		}
	],
	"j k l": [
		{
			"where": "text/guten/1400-0.txt",
			"count": 11,
			"score": 0.00005871
		}
	],
	"j k l m n o p q r": [
		{
			"where": "text/guten/1400-0.txt",
			"count": 80,
			"score": 0.00042697
		}
	],
	"ja jb jc jd je jf jg jh ji jj jk jl jm": [
	],
	"ja je ji jo ju": [
		{
			"where": "text/guten/1400-0.txt",
			"count": 8,
			"score": 0.00004270
		}
	],
	"jn jo jp jq jr js jt ju jv jw jx jy jz": [
		{
			"where": "text/guten/1400-0.txt",
			"count": 9,
			"score": 0.00004803
		}
	],
	"k": [
	],
	"k l": [
		{
			"where": "text/guten/1400-0.txt",
			"count": 1,
			"score": 0.00000534
		}
	],
	"k l m n o": [
		{
			"where": "text/guten/1400-0.txt",
			"count": 65,
			"score": 0.00034691
		}
	],
	"k l m n o p q r s t": [
		{
			"where": "text/guten/1400-0.txt",
			"count": 74,
			"score": 0.00039494
		}
	],
	"ka kb kc kd ke kf kg kh ki kj kk kl km": [
	],
	"ka ke ki ko ku": [
	],
	"kn ko kp kq kr ks kt ku kv kw kx ky kz": [
	],
	"l": [
		{
			"where": "text/guten/1400-0.txt",
			"count": 1,
			"score": 0.00000534
		}
	],
	"la lb lc ld le lf lg lh li lj lk ll lm": [
		{
			"where": "text/guten/1400-0.txt",
			"count": 1,
			"score": 0.00000534
		}
	],
	"la le li lo lu": [
		{
			"where": "text/guten/1400-0.txt",
			"count": 1,
			"score": 0.00000534
		}
	],
	"ln lo lp lq lr ls lt lu lv lw lx ly lz": [
		{
			"where": "text/guten/1400-0.txt",
			"count": 1,
			"score": 0.00000534
		}
	],
	"m": [
		{
			"where": "text/guten/1400-0.txt",
			"count": 1,
			"score": 0.00000534
		}
	],
	"m n": [
		{
			"where": "text/guten/1400-0.txt",
			"count": 1,
			"score": 0.00000534
		}
	],
	"m n o": [
		{
			"where": "text/guten/1400-0.txt",
			"count": 64,
			"score": 0.00034157
		}
	],
	"m n o p": [
		{
			"where": "text/guten/1400-0.txt",
			"count": 68,
			"score": 0.00036292
		}
	],
	"m n o p q r": [
		{
			"where": "text/guten/1400-0.txt",
			"count": 69,
			"score": 0.00036826
		}
	],
	"ma mb mc md me mf mg mh mi mj mk ml mm": [
		{
			"where": "text/guten/1400-0.txt",
			"count": 1981,
			"score": 0.01057278
		}
	],
	"ma me mi mo mu": [
		{
			"where": "text/guten/1400-0.txt",
			"count": 1982,
			"score": 0.01057811
		}
	],
	"mn mo mp mq mr ms mt mu mv mw mx my mz": [
		{
			"where": "text/guten/1400-0.txt",
			"count": 2776,
			"score": 0.01481576
		}
	],
	"n": [
	],
	"na nb nc nd ne nf ng nh ni nj nk nl nm": [
		{
			"where": "text/guten/1400-0.txt",
			"count": 1,
			"score": 0.00000534
		}
	],
	"na ne ni no nu": [
		{
			"where": "text/guten/1400-0.txt",
			"count": 642,
			"score": 0.00342641
		}
	],
	"nn no np nq nr ns nt nu nv nw nx ny nz": [
		{
			"where": "text/guten/1400-0.txt",
			"count": 642,
			"score": 0.00342641
		}
	],
	"o": [
		{
			"where": "text/guten/1400-0.txt",
			"count": 63,
			"score": 0.00033624
		}
	],
	"o p": [
		{
			"where": "text/guten/1400-0.txt",
			"count": 67,
			"score": 0.00035759
		}
	],
	"o p q r s t u": [
		{
			"where": "text/guten/1400-0.txt",
			"count": 75,
			"score": 0.00040028
		}
	],
	"oa ob oc od oe of og oh oi oj ok ol om": [
		{
			"where": "text/guten/1400-0.txt",
			"count": 4575,
			"score": 0.02441719
		}
	],
	"oa oe oi oo ou": [
	],
	"on oo op oq or os ot ou ov ow ox oy oz": [
		{
			"where": "text/guten/1400-0.txt",
			"count": 2044,
			"score": 0.01090901
		}
	],
	"p": [
		{
			"where": "text/guten/1400-0.txt",
			"count": 4,
			"score": 0.00002135
		}
	],
	"p q r": [
		{
			"where": "text/guten/1400-0.txt",
			"count": 5,
			"score": 0.00002669
		}
	],
	"p q r s t": [
		{
			"where": "text/guten/1400-0.txt",
			"count": 9,
			"score": 0.00004803
		}
	],
	"pa pb pc pd pe pf pg ph pi pj pk pl pm": [
		{
			"where": "text/guten/1400-0.txt",
			"count": 6,
			"score": 0.00003202
		}
	],
	"pa pe pi po pu": [
		{
			"where": "text/guten/1400-0.txt",
			"count": 5,
			"score": 0.00002669
		}
	],
	"pn po pp pq pr ps pt pu pv pw px py pz": [
		{
			"where": "text/guten/1400-0.txt",
			"count": 2,
			"score": 0.00001067
		}
	],
	"q": [
	],
	"q r": [
		{
			"where": "text/guten/1400-0.txt",
			"count": 1,
			"score": 0.00000534
		}
	],
	"q r s t": [
		{
			"where": "text/guten/1400-0.txt",
			"count": 5,
			"score": 0.00002669
		}
	],
	"q r s t u v w x": [
		{
			"where": "text/guten/1400-0.txt",
			"count": 10,
			"score": 0.00005337
		}
	],
	"qa qb qc qd qe qf qg qh qi qj qk ql qm": [
	],
	"qa qe qi qo qu": [
	],
	"qn qo qp qq qr qs qt qu qv qw qx qy qz": [
	],
	"r": [
		{
			"where": "text/guten/1400-0.txt",
			"count": 1,
			"score": 0.00000534
		}
	],
	"ra rb rc rd re rf rg rh ri rj rk rl rm": [
	],
	"ra re ri ro ru": [
	],
	"rn ro rp rq rr rs rt ru rv rw rx ry rz": [
	],
	"s": [
		{
			"where": "text/guten/1400-0.txt",
			"count": 2,
			"score": 0.00001067
		}
	],
	"s t": [
		{
			"where": "text/guten/1400-0.txt",
			"count": 4,
			"score": 0.00002135
		}
	],
	"s t u": [
		{
			"where": "text/guten/1400-0.txt",
			"count": 7,
			"score": 0.00003736
		}
	],
	"s t u v w x": [
		{
			"where": "text/guten/1400-0.txt",
			"count": 9,
			"score": 0.00004803
		}
	],
	"sa sb sc sd se sf sg sh si sj sk sl sm": [
	],
	"sa se si so su": [
		{
			"where": "text/guten/1400-0.txt",
			"count": 786,
			"score": 0.00419495
		}
	],
	"sn so sp sq sr ss st su sv sw sx sy sz": [
		{
			"where": "text/guten/1400-0.txt",
			"count": 786,
			"score": 0.00419495
		}
	],
	"t": [
		{
			"where": "text/guten/1400-0.txt",
			"count": 2,
			"score": 0.00001067
		}
	],
	"ta tb tc td te tf tg th ti tj tk tl tm": [
		{
			"where": "text/guten/1400-0.txt",
			"count": 2,
			"score": 0.00001067
		}
	],
	"ta te ti to tu": [
		{
			"where": "text/guten/1400-0.txt",
			"count": 5131,
			"score": 0.02738461
		}
	],
	"tn to tp tq tr ts tt tu tv tw tx ty tz": [
		{
			"where": "text/guten/1400-0.txt",
			"count": 5131,
			"score": 0.02738461
		}
	],
	"u": [
		{
			"where": "text/guten/1400-0.txt",
			"count": 3,
			"score": 0.00001601
		}
	],
	"u v": [
		{
			"where": "text/guten/1400-0.txt",
			"count": 4,
			"score": 0.00002135
		}
	],
	"u v w x": [
		{
			"where": "text/guten/1400-0.txt",
			"count": 5,
			"score": 0.00002669
		}
	],
	"u v w x y": [
		{
			"where": "text/guten/1400-0.txt",
			"count": 5,
			"score": 0.00002669
		}
	],
	"ua ub uc ud ue uf ug uh ui uj uk ul um": [
		{
			"where": "text/guten/1400-0.txt",
			"count": 4,
			"score": 0.00002135
		}
	],
	"ua ue ui uo uu": [
	],
	"un uo up uq ur us ut uu uv uw ux uy uz": [
		{
			"where": "text/guten/1400-0.txt",
			"count": 868,
			"score": 0.00463259
		}
	],
	"v": [
		{
			"where": "text/guten/1400-0.txt",
			"count": 1,
			"score": 0.00000534
		}
	],
	"v w x": [
		{
			"where": "text/guten/1400-0.txt",
			"count": 2,
			"score": 0.00001067
		}
	],
	"va vb vc vd ve vf vg vh vi vj vk vl vm": [
		{
			"where": "text/guten/1400-0.txt",
			"count": 1,
			"score": 0.00000534
		}
	],
	"va ve vi vo vu": [
		{
			"where": "text/guten/1400-0.txt",
			"count": 1,
			"score": 0.00000534
		}
	],
	"vn vo vp vq vr vs vt vu vv vw vx vy vz": [
	],
	"w": [
	],
	"w x": [
		{
			"where": "text/guten/1400-0.txt",
			"count": 1,
			"score": 0.00000534
		}
	],
	"wa wb wc wd we wf wg wh wi wj wk wl wm": [
		{
			"where": "text/guten/1400-0.txt",
			"count": 774,
			"score": 0.00413091
		}
	],
	"wa we wi wo wu": [
		{
			"where": "text/guten/1400-0.txt",
			"count": 774,
			"score": 0.00413091
		}
	],
	"wn wo wp wq wr ws wt wu wv ww wx wy wz": [
	],
	"x": [
		{
			"where": "text/guten/1400-0.txt",
			"count": 1,
			"score": 0.00000534
		}
	],
	"xa xb xc xd xe xf xg xh xi xj xk xl xm": [
		{
			"where": "text/guten/1400-0.txt",
			"count": 2,
			"score": 0.00001067
		}
	],
	"xa xe xi xo xu": [
		{
			"where": "text/guten/1400-0.txt",
			"count": 1,
			"score": 0.00000534
		}
	],
	"xn xo xp xq xr xs xt xu xv xw xx xy xz": [
		{
			"where": "text/guten/1400-0.txt",
			"count": 3,
			"score": 0.00001601
		}
	],
	"y": [
	],
	"y z": [
		{
			"where": "text/guten/1400-0.txt",
			"count": 1,
			"score": 0.00000534
		}
	],
	"ya yb yc yd ye yf yg yh yi yj yk yl ym": [
		{
			"where": "text/guten/1400-0.txt",
			"count": 3,
			"score": 0.00001601
		}
	],
	"ya ye yi yo yu": [
		{
			"where": "text/guten/1400-0.txt",
			"count": 3,
			"score": 0.00001601
		}
	],
	"yn yo yp yq yr ys yt yu yv yw yx yy yz": [
	],
	"z": [
		{
			"where": "text/guten/1400-0.txt",
			"count": 1,
			"score": 0.00000534
		}
	],
	"za zb zc zd ze zf zg zh zi zj zk zl zm": [
	],
	"za ze zi zo zu": [
	],
	"zn zo zp zq zr zs zt zu zv zw zx zy zz": [
	]
}