{
	"a": [
		{
			"where": "text/rfcs/rfc7231.txt",
			"count": 995,
			"score": 0.03453542
		}
	],
	"a b": [
		{
			"where": "text/rfcs/rfc7231.txt",
			"count": 1002,
			"score": 0.03477838
		}
	],
	"a b c": [
		{
			"where": "text/rfcs/rfc7231.txt",
			"count": 1009,
			"score": 0.03502135
		}
	],
	"a b c d": [
		{
			"where": "text/rfcs/rfc7231.txt",
			"count": 1016,
			"score": 0.03526431
		}
	],
	"a b c d e": [
		{
			"where": "text/rfcs/rfc7231.txt",
			"count": 1020,
			"score": 0.03540314
		}
	],
	"a b c d e f": [
		{
			"where": "text/rfcs/rfc7231.txt",
			"count": 1023,
			"score": 0.03550727
		}
	],
	"a b c d e f g": [
		{
			"where": "text/rfcs/rfc7231.txt",
			"count": 1025,
			"score": 0.03557669
		}
	],
	"a b c d e f g h": [
		{
			"where": "text/rfcs/rfc7231.txt",
			"count": 1031,
			"score": 0.03578494
		}
	],
	"a b c d e f g h i": [
		{
			"where": "text/rfcs/rfc7231.txt",
			"count": 1034,
			"score": 0.03588907
		}
	],
	"a b c d e f g h i j": [
		{
			"where": "text/rfcs/rfc7231.txt",
			"count": 1054,
			"score": 0.03658325
		}
	],
	"a b c d e f g h i j k l m n o p q r s t u v w x y z": [
		{
			"where": "text/rfcs/rfc7231.txt",
			"count": 1214,
			"score": 0.04213668
		}
	],
	"aa ab ac ad ae af ag ah ai aj ak al am": [
		{
			"where": "text/rfcs/rfc7231.txt",
			"count": 10,
			"score": 0.00034709
		}
	],
	"aa ae ai ao au": [
	],
	"aa ee ii oo uu": [
	],
	"an ao ap aq ar as at au av aw ax ay az": [
		{
			"where": "text/rfcs/rfc7231.txt",
			"count": 449,
			"score": 0.01558433
		}
	],
	"b": [
		{
			"where": "text/rfcs/rfc7231.txt",
			"count": 7,
			"score": 0.00024296
		}
	],
	"ba bb bc bd be bf bg bh bi bj bk bl bm": [
		{
			"where": "text/rfcs/rfc7231.txt",
			"count": 289,
			"score": 0.01003089
		}
	],
	"ba be bi bo bu": [
		{
			"where": "text/rfcs/rfc7231.txt",
			"count": 289,
			"score": 0.01003089
		}
	],
	"bn bo bp bq br bs bt bu bv bw bx by bz": [
		{
			"where": "text/rfcs/rfc7231.txt",
			"count": 240,
			"score": 0.00833015
		}
	],
	"c": [
		{
			"where": "text/rfcs/rfc7231.txt",
			"count": 7,
			"score": 0.00024296
		}
	],
	"c d": [
		{
			"where": "text/rfcs/rfc7231.txt",
			"count": 14,
			"score": 0.00048593
		}
	],
	"ca cb cc cd ce cf cg ch ci cj ck cl cm": [
		{
			"where": "text/rfcs/rfc7231.txt",
			"count": 1,
			"score": 0.00003471
		}
	],
	"ca ce ci co cu": [
		{
			"where": "text/rfcs/rfc7231.txt",
			"count": 1,
			"score": 0.00003471
		}
	],
	"cn co cp cq cr cs ct cu cv cw cx cy cz": [
		{
			"where": "text/rfcs/rfc7231.txt",
			"count": 9,
			"score": 0.00031238
		}
	],
	"d": [
		{
			"where": "text/rfcs/rfc7231.txt",
			"count": 7,
			"score": 0.00024296
		}
	],
	"d e f": [
		{
			"where": "text/rfcs/rfc7231.txt",
			"count": 14,
			"score": 0.00048593
		}
	],
	"da db dc dd de df dg dh di dj dk dl dm": [
		{
			"where": "text/rfcs/rfc7231.txt",
			"count": 2,
			"score": 0.00006942
		}
	],
	"da de di do du": [
		{
			"where": "text/rfcs/rfc7231.txt",
			"count": 30,
			"score": 0.00104127
		}
	],
	"dn do dp dq dr ds dt du dv dw dx dy dz": [
		{
			"where": "text/rfcs/rfc7231.txt",
			"count": 28,
			"score": 0.00097185
		}
	],
	"e": [
		{
			"where": "text/rfcs/rfc7231.txt",
			"count": 4,
			"score": 0.00013884
		}
	],
	"e f": [
		{
			"where": "text/rfcs/rfc7231.txt",
			"count": 7,
			"score": 0.00024296
		}
	],
	"e f g h": [
		{
			"where": "text/rfcs/rfc7231.txt",
			"count": 15,
			"score": 0.00052063
		}
	],
	"ea eb ec ed ee ef eg eh ei ej ek el em": [
		{
			"where": "text/rfcs/rfc7231.txt",
			"count": 55,
			"score": 0.00190899
		}
	],
	"ea ee ei eo eu": [
	],
	"en eo ep eq er es et eu ev ew ex ey ez": [
		{
			"where": "text/rfcs/rfc7231.txt",
			"count": 7,
			"score": 0.00024296
		}
	],
	"f": [
		{
			"where": "text/rfcs/rfc7231.txt",
			"count": 3,
			"score": 0.00010413
		}
	],
	"f g h i j": [
		{
			"where": "text/rfcs/rfc7231.txt",
			"count": 34,
			"score": 0.00118010
		}
	],
	"fa fb fc fd fe ff fg fh fi fj fk fl fm": [
	],
	"fa fe fi fo fu": [
	],
	"fn fo fp fq fr fs ft fu fv fw fx fy fz": [
		{
			"where": "text/rfcs/rfc7231.txt",
			"count": 1,
			"score": 0.00003471
		}
	],
	"g": [
		{
			"where": "text/rfcs/rfc7231.txt",
			"count": 2,
			"score": 0.00006942
		}
	],
	"g h": [
		{
			"where": "text/rfcs/rfc7231.txt",
			"count": 8,
			"score": 0.00027767
		}
	],
	"g h i": [
		{
			"where": "text/rfcs/rfc7231.txt",
			"count": 11,
			"score": 0.00038180
		}
	],
	"g h i j k l": [
		{
			"where": "text/rfcs/rfc7231.txt",
			"count": 37,
			"score": 0.00128423
		}
	],
	"ga gb gc gd ge gf gg gh gi gj gk gl gm": [
	],
	"ga ge gi go gu": [
		{
			"where": "text/rfcs/rfc7231.txt",
			"count": 1,
			"score": 0.00003471
		}
	],
	"gn go gp gq gr gs gt gu gv gw gx gy gz": [
		{
			"where": "text/rfcs/rfc7231.txt",
			"count": 1,
			"score": 0.00003471
		}
	],
	"h": [
		{
			"where": "text/rfcs/rfc7231.txt",
			"count": 6,
			"score": 0.00020825
		}
	],
	"h i j k l m n": [
		{
			"where": "text/rfcs/rfc7231.txt",
			"count": 54,
			"score": 0.00187428
		}
	],
	"ha hb hc hd he hf hg hh hi hj hk hl hm": [
	],
	"ha he hi ho hu": [
	],
	"hn ho hp hq hr hs ht hu hv hw hx hy hz": [
	],
	"i": [
		{
			"where": "text/rfcs/rfc7231.txt",
			"count": 3,
			"score": 0.00010413
		}
	],
	"i j": [
		{
			"where": "text/rfcs/rfc7231.txt",
			"count": 23,
			"score": 0.00079831
		}
	],
	"i j k l": [
		{
			"where": "text/rfcs/rfc7231.txt",
			"count": 29,
			"score": 0.00100656
		}
	],
	"i j k l m n o p": [
		{
			"where": "text/rfcs/rfc7231.txt",
			"count": 102,
			"score": 0.00354031
		}
	],
	"ia ib ic id ie if ig ih ii ij ik il im": [
		{
			"where": "text/rfcs/rfc7231.txt",
			"count": 168,
			"score": 0.00583111
		}
	],
	"ia ie ii io iu": [
		{
			"where": "text/rfcs/rfc7231.txt",
			"count": 23,
			"score": 0.00079831
		}
	],
	"in io ip iq ir is it iu iv iw ix iy iz": [
		{
			"where": "text/rfcs/rfc7231.txt",
			"count": 1111,
			"score": 0.03856166
		}
	],
	"j": [
		{
			"where": "text/rfcs/rfc7231.txt",
			"count": 20,
			"score": 0.00069418
		}
	],
	"j k l": [
		{
			"where": "text/rfcs/rfc7231.txt",
			"count": 26,
			"score": 0.00090243
		}
	],
	"j k l m n o p q r": [
		{
			"where": "text/rfcs/rfc7231.txt",
			"count": 130,
			"score": 0.00451217
		}
	],
	"ja jb jc jd je jf jg jh ji jj jk jl jm": [
	],
	"ja je ji jo ju": [
	],
	"jn jo jp jq jr js jt ju jv jw jx jy jz": [
	],
	"k": [
		{
			"where": "text/rfcs/rfc7231.txt",
			"count": 1,
			"score": 0.00003471
		}
	],
	"k l": [
		{
			"where": "text/rfcs/rfc7231.txt",
			"count": 6,
			"score": 0.00020825
		}
	],
	"k l m n o": [
		{
			"where": "text/rfcs/rfc7231.txt",
			"count": 72,
			"score": 0.00249905
		}
	],
	"k l m n o p q r s t": [
		{
			"where": "text/rfcs/rfc7231.txt",
			"count": 123,
			"score": 0.00426920
		}
	],
	"ka kb kc kd ke kf kg kh ki kj kk kl km": [
	],
	"ka ke ki ko ku": [
	],
	"kn ko kp kq kr ks kt ku kv kw kx ky kz": [
	],
	"l": [
		{
			"where": "text/rfcs/rfc7231.txt",
			"count": 5,
			"score": 0.00017354
		}
	],
	"la lb lc ld le lf lg lh li lj lk ll lm": [
		{
			"where": "text/rfcs/rfc7231.txt",
			"count": 8,
			"score": 0.00027767
		}
	],
	"la le li lo lu": [
	],
	"ln lo lp lq lr ls lt lu lv lw lx ly lz": [
	],
	"m": [
		{
			"where": "text/rfcs/rfc7231.txt",
			"count": 8,
			"score": 0.00027767
		}
	],
	"m n": [
		{
			"where": "text/rfcs/rfc7231.txt",
			"count": 19,
			"score": 0.00065947
		}
	],
	"m n o": [
		{
			"where": "text/rfcs/rfc7231.txt",
			"count": 66,
			"score": 0.00229079
		}
	],
	"m n o p": [
		{
			"where": "text/rfcs/rfc7231.txt",
			"count": 73,
			"score": 0.00253375
		}
	],
	"m n o p q r": [
		{
			"where": "text/rfcs/rfc7231.txt",
			"count": 104,
			"score": 0.00360973
		}
	],
	"ma mb mc md me mf mg mh mi mj mk ml mm": [
		{
			"where": "text/rfcs/rfc7231.txt",
			"count": 2,
			"score": 0.00006942
		}
	],
	"ma me mi mo mu": [
		{
			"where": "text/rfcs/rfc7231.txt",
			"count": 2,
			"score": 0.00006942
		}
	],
	"mn mo mp mq mr ms mt mu mv mw mx my mz": [
	],
	"n": [
		{
			"where": "text/rfcs/rfc7231.txt",
			"count": 11,
			"score": 0.00038180
		}
	],
	"na nb nc nd ne nf ng nh ni nj nk nl nm": [
	],
	"na ne ni no nu": [
		{
			"where": "text/rfcs/rfc7231.txt",
			"count": 58,
			"score": 0.00201312
		}
	],
	"nn no np nq nr ns nt nu nv nw nx ny nz": [
		{
			"where": "text/rfcs/rfc7231.txt",
			"count": 60,
			"score": 0.00208254
		}
	],
	"o": [
		{
			"where": "text/rfcs/rfc7231.txt",
			"count": 47,
			"score": 0.00163132
		}
	],
	"o p": [
		{
			"where": "text/rfcs/rfc7231.txt",
			"count": 54,
			"score": 0.00187428
		}
	],
	"o p q r s t u": [
		{
			"where": "text/rfcs/rfc7231.txt",
			"count": 99,
			"score": 0.00343619
		}
	],
	"oa ob oc od oe of og oh oi oj ok ol om": [
		{
			"where": "text/rfcs/rfc7231.txt",
			"count": 724,
			"score": 0.02512929
		}
	],
	"oa oe oi oo ou": [
	],
	"on oo op oq or os ot ou ov ow ox oy oz": [
		{
			"where": "text/rfcs/rfc7231.txt",
			"count": 394,
			"score": 0.01367533
		}
	],
	"p": [
		{
			"where": "text/rfcs/rfc7231.txt",
			"count": 7,
			"score": 0.00024296
		}
	],
	"p q r": [
		{
			"where": "text/rfcs/rfc7231.txt",
			"count": 38,
			"score": 0.00131894
		}
	],
	"p q r s t": [
		{
			"where": "text/rfcs/rfc7231.txt",
			"count": 51,
			"score": 0.00177016
		}
	],
	"pa pb pc pd pe pf pg ph pi pj pk pl pm": [
	],
	"pa pe pi po pu": [
	],
	"pn po pp pq pr ps pt pu pv pw px py pz": [
	],
	"q": [
		{
			"where": "text/rfcs/rfc7231.txt",
			"count": 18,
			"score": 0.00062476
		}
	],
	"q r": [
		{
			"where": "text/rfcs/rfc7231.txt",
			"count": 31,
			"score": 0.00107598
		}
	],
	"q r s t": [
		{
			"where": "text/rfcs/rfc7231.txt",
			"count": 44,
			"score": 0.00152719
		}
	],
	"q r s t u v w x": [
		{
			"where": "text/rfcs/rfc7231.txt",
			"count": 80,
			"score": 0.00277672
		}
	],
	"qa qb qc qd qe qf qg qh qi qj qk ql qm": [
	],
	"qa qe qi qo qu": [
	],
	"qn qo qp qq qr qs qt qu qv qw qx qy qz": [
	],
	"r": [
		{
			"where": "text/rfcs/rfc7231.txt",
			"count": 13,
			"score": 0.00045122
		}
	],
	"ra rb rc rd re rf rg rh ri rj rk rl rm": [
		{
			"where": "text/rfcs/rfc7231.txt",
			"count": 1,
			"score": 0.00003471
		}
	],
	"ra re ri ro ru": [
	],
	"rn ro rp rq rr rs rt ru rv rw rx ry rz": [
	],
	"s": [
		{
			"where": "text/rfcs/rfc7231.txt",
			"count": 4,
			"score": 0.00013884
		}
	],
	"s t": [
		{
			"where": "text/rfcs/rfc7231.txt",
			"count": 13,
			"score": 0.00045122
		}
	],
	"s t u": [
		{
			"where": "text/rfcs/rfc7231.txt",
			"count": 14,
			"score": 0.00048593
		}
	],
	"s t u v w x": [
		{
			"where": "text/rfcs/rfc7231.txt",
			"count": 49,
			"score": 0.00170074
		}
	],
	"sa sb sc sd se sf sg sh si sj sk sl sm": [
	],
	"sa se si so su": [
		{
			"where": "text/rfcs/rfc7231.txt",
			"count": 22,
			"score": 0.00076360
		}
	],
	"sn so sp sq sr ss st su sv sw sx sy sz": [
		{
			"where": "text/rfcs/rfc7231.txt",
			"count": 50,
			"score": 0.00173545
		}
	],
	"t": [
		{
			"where": "text/rfcs/rfc7231.txt",
			"count": 9,
			"score": 0.00031238
		}
	],
	"ta tb tc td te tf tg th ti tj tk tl tm": [
		{
			"where": "text/rfcs/rfc7231.txt",
			"count": 1,
			"score": 0.00003471
		}
	],
	"ta te ti to tu": [
		{
			"where": "text/rfcs/rfc7231.txt",
			"count": 804,
			"score": 0.02790601
		}
	],
	"tn to tp tq tr ts tt tu tv tw tx ty tz": [
		{
			"where": "text/rfcs/rfc7231.txt",
			"count": 803,
			"score": 0.02787130
		}
	],
	"u": [
		{
			"where": "text/rfcs/rfc7231.txt",
			"count": 1,
			"score": 0.00003471
		}
	],
	"u v": [
		{
			"where": "text/rfcs/rfc7231.txt",
			"count": 2,
			"score": 0.00006942
		}
	],
	"u v w x": [
		{
			"where": "text/rfcs/rfc7231.txt",
			"count": 36,
			"score": 0.00124952
		}
	],
	"u v w x y": [
		{
			"where": "text/rfcs/rfc7231.txt",
			"count": 37,
			"score": 0.00128423
		}
	],
	"ua ub uc ud ue uf ug uh ui uj uk ul um": [
	],
	"ua ue ui uo uu": [
	],
	"un uo up uq ur us ut uu uv uw ux uy uz": [
	],
	"v": [
		{
			"where": "text/rfcs/rfc7231.txt",
			"count": 1,
			"score": 0.00003471
		}
	],
	"v w x": [
		{
			"where": "text/rfcs/rfc7231.txt",
			"count": 35,
			"score": 0.00121481
		}
	],
	"va vb vc vd ve vf vg vh vi vj vk vl vm": [
	],
	"va ve vi vo vu": [
	],
	"vn vo vp vq vr vs vt vu vv vw vx vy vz": [
	],
	"w": [
		{
			"where": "text/rfcs/rfc7231.txt",
			"count": 1,
			"score": 0.00003471
		}
	],
	"w x": [
		{
			"where": "text/rfcs/rfc7231.txt",
			"count": 34,
			"score": 0.00118010
		}
	],
	"wa wb wc wd we wf wg wh wi wj wk wl wm": [
	],
	"wa we wi wo wu": [
	],
	"wn wo wp wq wr ws wt wu wv ww wx wy wz": [
	],
	"x": [
		{
			"where": "text/rfcs/rfc7231.txt",
			"count": 33,
			"score": 0.00114540
		}
	],
	"xa xb xc xd xe xf xg xh xi xj xk xl xm": [
		{
			"where": "text/rfcs/rfc7231.txt",
			"count": 15,
			"score": 0.00052063
		}
	],
	"xa xe xi xo xu": [
		{
			"where": "text/rfcs/rfc7231.txt",
			"count": 6,
			"score": 0.00020825
		}
	],
	"xn xo xp xq xr xs xt xu xv xw xx xy xz": [
		{
			"where": "text/rfcs/rfc7231.txt",
			"count": 48,
			"score": 0.00166603
		}
	],
	"y": [
		{
			"where": "text/rfcs/rfc7231.txt",
			"count": 1,
			"score": 0.00003471
		}
	],
	"y z": [
		{
			"where": "text/rfcs/rfc7231.txt",
			"count": 1,
			"score": 0.00003471
		}
	],
	"ya yb yc yd ye yf yg yh yi yj yk yl ym": [
	],
	"ya ye yi yo yu": [
	],
	"yn yo yp yq yr ys yt yu yv yw yx yy yz": [
	],
	"z": [
	],
	"za zb zc zd ze zf zg zh zi zj zk zl zm": [
	],
	"za ze zi zo zu": [
	],
	"zn zo zp zq zr zs zt zu zv zw zx zy zz": [
	]
}