{
	"a": [
		{
			"where": "text/rfcs/rfc6805.txt",
			"count": 286,
			"score": 0.02922841
		}
	],
	"a b": [
		{
			"where": "text/rfcs/rfc6805.txt",
			"count": 286,
			"score": 0.02922841
		}
	],
	"a b c": [
		{
			"where": "text/rfcs/rfc6805.txt",
			"count": 287,
			"score": 0.02933061
		}
	],
	"a b c d": [
		{
			"where": "text/rfcs/rfc6805.txt",
			"count": 298,
			"score": 0.03045478
		}
	],
	"a b c d e": [
		{
			"where": "text/rfcs/rfc6805.txt",
			"count": 299,
			"score": 0.03055697
		}
	],
	"a b c d e f": [
		{
			"where": "text/rfcs/rfc6805.txt",
			"count": 300,
			"score": 0.03065917
		}
	],
	"a b c d e f g": [
		{
			"where": "text/rfcs/rfc6805.txt",
			"count": 323,
			"score": 0.03300971
		}
	],
	"a b c d e f g h": [
		{
			"where": "text/rfcs/rfc6805.txt",
			"count": 324,
			"score": 0.03311191
		}
	],
	"a b c d e f g h i": [
		{
			"where": "text/rfcs/rfc6805.txt",
			"count": 325,
			"score": 0.03321410
		}
	],
	"a b c d e f g h i j": [
		{
			"where": "text/rfcs/rfc6805.txt",
			"count": 331,
			"score": 0.03382729
		}
	],
	"a b c d e f g h i j k l m n o p q r s t u v w x y z": [
		{
			"where": "text/rfcs/rfc6805.txt",
			"count": 408,
			"score": 0.04169647
		}
	],
	"aa ab ac ad ae af ag ah ai aj ak al am": [
	],
	"aa ae ai ao au": [
	],
	"aa ee ii oo uu": [
	],
	"an ao ap aq ar as at au av aw ax ay az": [
		{
			"where": "text/rfcs/rfc6805.txt",
			"count": 169,
			"score": 0.01727133
		}
	],
	"b": [
	],
	"ba bb bc bd be bf bg bh bi bj bk bl bm": [
		{
			"where": "text/rfcs/rfc6805.txt",
			"count": 126,
			"score": 0.01287685
		}
	],
	"ba be bi bo bu": [
		{
			"where": "text/rfcs/rfc6805.txt",
			"count": 126,
			"score": 0.01287685
		}
	],
	"bn bo bp bq br bs bt bu bv bw bx by bz": [
		{
			"where": "text/rfcs/rfc6805.txt",
			"count": 69,
			"score": 0.00705161
		}
	],
	"c": [
		{
			"where": "text/rfcs/rfc6805.txt",
			"count": 1,
			"score": 0.00010220
		}
	],
	"c d": [
		{
			"where": "text/rfcs/rfc6805.txt",
			"count": 12,
			"score": 0.00122637
		}
	],
	"ca cb cc cd ce cf cg ch ci cj ck cl cm": [
	],
	"ca ce ci co cu": [
	],
	"cn co cp cq cr cs ct cu cv cw cx cy cz": [
	],
	"d": [
		{
			"where": "text/rfcs/rfc6805.txt",
			"count": 11,
			"score": 0.00112417
		}
	],
	"d e f": [
		{
			"where": "text/rfcs/rfc6805.txt",
			"count": 13,
			"score": 0.00132856
		}
	],
	"da db dc dd de df dg dh di dj dk dl dm": [
		{
			"where": "text/rfcs/rfc6805.txt",
			"count": 2,
			"score": 0.00020439
		}
	],
	"da de di do du": [
		{
			"where": "text/rfcs/rfc6805.txt",
			"count": 8,
			"score": 0.00081758
		}
	],
	"dn do dp dq dr ds dt du dv dw dx dy dz": [
		{
			"where": "text/rfcs/rfc6805.txt",
			"count": 6,
			"score": 0.00061318
		}
	],
	"e": [
		{
			"where": "text/rfcs/rfc6805.txt",
			"count": 1,
			"score": 0.00010220
		}
	],
	"e f": [
		{
			"where": "text/rfcs/rfc6805.txt",
			"count": 2,
			"score": 0.00020439
		}
	],
	"e f g h": [
		{
			"where": "text/rfcs/rfc6805.txt",
			"count": 26,
			"score": 0.00265713
		}
	],
	"ea eb ec ed ee ef eg eh ei ej ek el em": [
		{
			"where": "text/rfcs/rfc6805.txt",
			"count": 16,
			"score": 0.00163516
		}
	],
	"ea ee ei eo eu": [
	],
	"en eo ep eq er es et eu ev ew ex ey ez": [
	],
	"f": [
		{
			"where": "text/rfcs/rfc6805.txt",
			"count": 1,
			"score": 0.00010220
		}
	],
	"f g h i j": [
		{
			"where": "text/rfcs/rfc6805.txt",
			"count": 32,
			"score": 0.00327031
		}
	],
	"fa fb fc fd fe ff fg fh fi fj fk fl fm": [
		{
			"where": "text/rfcs/rfc6805.txt",
			"count": 1,
			"score": 0.00010220
		}
	],
	"fa fe fi fo fu": [
	],
	"fn fo fp fq fr fs ft fu fv fw fx fy fz": [
	],
	"g": [
		{
			"where": "text/rfcs/rfc6805.txt",
			"count": 23,
			"score": 0.00235054
		}
	],
	"g h": [
		{
			"where": "text/rfcs/rfc6805.txt",
			"count": 24,
			"score": 0.00245273
		}
	],
	"g h i": [
		{
			"where": "text/rfcs/rfc6805.txt",
			"count": 25,
			"score": 0.00255493
		}
	],
	"g h i j k l": [
		{
			"where": "text/rfcs/rfc6805.txt",
			"count": 33,
			"score": 0.00337251
		}
	],
	"ga gb gc gd ge gf gg gh gi gj gk gl gm": [
	],
	"ga ge gi go gu": [
	],
	"gn go gp gq gr gs gt gu gv gw gx gy gz": [
		{
			"where": "text/rfcs/rfc6805.txt",
			"count": 1,
			"score": 0.00010220
		}
	],
	"h": [
		{
			"where": "text/rfcs/rfc6805.txt",
			"count": 1,
			"score": 0.00010220
		}
	],
	"h i j k l m n": [
		{
			"where": "text/rfcs/rfc6805.txt",
			"count": 14,
			"score": 0.00143076
		}
	],
	"ha hb hc hd he hf hg hh hi hj hk hl hm": [
	],
	"ha he hi ho hu": [
	],
	"hn ho hp hq hr hs ht hu hv hw hx hy hz": [
	],
	"i": [
		{
			"where": "text/rfcs/rfc6805.txt",
			"count": 1,
			"score": 0.00010220
		}
	],
	"i j": [
		{
			"where": "text/rfcs/rfc6805.txt",
			"count": 7,
			"score": 0.00071538
		}
	],
	"i j k l": [
		{
			"where": "text/rfcs/rfc6805.txt",
			"count": 9,
			"score": 0.00091978
		}
	],
	"i j k l m n o p": [
		{
			"where": "text/rfcs/rfc6805.txt",
			"count": 67,
			"score": 0.00684722
		}
	],
	"ia ib ic id ie if ig ih ii ij ik il im": [
		{
			"where": "text/rfcs/rfc6805.txt",
			"count": 26,
			"score": 0.00265713
		}
	],
	"ia ie ii io iu": [
		{
			"where": "text/rfcs/rfc6805.txt",
			"count": 7,
			"score": 0.00071538
		}
	],
	"in io ip iq ir is it iu iv iw ix iy iz": [
		{
			"where": "text/rfcs/rfc6805.txt",
			"count": 447,
			"score": 0.04568217
		}
	],
	"j": [
		{
			"where": "text/rfcs/rfc6805.txt",
			"count": 6,
			"score": 0.00061318
		}
	],
	"j k l": [
		{
			"where": "text/rfcs/rfc6805.txt",
			"count": 8,
			"score": 0.00081758
		}
	],
	"j k l m n o p q r": [
		{
			"where": "text/rfcs/rfc6805.txt",
			"count": 75,
			"score": 0.00766479
		}
	],
	"ja jb jc jd je jf jg jh ji jj jk jl jm": [
		{
			"where": "text/rfcs/rfc6805.txt",
			"count": 4,
			"score": 0.00040879
		}
	],
	"ja je ji jo ju": [
	],
	"jn jo jp jq jr js jt ju jv jw jx jy jz": [
		{
			"where": "text/rfcs/rfc6805.txt",
			"count": 9,
			"score": 0.00091978
		}
	],
	"k": [
		{
			"where": "text/rfcs/rfc6805.txt",
			"count": 1,
			"score": 0.00010220
		}
	],
	"k l": [
		{
			"where": "text/rfcs/rfc6805.txt",
			"count": 2,
			"score": 0.00020439
		}
	],
	"k l m n o": [
		{
			"where": "text/rfcs/rfc6805.txt",
			"count": 60,
			"score": 0.00613183
		}
	],
	"k l m n o p q r s t": [
		{
			"where": "text/rfcs/rfc6805.txt",
			"count": 74,
			"score": 0.00756260
		}
	],
	"ka kb kc kd ke kf kg kh ki kj kk kl km": [
	],
	"ka ke ki ko ku": [
	],
	"kn ko kp kq kr ks kt ku kv kw kx ky kz": [
	],
	"l": [
		{
			"where": "text/rfcs/rfc6805.txt",
			"count": 1,
			"score": 0.00010220
		}
	],
	"la lb lc ld le lf lg lh li lj lk ll lm": [
		{
			"where": "text/rfcs/rfc6805.txt",
			"count": 4,
			"score": 0.00040879
		}
	],
	"la le li lo lu": [
		{
			"where": "text/rfcs/rfc6805.txt",
			"count": 4,
			"score": 0.00040879
		}
	],
	"ln lo lp lq lr ls lt lu lv lw lx ly lz": [
	],
	"m": [
		{
			"where": "text/rfcs/rfc6805.txt",
			"count": 2,
			"score": 0.00020439
		}
	],
	"m n": [
		{
			"where": "text/rfcs/rfc6805.txt",
			"count": 4,
			"score": 0.00040879
		}
	],
	"m n o": [
		{
			"where": "text/rfcs/rfc6805.txt",
			"count": 58,
			"score": 0.00592744
		}
	],
	"m n o p": [
		{
			"where": "text/rfcs/rfc6805.txt",
			"count": 58,
			"score": 0.00592744
		}
	],
	"m n o p q r": [
		{
			"where": "text/rfcs/rfc6805.txt",
			"count": 67,
			"score": 0.00684722
		}
	],
	"ma mb mc md me mf mg mh mi mj mk ml mm": [
		{
			"where": "text/rfcs/rfc6805.txt",
			"count": 1,
			"score": 0.00010220
		}
	],
	"ma me mi mo mu": [
		{
			"where": "text/rfcs/rfc6805.txt",
			"count": 1,
			"score": 0.00010220
		}
	],
	"mn mo mp mq mr ms mt mu mv mw mx my mz": [
	],
	"n": [
		{
			"where": "text/rfcs/rfc6805.txt",
			"count": 2,
			"score": 0.00020439
		}
	],
	"na nb nc nd ne nf ng nh ni nj nk nl nm": [
	],
	"na ne ni no nu": [
		{
			"where": "text/rfcs/rfc6805.txt",
			"count": 14,
			"score": 0.00143076
		}
	],
	"nn no np nq nr ns nt nu nv nw nx ny nz": [
		{
			"where": "text/rfcs/rfc6805.txt",
			"count": 14,
			"score": 0.00143076
		}
	],
	"o": [
		{
			"where": "text/rfcs/rfc6805.txt",
			"count": 54,
			"score": 0.00551865
		}
	],
	"o p": [
		{
			"where": "text/rfcs/rfc6805.txt",
			"count": 54,
			"score": 0.00551865
		}
	],
	"o p q r s t u": [
		{
			"where": "text/rfcs/rfc6805.txt",
			"count": 68,
			"score": 0.00694941
		}
	],
	"oa ob oc od oe of og oh oi oj ok ol om": [
		{
			"where": "text/rfcs/rfc6805.txt",
			"count": 346,
			"score": 0.03536025
		}
	],
	"oa oe oi oo ou": [
	],
	"on oo op oq or os ot ou ov ow ox oy oz": [
		{
			"where": "text/rfcs/rfc6805.txt",
			"count": 120,
			"score": 0.01226367
		}
	],
	"p": [
	],
	"p q r": [
		{
			"where": "text/rfcs/rfc6805.txt",
			"count": 9,
			"score": 0.00091978
		}
	],
	"p q r s t": [
		{
			"where": "text/rfcs/rfc6805.txt",
			"count": 14,
			"score": 0.00143076
		}
	],
	"pa pb pc pd pe pf pg ph pi pj pk pl pm": [
	],
	"pa pe pi po pu": [
	],
	"pn po pp pq pr ps pt pu pv pw px py pz": [
		{
			"where": "text/rfcs/rfc6805.txt",
			"count": 1,
			"score": 0.00010220
		}
	],
	"q": [
		{
			"where": "text/rfcs/rfc6805.txt",
			"count": 2,
			"score": 0.00020439
		}
	],
	"q r": [
		{
			"where": "text/rfcs/rfc6805.txt",
			"count": 9,
			"score": 0.00091978
		}
	],
	"q r s t": [
		{
			"where": "text/rfcs/rfc6805.txt",
			"count": 14,
			"score": 0.00143076
		}
	],
	"q r s t u v w x": [
		{
			"where": "text/rfcs/rfc6805.txt",
			"count": 16,
			"score": 0.00163516
		}
	],
	"qa qb qc qd qe qf qg qh qi qj qk ql qm": [
	],
	"qa qe qi qo qu": [
	],
	"qn qo qp qq qr qs qt qu qv qw qx qy qz": [
	],
	"r": [
		{
			"where": "text/rfcs/rfc6805.txt",
			"count": 7,
			"score": 0.00071538
		}
	],
	"ra rb rc rd re rf rg rh ri rj rk rl rm": [
		{
			"where": "text/rfcs/rfc6805.txt",
			"count": 22,
			"score": 0.00224834
		}
	],
	"ra re ri ro ru": [
		{
			"where": "text/rfcs/rfc6805.txt",
			"count": 5,
			"score": 0.00051099
		}
	],
	"rn ro rp rq rr rs rt ru rv rw rx ry rz": [
		{
			"where": "text/rfcs/rfc6805.txt",
			"count": 1,
			"score": 0.00010220
		}
	],
	"s": [
		{
			"where": "text/rfcs/rfc6805.txt",
			"count": 5,
			"score": 0.00051099
		}
	],
	"s t": [
		{
			"where": "text/rfcs/rfc6805.txt",
			"count": 5,
			"score": 0.00051099
		}
	],
	"s t u": [
		{
			"where": "text/rfcs/rfc6805.txt",
			"count": 5,
			"score": 0.00051099
		}
	],
	"s t u v w x": [
		{
			"where": "text/rfcs/rfc6805.txt",
			"count": 7,
			"score": 0.00071538
		}
	],
	"sa sb sc sd se sf sg sh si sj sk sl sm": [
		{
			"where": "text/rfcs/rfc6805.txt",
			"count": 1,
			"score": 0.00010220
		}
	],
	"sa se si so su": [
		{
			"where": "text/rfcs/rfc6805.txt",
			"count": 8,
			"score": 0.00081758
		}
	],
	"sn so sp sq sr ss st su sv sw sx sy sz": [
		{
			"where": "text/rfcs/rfc6805.txt",
			"count": 8,
			"score": 0.00081758
		}
	],
	"t": [
	],
	"ta tb tc td te tf tg th ti tj tk tl tm": [
		{
			"where": "text/rfcs/rfc6805.txt",
			"count": 19,
			"score": 0.00194175
		}
	],
	"ta te ti to tu": [
		{
			"where": "text/rfcs/rfc6805.txt",
			"count": 273,
			"score": 0.02789985
		}
	],
	"tn to tp tq tr ts tt tu tv tw tx ty tz": [
		{
			"where": "text/rfcs/rfc6805.txt",
			"count": 254,
			"score": 0.02595810
		}
	],
	"u": [
	],
	"u v": [
	],
	"u v w x": [
		{
			"where": "text/rfcs/rfc6805.txt",
			"count": 2,
			"score": 0.00020439
		}
	],
	"u v w x y": [
		{
			"where": "text/rfcs/rfc6805.txt",
			"count": 3,
			"score": 0.00030659
		}
	],
	"ua ub uc ud ue uf ug uh ui uj uk ul um": [
		{
			"where": "text/rfcs/rfc6805.txt",
			"count": 2,
			"score": 0.00020439
		}
	],
	"ua ue ui uo uu": [
	],
	"un uo up uq ur us ut uu uv uw ux uy uz": [
		{
			"where": "text/rfcs/rfc6805.txt",
			"count": 4,
			"score": 0.00040879
		}
	],
	"v": [
	],
	"v w x": [
		{
			"where": "text/rfcs/rfc6805.txt",
			"count": 2,
			"score": 0.00020439
		}
	],
	"va vb vc vd ve vf vg vh vi vj vk vl vm": [
	],
	"va ve vi vo vu": [
	],
	"vn vo vp vq vr vs vt vu vv vw vx vy vz": [
	],
	"w": [
	],
	"w x": [
		{
			"where": "text/rfcs/rfc6805.txt",
			"count": 2,
			"score": 0.00020439
		}
	],
	"wa wb wc wd we wf wg wh wi wj wk wl wm": [
	],
	"wa we wi wo wu": [
	],
	"wn wo wp wq wr ws wt wu wv ww wx wy wz": [
	],
	"x": [
		{
			"where": "text/rfcs/rfc6805.txt",
			"count": 2,
			"score": 0.00020439
		}
	],
	"xa xb xc xd xe xf xg xh xi xj xk xl xm": [
	],
	"xa xe xi xo xu": [
	],
	"xn xo xp xq xr xs xt xu xv xw xx xy xz": [
	],
	"y": [
		{
			"where": "text/rfcs/rfc6805.txt",
			"count": 1,
			"score": 0.00010220
		}
	],
	"y z": [
		{
			"where": "text/rfcs/rfc6805.txt",
			"count": 1,
			"score": 0.00010220
		}
	],
	"ya yb yc yd ye yf yg yh yi yj yk yl ym": [
	],
	"ya ye yi yo yu": [
	],
	"yn yo yp yq yr ys yt yu yv yw yx yy yz": [
	],
	"z": [
	],
	"za zb zc zd ze zf zg zh zi zj zk zl zm": [
	],
	"za ze zi zo zu": [
	],
	"zn zo zp zq zr zs zt zu zv zw zx zy zz": [
	]
}