{
	"a": [
		{
			"where": "text/rfcs/rfc6797.txt",
			"count": 272,
			"score": 0.02104449
		}
	],
	"a b": [
		{
			"where": "text/rfcs/rfc6797.txt",
			"count": 275,
			"score": 0.02127660
		}
	],
	"a b c": [
		{
			"where": "text/rfcs/rfc6797.txt",
			"count": 282,
			"score": 0.02181818
		}
	],
	"a b c d": [
		{
			"where": "text/rfcs/rfc6797.txt",
			"count": 290,
			"score": 0.02243714
		}
	],
	"a b c d e": [
		{
			"where": "text/rfcs/rfc6797.txt",
			"count": 295,
			"score": 0.02282398
		}
	],
	"a b c d e f": [
		{
			"where": "text/rfcs/rfc6797.txt",
			"count": 295,
			"score": 0.02282398
		}
	],
	"a b c d e f g": [
		{
			"where": "text/rfcs/rfc6797.txt",
			"count": 296,
			"score": 0.02290135
		}
	],
	"a b c d e f g h": [
		{
			"where": "text/rfcs/rfc6797.txt",
			"count": 299,
			"score": 0.02313346
		}
	],
	"a b c d e f g h i": [
		{
			"where": "text/rfcs/rfc6797.txt",
			"count": 300,
			"score": 0.02321083
		}
	],
	"a b c d e f g h i j": [
		{
			"where": "text/rfcs/rfc6797.txt",
			"count": 315,
			"score": 0.02437137
		}
	],
	"a b c d e f g h i j k l m n o p q r s t u v w x y z": [
		{
			"where": "text/rfcs/rfc6797.txt",
			"count": 401,
			"score": 0.03102515
		}
	],
	"aa ab ac ad ae af ag ah ai aj ak al am": [
		{
			"where": "text/rfcs/rfc6797.txt",
			"count": 47,
			"score": 0.00363636
		}
	],
	"aa ae ai ao au": [
	],
	"aa ee ii oo uu": [
	],
	"an ao ap aq ar as at au av aw ax ay az": [
		{
			"where": "text/rfcs/rfc6797.txt",
			"count": 301,
			"score": 0.02328820
		}
	],
	"b": [
		{
			"where": "text/rfcs/rfc6797.txt",
			"count": 3,
			"score": 0.00023211
		}
	],
	"ba bb bc bd be bf bg bh bi bj bk bl bm": [
		{
			"where": "text/rfcs/rfc6797.txt",
			"count": 92,
			"score": 0.00711799
		}
	],
	"ba be bi bo bu": [
		{
			"where": "text/rfcs/rfc6797.txt",
			"count": 92,
			"score": 0.00711799
		}
	],
	"bn bo bp bq br bs bt bu bv bw bx by bz": [
		{
			"where": "text/rfcs/rfc6797.txt",
			"count": 77,
			"score": 0.00595745
		}
	],
	"c": [
		{
			"where": "text/rfcs/rfc6797.txt",
			"count": 7,
			"score": 0.00054159
		}
	],
	"c d": [
		{
			"where": "text/rfcs/rfc6797.txt",
			"count": 15,
			"score": 0.00116054
		}
	],
	"ca cb cc cd ce cf cg ch ci cj ck cl cm": [
		{
			"where": "text/rfcs/rfc6797.txt",
			"count": 20,
			"score": 0.00154739
		}
	],
	"ca ce ci co cu": [
		{
			"where": "text/rfcs/rfc6797.txt",
			"count": 20,
			"score": 0.00154739
		}
	],
	"cn co cp cq cr cs ct cu cv cw cx cy cz": [
	],
	"d": [
		{
			"where": "text/rfcs/rfc6797.txt",
			"count": 8,
			"score": 0.00061896
		}
	],
	"d e f": [
		{
			"where": "text/rfcs/rfc6797.txt",
			"count": 13,
			"score": 0.00100580
		}
	],
	"da db dc dd de df dg dh di dj dk dl dm": [
	],
	"da de di do du": [
		{
			"where": "text/rfcs/rfc6797.txt",
			"count": 16,
			"score": 0.00123791
		}
	],
	"dn do dp dq dr ds dt du dv dw dx dy dz": [
		{
			"where": "text/rfcs/rfc6797.txt",
			"count": 20,
			"score": 0.00154739
		}
	],
	"e": [
		{
			"where": "text/rfcs/rfc6797.txt",
			"count": 5,
			"score": 0.00038685
		}
	],
	"e f": [
		{
			"where": "text/rfcs/rfc6797.txt",
			"count": 5,
			"score": 0.00038685
		}
	],
	"e f g h": [
		{
			"where": "text/rfcs/rfc6797.txt",
			"count": 9,
			"score": 0.00069632
		}
	],
	"ea eb ec ed ee ef eg eh ei ej ek el em": [
		{
			"where": "text/rfcs/rfc6797.txt",
			"count": 23,
			"score": 0.00177950
		}
	],
	"ea ee ei eo eu": [
	],
	"en eo ep eq er es et eu ev ew ex ey ez": [
		{
			"where": "text/rfcs/rfc6797.txt",
			"count": 46,
			"score": 0.00355899
		}
	],
	"f": [
	],
	"f g h i j": [
		{
			"where": "text/rfcs/rfc6797.txt",
			"count": 20,
			"score": 0.00154739
		}
	],
	"fa fb fc fd fe ff fg fh fi fj fk fl fm": [
	],
	"fa fe fi fo fu": [
	],
	"fn fo fp fq fr fs ft fu fv fw fx fy fz": [
	],
	"g": [
		{
			"where": "text/rfcs/rfc6797.txt",
			"count": 1,
			"score": 0.00007737
		}
	],
	"g h": [
		{
			"where": "text/rfcs/rfc6797.txt",
			"count": 4,
			"score": 0.00030948
		}
	],
	"g h i": [
		{
			"where": "text/rfcs/rfc6797.txt",
			"count": 5,
			"score": 0.00038685
		}
	],
	"g h i j k l": [
		{
			"where": "text/rfcs/rfc6797.txt",
			"count": 23,
			"score": 0.00177950
		}
	],
	"ga gb gc gd ge gf gg gh gi gj gk gl gm": [
	],
	"ga ge gi go gu": [
	],
	"gn go gp gq gr gs gt gu gv gw gx gy gz": [
	],
	"h": [
		{
			"where": "text/rfcs/rfc6797.txt",
			"count": 3,
			"score": 0.00023211
		}
	],
	"h i j k l m n": [
		{
			"where": "text/rfcs/rfc6797.txt",
			"count": 35,
			"score": 0.00270793
		}
	],
	"ha hb hc hd he hf hg hh hi hj hk hl hm": [
		{
			"where": "text/rfcs/rfc6797.txt",
			"count": 1,
			"score": 0.00007737
		}
	],
	"ha he hi ho hu": [
		{
			"where": "text/rfcs/rfc6797.txt",
			"count": 1,
			"score": 0.00007737
		}
	],
	"hn ho hp hq hr hs ht hu hv hw hx hy hz": [
	],
	"i": [
		{
			"where": "text/rfcs/rfc6797.txt",
			"count": 1,
			"score": 0.00007737
		}
	],
	"i j": [
		{
			"where": "text/rfcs/rfc6797.txt",
			"count": 16,
			"score": 0.00123791
		}
	],
	"i j k l": [
		{
			"where": "text/rfcs/rfc6797.txt",
			"count": 19,
			"score": 0.00147002
		}
	],
	"i j k l m n o p": [
		{
			"where": "text/rfcs/rfc6797.txt",
			"count": 69,
			"score": 0.00533849
		}
	],
	"ia ib ic id ie if ig ih ii ij ik il im": [
		{
			"where": "text/rfcs/rfc6797.txt",
			"count": 100,
			"score": 0.00773694
		}
	],
	"ia ie ii io iu": [
		{
			"where": "text/rfcs/rfc6797.txt",
			"count": 14,
			"score": 0.00108317
		}
	],
	"in io ip iq ir is it iu iv iw ix iy iz": [
		{
			"where": "text/rfcs/rfc6797.txt",
			"count": 500,
			"score": 0.03868472
		}
	],
	"j": [
		{
			"where": "text/rfcs/rfc6797.txt",
			"count": 15,
			"score": 0.00116054
		}
	],
	"j k l": [
		{
			"where": "text/rfcs/rfc6797.txt",
			"count": 18,
			"score": 0.00139265
		}
	],
	"j k l m n o p q r": [
		{
			"where": "text/rfcs/rfc6797.txt",
			"count": 77,
			"score": 0.00595745
		}
	],
	"ja jb jc jd je jf jg jh ji jj jk jl jm": [
	],
	"ja je ji jo ju": [
	],
	"jn jo jp jq jr js jt ju jv jw jx jy jz": [
	],
	"k": [
	],
	"k l": [
		{
			"where": "text/rfcs/rfc6797.txt",
			"count": 3,
			"score": 0.00023211
		}
	],
	"k l m n o": [
		{
			"where": "text/rfcs/rfc6797.txt",
			"count": 43,
			"score": 0.00332689
		}
	],
	"k l m n o p q r s t": [
		{
			"where": "text/rfcs/rfc6797.txt",
			"count": 77,
			"score": 0.00595745
		}
	],
	"ka kb kc kd ke kf kg kh ki kj kk kl km": [
	],
	"ka ke ki ko ku": [
	],
	"kn ko kp kq kr ks kt ku kv kw kx ky kz": [
	],
	"l": [
		{
			"where": "text/rfcs/rfc6797.txt",
			"count": 3,
			"score": 0.00023211
		}
	],
	"la lb lc ld le lf lg lh li lj lk ll lm": [
		{
			"where": "text/rfcs/rfc6797.txt",
			"count": 1,
			"score": 0.00007737
		}
	],
	"la le li lo lu": [
		{
			"where": "text/rfcs/rfc6797.txt",
			"count": 1,
			"score": 0.00007737
		}
	],
	"ln lo lp lq lr ls lt lu lv lw lx ly lz": [
	],
	"m": [
		{
			"where": "text/rfcs/rfc6797.txt",
			"count": 9,
			"score": 0.00069632
		}
	],
	"m n": [
		{
			"where": "text/rfcs/rfc6797.txt",
			"count": 13,
			"score": 0.00100580
		}
	],
	"m n o": [
		{
			"where": "text/rfcs/rfc6797.txt",
			"count": 40,
			"score": 0.00309478
		}
	],
	"m n o p": [
		{
			"where": "text/rfcs/rfc6797.txt",
			"count": 50,
			"score": 0.00386847
		}
	],
	"m n o p q r": [
		{
			"where": "text/rfcs/rfc6797.txt",
			"count": 59,
			"score": 0.00456480
		}
	],
	"ma mb mc md me mf mg mh mi mj mk ml mm": [
	],
	"ma me mi mo mu": [
	],
	"mn mo mp mq mr ms mt mu mv mw mx my mz": [
	],
	"n": [
		{
			"where": "text/rfcs/rfc6797.txt",
			"count": 4,
			"score": 0.00030948
		}
	],
	"na nb nc nd ne nf ng nh ni nj nk nl nm": [
	],
	"na ne ni no nu": [
		{
			"where": "text/rfcs/rfc6797.txt",
			"count": 18,
			"score": 0.00139265
		}
	],
	"nn no np nq nr ns nt nu nv nw nx ny nz": [
		{
			"where": "text/rfcs/rfc6797.txt",
			"count": 18,
			"score": 0.00139265
		}
	],
	"o": [
		{
			"where": "text/rfcs/rfc6797.txt",
			"count": 27,
			"score": 0.00208897
		}
	],
	"o p": [
		{
			"where": "text/rfcs/rfc6797.txt",
			"count": 37,
			"score": 0.00286267
		}
	],
	"o p q r s t u": [
		{
			"where": "text/rfcs/rfc6797.txt",
			"count": 63,
			"score": 0.00487427
		}
	],
	"oa ob oc od oe of og oh oi oj ok ol om": [
		{
			"where": "text/rfcs/rfc6797.txt",
			"count": 247,
			"score": 0.01911025
		}
	],
	"oa oe oi oo ou": [
	],
	"on oo op oq or os ot ou ov ow ox oy oz": [
		{
			"where": "text/rfcs/rfc6797.txt",
			"count": 112,
			"score": 0.00866538
		}
	],
	"p": [
		{
			"where": "text/rfcs/rfc6797.txt",
			"count": 10,
			"score": 0.00077369
		}
	],
	"p q r": [
		{
			"where": "text/rfcs/rfc6797.txt",
			"count": 19,
			"score": 0.00147002
		}
	],
	"p q r s t": [
		{
			"where": "text/rfcs/rfc6797.txt",
			"count": 34,
			"score": 0.00263056
		}
	],
	"pa pb pc pd pe pf pg ph pi pj pk pl pm": [
		{
			"where": "text/rfcs/rfc6797.txt",
			"count": 1,
			"score": 0.00007737
		}
	],
	"pa pe pi po pu": [
		{
			"where": "text/rfcs/rfc6797.txt",
			"count": 1,
			"score": 0.00007737
		}
	],
	"pn po pp pq pr ps pt pu pv pw px py pz": [
	],
	"q": [
	],
	"q r": [
		{
			"where": "text/rfcs/rfc6797.txt",
			"count": 9,
			"score": 0.00069632
		}
	],
	"q r s t": [
		{
			"where": "text/rfcs/rfc6797.txt",
			"count": 24,
			"score": 0.00185687
		}
	],
	"q r s t u v w x": [
		{
			"where": "text/rfcs/rfc6797.txt",
			"count": 31,
			"score": 0.00239845
		}
	],
	"qa qb qc qd qe qf qg qh qi qj qk ql qm": [
	],
	"qa qe qi qo qu": [
	],
	"qn qo qp qq qr qs qt qu qv qw qx qy qz": [
	],
	"r": [
		{
			"where": "text/rfcs/rfc6797.txt",
			"count": 9,
			"score": 0.00069632
		}
	],
	"ra rb rc rd re rf rg rh ri rj rk rl rm": [
	],
	"ra re ri ro ru": [
	],
	"rn ro rp rq rr rs rt ru rv rw rx ry rz": [
	],
	"s": [
		{
			"where": "text/rfcs/rfc6797.txt",
			"count": 8,
			"score": 0.00061896
		}
	],
	"s t": [
		{
			"where": "text/rfcs/rfc6797.txt",
			"count": 15,
			"score": 0.00116054
		}
	],
	"s t u": [
		{
			"where": "text/rfcs/rfc6797.txt",
			"count": 17,
			"score": 0.00131528
		}
	],
	"s t u v w x": [
		{
			"where": "text/rfcs/rfc6797.txt",
			"count": 22,
			"score": 0.00170213
		}
	],
	"sa sb sc sd se sf sg sh si sj sk sl sm": [
		{
			"where": "text/rfcs/rfc6797.txt",
			"count": 1,
			"score": 0.00007737
		}
	],
	"sa se si so su": [
		{
			"where": "text/rfcs/rfc6797.txt",
			"count": 5,
			"score": 0.00038685
		}
	],
	"sn so sp sq sr ss st su sv sw sx sy sz": [
		{
			"where": "text/rfcs/rfc6797.txt",
			"count": 6,
			"score": 0.00046422
		}
	],
	"t": [
		{
			"where": "text/rfcs/rfc6797.txt",
			"count": 7,
			"score": 0.00054159
		}
	],
	"ta tb tc td te tf tg th ti tj tk tl tm": [
		{
			"where": "text/rfcs/rfc6797.txt",
			"count": 2,
			"score": 0.00015474
		}
	],
	"ta te ti to tu": [
		{
			"where": "text/rfcs/rfc6797.txt",
			"count": 281,
			"score": 0.02174081
		}
	],
	"tn to tp tq tr ts tt tu tv tw tx ty tz": [
		{
			"where": "text/rfcs/rfc6797.txt",
			"count": 281,
			"score": 0.02174081
		}
	],
	"u": [
		{
			"where": "text/rfcs/rfc6797.txt",
			"count": 2,
			"score": 0.00015474
		}
	],
	"u v": [
		{
			"where": "text/rfcs/rfc6797.txt",
			"count": 2,
			"score": 0.00015474
		}
	],
	"u v w x": [
		{
			"where": "text/rfcs/rfc6797.txt",
			"count": 7,
			"score": 0.00054159
		}
	],
	"u v w x y": [
		{
			"where": "text/rfcs/rfc6797.txt",
			"count": 7,
			"score": 0.00054159
		}
	],
	"ua ub uc ud ue uf ug uh ui uj uk ul um": [
		{
			"where": "text/rfcs/rfc6797.txt",
			"count": 152,
			"score": 0.01176015
		}
	],
	"ua ue ui uo uu": [
		{
			"where": "text/rfcs/rfc6797.txt",
			"count": 152,
			"score": 0.01176015
		}
	],
	"un uo up uq ur us ut uu uv uw ux uy uz": [
		{
			"where": "text/rfcs/rfc6797.txt",
			"count": 3,
			"score": 0.00023211
		}
	],
	"v": [
	],
	"v w x": [
		{
			"where": "text/rfcs/rfc6797.txt",
			"count": 5,
			"score": 0.00038685
		}
	],
	"va vb vc vd ve vf vg vh vi vj vk vl vm": [
	],
	"va ve vi vo vu": [
	],
	"vn vo vp vq vr vs vt vu vv vw vx vy vz": [
	],
	"w": [
		{
			"where": "text/rfcs/rfc6797.txt",
			"count": 2,
			"score": 0.00015474
		}
	],
	"w x": [
		{
			"where": "text/rfcs/rfc6797.txt",
			"count": 5,
			"score": 0.00038685
		}
	],
	"wa wb wc wd we wf wg wh wi wj wk wl wm": [
		{
			"where": "text/rfcs/rfc6797.txt",
			"count": 2,
			"score": 0.00015474
		}
	],
	"wa we wi wo wu": [
		{
			"where": "text/rfcs/rfc6797.txt",
			"count": 2,
			"score": 0.00015474
		}
	],
	"wn wo wp wq wr ws wt wu wv ww wx wy wz": [
	],
	"x": [
		{
			"where": "text/rfcs/rfc6797.txt",
			"count": 3,
			"score": 0.00023211
		}
	],
	"xa xb xc xd xe xf xg xh xi xj xk xl xm": [
		{
			"where": "text/rfcs/rfc6797.txt",
			"count": 1,
			"score": 0.00007737
		}
	],
	"xa xe xi xo xu": [
		{
			"where": "text/rfcs/rfc6797.txt",
			"count": 1,
			"score": 0.00007737
		}
	],
	"xn xo xp xq xr xs xt xu xv xw xx xy xz": [
	],
	"y": [
	],
	"y z": [
		{
			"where": "text/rfcs/rfc6797.txt",
			"count": 2,
			"score": 0.00015474
		}
	],
	"ya yb yc yd ye yf yg yh yi yj yk yl ym": [
	],
	"ya ye yi yo yu": [
	],
	"yn yo yp yq yr ys yt yu yv yw yx yy yz": [
	],
	"z": [
		{
			"where": "text/rfcs/rfc6797.txt",
			"count": 2,
			"score": 0.00015474
		}
	],
	"za zb zc zd ze zf zg zh zi zj zk zl zm": [
	],
	"za ze zi zo zu": [
	],
	"zn zo zp zq zr zs zt zu zv zw zx zy zz": [
	]
}