{
	"a": [
		{
			"where": "text/guten/pg22577.txt",
			"count": 1294,
			"score": 0.02033632
		}
	],
	"a b": [
		{
			"where": "text/guten/pg22577.txt",
			"count": 1309,
			"score": 0.02057206
		}
	],
	"a b c": [
		{
			"where": "text/guten/pg22577.txt",
			"count": 1320,
			"score": 0.02074493
		}
	],
	"a b c d": [
		{
			"where": "text/guten/pg22577.txt",
			"count": 1326,
			"score": 0.02083923
		}
	],
	"a b c d e": [
		{
			"where": "text/guten/pg22577.txt",
			"count": 1369,
			"score": 0.02151501
		}
	],
	"a b c d e f": [
		{
			"where": "text/guten/pg22577.txt",
			"count": 1383,
			"score": 0.02173503
		}
	],
	"a b c d e f g": [
		{
			"where": "text/guten/pg22577.txt",
			"count": 1385,
			"score": 0.02176646
		}
	],
	"a b c d e f g h": [
		{
			"where": "text/guten/pg22577.txt",
			"count": 1389,
			"score": 0.02182933
		}
	],
	"a b c d e f g h i": [
		{
			"where": "text/guten/pg22577.txt",
			"count": 2116,
			"score": 0.03325475
		}
	],
	"a b c d e f g h i j": [
		{
			"where": "text/guten/pg22577.txt",
			"count": 2122,
			"score": 0.03334905
		}
	],
	"a b c d e f g h i j k l m n o p q r s t u v w x y z": [
		{
			"where": "text/guten/pg22577.txt",
			"count": 2211,
			"score": 0.03474776
		}
	],
	"aa ab ac ad ae af ag ah ai aj ak al am": [
		{
			"where": "text/guten/pg22577.txt",
			"count": 86,
			"score": 0.00135156
		}
	],
	"aa ae ai ao au": [
	],
	"aa ee ii oo uu": [
		{
			"where": "text/guten/pg22577.txt",
			"count": 4,
			"score": 0.00006286
		}
	],
	"an ao ap aq ar as at au av aw ax ay az": [
		{
			"where": "text/guten/pg22577.txt",
			"count": 1060,
			"score": 0.01665881
		}
	],
	"b": [
		{
			"where": "text/guten/pg22577.txt",
			"count": 15,
			"score": 0.00023574
		}
	],
	"ba bb bc bd be bf bg bh bi bj bk bl bm": [
		{
			"where": "text/guten/pg22577.txt",
			"count": 810,
			"score": 0.01272984
		}
	],
	"ba be bi bo bu": [
		{
			"where": "text/guten/pg22577.txt",
			"count": 810,
			"score": 0.01272984
		}
	],
	"bn bo bp bq br bs bt bu bv bw bx by bz": [
		{
			"where": "text/guten/pg22577.txt",
			"count": 320,
			"score": 0.00502907
		}
	],
	"c": [
		{
			"where": "text/guten/pg22577.txt",
			"count": 11,
			"score": 0.00017287
		}
	],
	"c d": [
		{
			"where": "text/guten/pg22577.txt",
			"count": 17,
			"score": 0.00026717
		}
	],
	"ca cb cc cd ce cf cg ch ci cj ck cl cm": [
		{
			"where": "text/guten/pg22577.txt",
			"count": 3,
			"score": 0.00004715
		}
	],
	"ca ce ci co cu": [
		{
			"where": "text/guten/pg22577.txt",
			"count": 5,
			"score": 0.00007858
		}
	],
	"cn co cp cq cr cs ct cu cv cw cx cy cz": [
		{
			"where": "text/guten/pg22577.txt",
			"count": 5,
			"score": 0.00007858
		}
	],
	"d": [
		{
			"where": "text/guten/pg22577.txt",
			"count": 6,
			"score": 0.00009430
		}
	],
	"d e f": [
		{
			"where": "text/guten/pg22577.txt",
			"count": 63,
			"score": 0.00099010
		}
	],
	"da db dc dd de df dg dh di dj dk dl dm": [
		{
			"where": "text/guten/pg22577.txt",
			"count": 2,
			"score": 0.00003143
		}
	],
	"da de di do du": [
		{
			"where": "text/guten/pg22577.txt",
			"count": 353,
			"score": 0.00554770
		}
	],
	"dn do dp dq dr ds dt du dv dw dx dy dz": [
		{
			"where": "text/guten/pg22577.txt",
			"count": 365,
			"score": 0.00573629
		}
	],
	"e": [
		{
			"where": "text/guten/pg22577.txt",
			"count": 43,
			"score": 0.00067578
		}
	],
	"e f": [
		{
			"where": "text/guten/pg22577.txt",
			"count": 57,
			"score": 0.00089580
		}
	],
	"e f g h": [
		{
			"where": "text/guten/pg22577.txt",
			"count": 63,
			"score": 0.00099010
		}
	],
	"ea eb ec ed ee ef eg eh ei ej ek el em": [
		{
			"where": "text/guten/pg22577.txt",
			"count": 4,
			"score": 0.00006286
		}
	],
	"ea ee ei eo eu": [
	],
	"en eo ep eq er es et eu ev ew ex ey ez": [
		{
			"where": "text/guten/pg22577.txt",
			"count": 10,
			"score": 0.00015716
		}
	],
	"f": [
		{
			"where": "text/guten/pg22577.txt",
			"count": 14,
			"score": 0.00022002
		}
	],
	"f g h i j": [
		{
			"where": "text/guten/pg22577.txt",
			"count": 753,
			"score": 0.01183404
		}
	],
	"fa fb fc fd fe ff fg fh fi fj fk fl fm": [
		{
			"where": "text/guten/pg22577.txt",
			"count": 3,
			"score": 0.00004715
		}
	],
	"fa fe fi fo fu": [
		{
			"where": "text/guten/pg22577.txt",
			"count": 3,
			"score": 0.00004715
		}
	],
	"fn fo fp fq fr fs ft fu fv fw fx fy fz": [
	],
	"g": [
		{
			"where": "text/guten/pg22577.txt",
			"count": 2,
			"score": 0.00003143
		}
	],
	"g h": [
		{
			"where": "text/guten/pg22577.txt",
			"count": 6,
			"score": 0.00009430
		}
	],
	"g h i": [
		{
			"where": "text/guten/pg22577.txt",
			"count": 733,
			"score": 0.01151972
		}
	],
	"g h i j k l": [
		{
			"where": "text/guten/pg22577.txt",
			"count": 739,
			"score": 0.01161402
		}
	],
	"ga gb gc gd ge gf gg gh gi gj gk gl gm": [
		{
			"where": "text/guten/pg22577.txt",
			"count": 2,
			"score": 0.00003143
		}
	],
	"ga ge gi go gu": [
		{
			"where": "text/guten/pg22577.txt",
			"count": 135,
			"score": 0.00212164
		}
	],
	"gn go gp gq gr gs gt gu gv gw gx gy gz": [
		{
			"where": "text/guten/pg22577.txt",
			"count": 133,
			"score": 0.00209021
		}
	],
	"h": [
		{
			"where": "text/guten/pg22577.txt",
			"count": 4,
			"score": 0.00006286
		}
	],
	"h i j k l m n": [
		{
			"where": "text/guten/pg22577.txt",
			"count": 742,
			"score": 0.01166117
		}
	],
	"ha hb hc hd he hf hg hh hi hj hk hl hm": [
		{
			"where": "text/guten/pg22577.txt",
			"count": 822,
			"score": 0.01291843
		}
	],
	"ha he hi ho hu": [
		{
			"where": "text/guten/pg22577.txt",
			"count": 822,
			"score": 0.01291843
		}
	],
	"hn ho hp hq hr hs ht hu hv hw hx hy hz": [
		{
			"where": "text/guten/pg22577.txt",
			"count": 1,
			"score": 0.00001572
		}
	],
	"i": [
		{
			"where": "text/guten/pg22577.txt",
			"count": 727,
			"score": 0.01142543
		}
	],
	"i j": [
		{
			"where": "text/guten/pg22577.txt",
			"count": 733,
			"score": 0.01151972
		}
	],
	"i j k l": [
		{
			"where": "text/guten/pg22577.txt",
			"count": 733,
			"score": 0.01151972
		}
	],
	"i j k l m n o p": [
		{
			"where": "text/guten/pg22577.txt",
			"count": 753,
			"score": 0.01183404
		}
	],
	"ia ib ic id ie if ig ih ii ij ik il im": [
		{
			"where": "text/guten/pg22577.txt",
			"count": 310,
			"score": 0.00487192
		}
	],
	"ia ie ii io iu": [
		{
			"where": "text/guten/pg22577.txt",
			"count": 2,
			"score": 0.00003143
		}
	],
	"in io ip iq ir is it iu iv iw ix iy iz": [
		{
			"where": "text/guten/pg22577.txt",
			"count": 3126,
			"score": 0.04912777
		}
	],
	"j": [
		{
			"where": "text/guten/pg22577.txt",
			"count": 6,
			"score": 0.00009430
		}
	],
	"j k l": [
		{
			"where": "text/guten/pg22577.txt",
			"count": 6,
			"score": 0.00009430
		}
	],
	"j k l m n o p q r": [
		{
			"where": "text/guten/pg22577.txt",
			"count": 34,
			"score": 0.00053434
		}
	],
	"ja jb jc jd je jf jg jh ji jj jk jl jm": [
	],
	"ja je ji jo ju": [
	],
	"jn jo jp jq jr js jt ju jv jw jx jy jz": [
	],
	"k": [
	],
	"k l": [
	],
	"k l m n o": [
		{
			"where": "text/guten/pg22577.txt",
			"count": 16,
			"score": 0.00025145
		}
	],
	"k l m n o p q r s t": [
		{
			"where": "text/guten/pg22577.txt",
			"count": 52,
			"score": 0.00081722
		}
	],
	"ka kb kc kd ke kf kg kh ki kj kk kl km": [
		{
			"where": "text/guten/pg22577.txt",
			"count": 1,
			"score": 0.00001572
		}
	],
	"ka ke ki ko ku": [
		{
			"where": "text/guten/pg22577.txt",
			"count": 1,
			"score": 0.00001572
		}
	],
	"kn ko kp kq kr ks kt ku kv kw kx ky kz": [
	],
	"l": [
	],
	"la lb lc ld le lf lg lh li lj lk ll lm": [
	],
	"la le li lo lu": [
	],
	"ln lo lp lq lr ls lt lu lv lw lx ly lz": [
		{
			"where": "text/guten/pg22577.txt",
			"count": 1,
			"score": 0.00001572
		}
	],
	"m": [
		{
			"where": "text/guten/pg22577.txt",
			"count": 2,
			"score": 0.00003143
		}
	],
	"m n": [
		{
			"where": "text/guten/pg22577.txt",
			"count": 5,
			"score": 0.00007858
		}
	],
	"m n o": [
		{
			"where": "text/guten/pg22577.txt",
			"count": 16,
			"score": 0.00025145
		}
	],
	"m n o p": [
		{
			"where": "text/guten/pg22577.txt",
			"count": 20,
			"score": 0.00031432
		}
	],
	"m n o p q r": [
		{
			"where": "text/guten/pg22577.txt",
			"count": 28,
			"score": 0.00044004
		}
	],
	"ma mb mc md me mf mg mh mi mj mk ml mm": [
		{
			"where": "text/guten/pg22577.txt",
			"count": 141,
			"score": 0.00221594
		}
	],
	"ma me mi mo mu": [
		{
			"where": "text/guten/pg22577.txt",
			"count": 141,
			"score": 0.00221594
		}
	],
	"mn mo mp mq mr ms mt mu mv mw mx my mz": [
		{
			"where": "text/guten/pg22577.txt",
			"count": 171,
			"score": 0.00268741
		}
	],
	"n": [
		{
			"where": "text/guten/pg22577.txt",
			"count": 3,
			"score": 0.00004715
		}
	],
	"na nb nc nd ne nf ng nh ni nj nk nl nm": [
		{
			"where": "text/guten/pg22577.txt",
			"count": 1,
			"score": 0.00001572
		}
	],
	"na ne ni no nu": [
		{
			"where": "text/guten/pg22577.txt",
			"count": 149,
			"score": 0.00234166
		}
	],
	"nn no np nq nr ns nt nu nv nw nx ny nz": [
		{
			"where": "text/guten/pg22577.txt",
			"count": 148,
			"score": 0.00232595
		}
	],
	"o": [
		{
			"where": "text/guten/pg22577.txt",
			"count": 11,
			"score": 0.00017287
		}
	],
	"o p": [
		{
			"where": "text/guten/pg22577.txt",
			"count": 15,
			"score": 0.00023574
		}
	],
	"o p q r s t u": [
		{
			"where": "text/guten/pg22577.txt",
			"count": 53,
			"score": 0.00083294
		}
	],
	"oa ob oc od oe of og oh oi oj ok ol om": [
		{
			"where": "text/guten/pg22577.txt",
			"count": 2189,
			"score": 0.03440201
		}
	],
	"oa oe oi oo ou": [
		{
			"where": "text/guten/pg22577.txt",
			"count": 3,
			"score": 0.00004715
		}
	],
	"on oo op oq or os ot ou ov ow ox oy oz": [
		{
			"where": "text/guten/pg22577.txt",
			"count": 793,
			"score": 0.01246267
		}
	],
	"p": [
		{
			"where": "text/guten/pg22577.txt",
			"count": 4,
			"score": 0.00006286
		}
	],
	"p q r": [
		{
			"where": "text/guten/pg22577.txt",
			"count": 12,
			"score": 0.00018859
		}
	],
	"p q r s t": [
		{
			"where": "text/guten/pg22577.txt",
			"count": 36,
			"score": 0.00056577
		}
	],
	"pa pb pc pd pe pf pg ph pi pj pk pl pm": [
		{
			"where": "text/guten/pg22577.txt",
			"count": 4,
			"score": 0.00006286
		}
	],
	"pa pe pi po pu": [
		{
			"where": "text/guten/pg22577.txt",
			"count": 3,
			"score": 0.00004715
		}
	],
	"pn po pp pq pr ps pt pu pv pw px py pz": [
	],
	"q": [
	],
	"q r": [
		{
			"where": "text/guten/pg22577.txt",
			"count": 8,
			"score": 0.00012573
		}
	],
	"q r s t": [
		{
			"where": "text/guten/pg22577.txt",
			"count": 32,
			"score": 0.00050291
		}
	],
	"q r s t u v w x": [
		{
			"where": "text/guten/pg22577.txt",
			"count": 59,
			"score": 0.00092724
		}
	],
	"qa qb qc qd qe qf qg qh qi qj qk ql qm": [
	],
	"qa qe qi qo qu": [
	],
	"qn qo qp qq qr qs qt qu qv qw qx qy qz": [
	],
	"r": [
		{
			"where": "text/guten/pg22577.txt",
			"count": 8,
			"score": 0.00012573
		}
	],
	"ra rb rc rd re rf rg rh ri rj rk rl rm": [
		{
			"where": "text/guten/pg22577.txt",
			"count": 1,
			"score": 0.00001572
		}
	],
	"ra re ri ro ru": [
	],
	"rn ro rp rq rr rs rt ru rv rw rx ry rz": [
	],
	"s": [
		{
			"where": "text/guten/pg22577.txt",
			"count": 24,
			"score": 0.00037718
		}
	],
	"s t": [
		{
			"where": "text/guten/pg22577.txt",
			"count": 24,
			"score": 0.00037718
		}
	],
	"s t u": [
		{
			"where": "text/guten/pg22577.txt",
			"count": 30,
			"score": 0.00047148
		}
	],
	"s t u v w x": [
		{
			"where": "text/guten/pg22577.txt",
			"count": 51,
			"score": 0.00080151
		}
	],
	"sa sb sc sd se sf sg sh si sj sk sl sm": [
		{
			"where": "text/guten/pg22577.txt",
			"count": 4,
			"score": 0.00006286
		}
	],
	"sa se si so su": [
		{
			"where": "text/guten/pg22577.txt",
			"count": 139,
			"score": 0.00218450
		}
	],
	"sn so sp sq sr ss st su sv sw sx sy sz": [
		{
			"where": "text/guten/pg22577.txt",
			"count": 142,
			"score": 0.00223165
		}
	],
	"t": [
	],
	"ta tb tc td te tf tg th ti tj tk tl tm": [
		{
			"where": "text/guten/pg22577.txt",
			"count": 6,
			"score": 0.00009430
		}
	],
	"ta te ti to tu": [
		{
			"where": "text/guten/pg22577.txt",
			"count": 1640,
			"score": 0.02577401
		}
	],
	"tn to tp tq tr ts tt tu tv tw tx ty tz": [
		{
			"where": "text/guten/pg22577.txt",
			"count": 1641,
			"score": 0.02578972
		}
	],
	"u": [
		{
			"where": "text/guten/pg22577.txt",
			"count": 6,
			"score": 0.00009430
		}
	],
	"u v": [
		{
			"where": "text/guten/pg22577.txt",
			"count": 8,
			"score": 0.00012573
		}
	],
	"u v w x": [
		{
			"where": "text/guten/pg22577.txt",
			"count": 27,
			"score": 0.00042433
		}
	],
	"u v w x y": [
		{
			"where": "text/guten/pg22577.txt",
			"count": 36,
			"score": 0.00056577
		}
	],
	"ua ub uc ud ue uf ug uh ui uj uk ul um": [
		{
			"where": "text/guten/pg22577.txt",
			"count": 1,
			"score": 0.00001572
		}
	],
	"ua ue ui uo uu": [
	],
	"un uo up uq ur us ut uu uv uw ux uy uz": [
		{
			"where": "text/guten/pg22577.txt",
			"count": 104,
			"score": 0.00163445
		}
	],
	"v": [
		{
			"where": "text/guten/pg22577.txt",
			"count": 2,
			"score": 0.00003143
		}
	],
	"v w x": [
		{
			"where": "text/guten/pg22577.txt",
			"count": 21,
			"score": 0.00033003
		}
	],
	"va vb vc vd ve vf vg vh vi vj vk vl vm": [
		{
			"where": "text/guten/pg22577.txt",
			"count": 1,
			"score": 0.00001572
		}
	],
	"va ve vi vo vu": [
		{
			"where": "text/guten/pg22577.txt",
			"count": 1,
			"score": 0.00001572
		}
	],
	"vn vo vp vq vr vs vt vu vv vw vx vy vz": [
	],
	"w": [
		{
			"where": "text/guten/pg22577.txt",
			"count": 5,
			"score": 0.00007858
		}
	],
	"w x": [
		{
			"where": "text/guten/pg22577.txt",
			"count": 19,
			"score": 0.00029860
		}
	],
	"wa wb wc wd we wf wg wh wi wj wk wl wm": [
		{
			"where": "text/guten/pg22577.txt",
			"count": 269,
			"score": 0.00422757
		}
	],
	"wa we wi wo wu": [
		{
			"where": "text/guten/pg22577.txt",
			"count": 268,
			"score": 0.00421185
		}
	],
	"wn wo wp wq wr ws wt wu wv ww wx wy wz": [
	],
	"x": [
		{
			"where": "text/guten/pg22577.txt",
			"count": 14,
			"score": 0.00022002
		}
	],
	"xa xb xc xd xe xf xg xh xi xj xk xl xm": [
		{
			"where": "text/guten/pg22577.txt",
			"count": 1,
			"score": 0.00001572
		}
	],
	"xa xe xi xo xu": [
		{
			"where": "text/guten/pg22577.txt",
			"count": 1,
			"score": 0.00001572
		}
	],
	"xn xo xp xq xr xs xt xu xv xw xx xy xz": [
		{
			"where": "text/guten/pg22577.txt",
			"count": 1,
			"score": 0.00001572
		}
	],
	"y": [
		{
			"where": "text/guten/pg22577.txt",
			"count": 9,
			"score": 0.00014144
		}
	],
	"y z": [
		{
			"where": "text/guten/pg22577.txt",
			"count": 10,
			"score": 0.00015716
		}
	],
	"ya yb yc yd ye yf yg yh yi yj yk yl ym": [
		{
			"where": "text/guten/pg22577.txt",
			"count": 3,
			"score": 0.00004715
		}
	],
	"ya ye yi yo yu": [
		{
			"where": "text/guten/pg22577.txt",
			"count": 4,
			"score": 0.00006286
		}
	],
	"yn yo yp yq yr ys yt yu yv yw yx yy yz": [
		{
			"where": "text/guten/pg22577.txt",
			"count": 1,
			"score": 0.00001572
		}
	],
	"z": [
		{
			"where": "text/guten/pg22577.txt",
			"count": 1,
			"score": 0.00001572
		}
	],
	"za zb zc zd ze zf zg zh zi zj zk zl zm": [
	],
	"za ze zi zo zu": [
	],
	"zn zo zp zq zr zs zt zu zv zw zx zy zz": [
	]
}