{
	"a": [
		{
			"where": "text/rfcs/rfc475.txt",
			"count": 66,
			"score": 0.02044610
		}
	],
	"a b": [
		{
			"where": "text/rfcs/rfc475.txt",
			"count": 66,
			"score": 0.02044610
		}
	],
	"a b c": [
		{
			"where": "text/rfcs/rfc475.txt",
			"count": 66,
			"score": 0.02044610
		}
	],
	"a b c d": [
		{
			"where": "text/rfcs/rfc475.txt",
			"count": 66,
			"score": 0.02044610
		}
	],
	"a b c d e": [
		{
			"where": "text/rfcs/rfc475.txt",
			"count": 66,
			"score": 0.02044610
		}
	],
	"a b c d e f": [
		{
			"where": "text/rfcs/rfc475.txt",
			"count": 66,
			"score": 0.02044610
		}
	],
	"a b c d e f g": [
		{
			"where": "text/rfcs/rfc475.txt",
			"count": 66,
			"score": 0.02044610
		}
	],
	"a b c d e f g h": [
		{
			"where": "text/rfcs/rfc475.txt",
			"count": 66,
			"score": 0.02044610
		}
	],
	"a b c d e f g h i": [
		{
			"where": "text/rfcs/rfc475.txt",
			"count": 67,
			"score": 0.02075589
		}
	],
	"a b c d e f g h i j": [
		{
			"where": "text/rfcs/rfc475.txt",
			"count": 67,
			"score": 0.02075589
		}
	],
	"a b c d e f g h i j k l m n o p q r s t u v w x y z": [
		{
			"where": "text/rfcs/rfc475.txt",
			"count": 71,
			"score": 0.02199504
		}
	],
	"aa ab ac ad ae af ag ah ai aj ak al am": [
		{
			"where": "text/rfcs/rfc475.txt",
			"count": 1,
			"score": 0.00030979
		}
	],
	"aa ae ai ao au": [
	],
	"aa ee ii oo uu": [
	],
	"an ao ap aq ar as at au av aw ax ay az": [
		{
			"where": "text/rfcs/rfc475.txt",
			"count": 78,
			"score": 0.02416357
		}
	],
	"b": [
	],
	"ba bb bc bd be bf bg bh bi bj bk bl bm": [
		{
			"where": "text/rfcs/rfc475.txt",
			"count": 63,
			"score": 0.01951673
		}
	],
	"ba be bi bo bu": [
		{
			"where": "text/rfcs/rfc475.txt",
			"count": 63,
			"score": 0.01951673
		}
	],
	"bn bo bp bq br bs bt bu bv bw bx by bz": [
		{
			"where": "text/rfcs/rfc475.txt",
			"count": 25,
			"score": 0.00774473
		}
	],
	"c": [
	],
	"c d": [
	],
	"ca cb cc cd ce cf cg ch ci cj ck cl cm": [
	],
	"ca ce ci co cu": [
	],
	"cn co cp cq cr cs ct cu cv cw cx cy cz": [
	],
	"d": [
	],
	"d e f": [
	],
	"da db dc dd de df dg dh di dj dk dl dm": [
	],
	"da de di do du": [
		{
			"where": "text/rfcs/rfc475.txt",
			"count": 7,
			"score": 0.00216853
		}
	],
	"dn do dp dq dr ds dt du dv dw dx dy dz": [
		{
			"where": "text/rfcs/rfc475.txt",
			"count": 7,
			"score": 0.00216853
		}
	],
	"e": [
	],
	"e f": [
	],
	"e f g h": [
	],
	"ea eb ec ed ee ef eg eh ei ej ek el em": [
		{
			"where": "text/rfcs/rfc475.txt",
			"count": 2,
			"score": 0.00061958
		}
	],
	"ea ee ei eo eu": [
	],
	"en eo ep eq er es et eu ev ew ex ey ez": [
	],
	"f": [
	],
	"f g h i j": [
		{
			"where": "text/rfcs/rfc475.txt",
			"count": 1,
			"score": 0.00030979
		}
	],
	"fa fb fc fd fe ff fg fh fi fj fk fl fm": [
	],
	"fa fe fi fo fu": [
	],
	"fn fo fp fq fr fs ft fu fv fw fx fy fz": [
	],
	"g": [
	],
	"g h": [
	],
	"g h i": [
		{
			"where": "text/rfcs/rfc475.txt",
			"count": 1,
			"score": 0.00030979
		}
	],
	"g h i j k l": [
		{
			"where": "text/rfcs/rfc475.txt",
			"count": 2,
			"score": 0.00061958
		}
	],
	"ga gb gc gd ge gf gg gh gi gj gk gl gm": [
	],
	"ga ge gi go gu": [
	],
	"gn go gp gq gr gs gt gu gv gw gx gy gz": [
	],
	"h": [
	],
	"h i j k l m n": [
		{
			"where": "text/rfcs/rfc475.txt",
			"count": 2,
			"score": 0.00061958
		}
	],
	"ha hb hc hd he hf hg hh hi hj hk hl hm": [
		{
			"where": "text/rfcs/rfc475.txt",
			"count": 3,
			"score": 0.00092937
		}
	],
	"ha he hi ho hu": [
		{
			"where": "text/rfcs/rfc475.txt",
			"count": 3,
			"score": 0.00092937
		}
	],
	"hn ho hp hq hr hs ht hu hv hw hx hy hz": [
	],
	"i": [
		{
			"where": "text/rfcs/rfc475.txt",
			"count": 1,
			"score": 0.00030979
		}
	],
	"i j": [
		{
			"where": "text/rfcs/rfc475.txt",
			"count": 1,
			"score": 0.00030979
		}
	],
	"i j k l": [
		{
			"where": "text/rfcs/rfc475.txt",
			"count": 2,
			"score": 0.00061958
		}
	],
	"i j k l m n o p": [
		{
			"where": "text/rfcs/rfc475.txt",
			"count": 3,
			"score": 0.00092937
		}
	],
	"ia ib ic id ie if ig ih ii ij ik il im": [
		{
			"where": "text/rfcs/rfc475.txt",
			"count": 26,
			"score": 0.00805452
		}
	],
	"ia ie ii io iu": [
		{
			"where": "text/rfcs/rfc475.txt",
			"count": 2,
			"score": 0.00061958
		}
	],
	"in io ip iq ir is it iu iv iw ix iy iz": [
		{
			"where": "text/rfcs/rfc475.txt",
			"count": 136,
			"score": 0.04213135
		}
	],
	"j": [
	],
	"j k l": [
		{
			"where": "text/rfcs/rfc475.txt",
			"count": 1,
			"score": 0.00030979
		}
	],
	"j k l m n o p q r": [
		{
			"where": "text/rfcs/rfc475.txt",
			"count": 2,
			"score": 0.00061958
		}
	],
	"ja jb jc jd je jf jg jh ji jj jk jl jm": [
	],
	"ja je ji jo ju": [
	],
	"jn jo jp jq jr js jt ju jv jw jx jy jz": [
	],
	"k": [
	],
	"k l": [
		{
			"where": "text/rfcs/rfc475.txt",
			"count": 1,
			"score": 0.00030979
		}
	],
	"k l m n o": [
		{
			"where": "text/rfcs/rfc475.txt",
			"count": 2,
			"score": 0.00061958
		}
	],
	"k l m n o p q r s t": [
		{
			"where": "text/rfcs/rfc475.txt",
			"count": 2,
			"score": 0.00061958
		}
	],
	"ka kb kc kd ke kf kg kh ki kj kk kl km": [
	],
	"ka ke ki ko ku": [
	],
	"kn ko kp kq kr ks kt ku kv kw kx ky kz": [
	],
	"l": [
		{
			"where": "text/rfcs/rfc475.txt",
			"count": 1,
			"score": 0.00030979
		}
	],
	"la lb lc ld le lf lg lh li lj lk ll lm": [
	],
	"la le li lo lu": [
	],
	"ln lo lp lq lr ls lt lu lv lw lx ly lz": [
	],
	"m": [
	],
	"m n": [
	],
	"m n o": [
		{
			"where": "text/rfcs/rfc475.txt",
			"count": 1,
			"score": 0.00030979
		}
	],
	"m n o p": [
		{
			"where": "text/rfcs/rfc475.txt",
			"count": 1,
			"score": 0.00030979
		}
	],
	"m n o p q r": [
		{
			"where": "text/rfcs/rfc475.txt",
			"count": 1,
			"score": 0.00030979
		}
	],
	"ma mb mc md me mf mg mh mi mj mk ml mm": [
		{
			"where": "text/rfcs/rfc475.txt",
			"count": 1,
			"score": 0.00030979
		}
	],
	"ma me mi mo mu": [
		{
			"where": "text/rfcs/rfc475.txt",
			"count": 1,
			"score": 0.00030979
		}
	],
	"mn mo mp mq mr ms mt mu mv mw mx my mz": [
		{
			"where": "text/rfcs/rfc475.txt",
			"count": 1,
			"score": 0.00030979
		}
	],
	"n": [
	],
	"na nb nc nd ne nf ng nh ni nj nk nl nm": [
	],
	"na ne ni no nu": [
		{
			"where": "text/rfcs/rfc475.txt",
			"count": 5,
			"score": 0.00154895
		}
	],
	"nn no np nq nr ns nt nu nv nw nx ny nz": [
		{
			"where": "text/rfcs/rfc475.txt",
			"count": 5,
			"score": 0.00154895
		}
	],
	"o": [
		{
			"where": "text/rfcs/rfc475.txt",
			"count": 1,
			"score": 0.00030979
		}
	],
	"o p": [
		{
			"where": "text/rfcs/rfc475.txt",
			"count": 1,
			"score": 0.00030979
		}
	],
	"o p q r s t u": [
		{
			"where": "text/rfcs/rfc475.txt",
			"count": 2,
			"score": 0.00061958
		}
	],
	"oa ob oc od oe of og oh oi oj ok ol om": [
		{
			"where": "text/rfcs/rfc475.txt",
			"count": 56,
			"score": 0.01734820
		}
	],
	"oa oe oi oo ou": [
	],
	"on oo op oq or os ot ou ov ow ox oy oz": [
		{
			"where": "text/rfcs/rfc475.txt",
			"count": 43,
			"score": 0.01332094
		}
	],
	"p": [
	],
	"p q r": [
	],
	"p q r s t": [
	],
	"pa pb pc pd pe pf pg ph pi pj pk pl pm": [
	],
	"pa pe pi po pu": [
	],
	"pn po pp pq pr ps pt pu pv pw px py pz": [
	],
	"q": [
	],
	"q r": [
	],
	"q r s t": [
	],
	"q r s t u v w x": [
		{
			"where": "text/rfcs/rfc475.txt",
			"count": 2,
			"score": 0.00061958
		}
	],
	"qa qb qc qd qe qf qg qh qi qj qk ql qm": [
	],
	"qa qe qi qo qu": [
	],
	"qn qo qp qq qr qs qt qu qv qw qx qy qz": [
	],
	"r": [
	],
	"ra rb rc rd re rf rg rh ri rj rk rl rm": [
	],
	"ra re ri ro ru": [
	],
	"rn ro rp rq rr rs rt ru rv rw rx ry rz": [
	],
	"s": [
	],
	"s t": [
	],
	"s t u": [
		{
			"where": "text/rfcs/rfc475.txt",
			"count": 1,
			"score": 0.00030979
		}
	],
	"s t u v w x": [
		{
			"where": "text/rfcs/rfc475.txt",
			"count": 2,
			"score": 0.00061958
		}
	],
	"sa sb sc sd se sf sg sh si sj sk sl sm": [
	],
	"sa se si so su": [
		{
			"where": "text/rfcs/rfc475.txt",
			"count": 2,
			"score": 0.00061958
		}
	],
	"sn so sp sq sr ss st su sv sw sx sy sz": [
		{
			"where": "text/rfcs/rfc475.txt",
			"count": 2,
			"score": 0.00061958
		}
	],
	"t": [
	],
	"ta tb tc td te tf tg th ti tj tk tl tm": [
	],
	"ta te ti to tu": [
		{
			"where": "text/rfcs/rfc475.txt",
			"count": 100,
			"score": 0.03097893
		}
	],
	"tn to tp tq tr ts tt tu tv tw tx ty tz": [
		{
			"where": "text/rfcs/rfc475.txt",
			"count": 100,
			"score": 0.03097893
		}
	],
	"u": [
		{
			"where": "text/rfcs/rfc475.txt",
			"count": 1,
			"score": 0.00030979
		}
	],
	"u v": [
		{
			"where": "text/rfcs/rfc475.txt",
			"count": 1,
			"score": 0.00030979
		}
	],
	"u v w x": [
		{
			"where": "text/rfcs/rfc475.txt",
			"count": 2,
			"score": 0.00061958
		}
	],
	"u v w x y": [
		{
			"where": "text/rfcs/rfc475.txt",
			"count": 2,
			"score": 0.00061958
		}
	],
	"ua ub uc ud ue uf ug uh ui uj uk ul um": [
	],
	"ua ue ui uo uu": [
	],
	"un uo up uq ur us ut uu uv uw ux uy uz": [
		{
			"where": "text/rfcs/rfc475.txt",
			"count": 3,
			"score": 0.00092937
		}
	],
	"v": [
	],
	"v w x": [
		{
			"where": "text/rfcs/rfc475.txt",
			"count": 1,
			"score": 0.00030979
		}
	],
	"va vb vc vd ve vf vg vh vi vj vk vl vm": [
	],
	"va ve vi vo vu": [
	],
	"vn vo vp vq vr vs vt vu vv vw vx vy vz": [
	],
	"w": [
	],
	"w x": [
		{
			"where": "text/rfcs/rfc475.txt",
			"count": 1,
			"score": 0.00030979
		}
	],
	"wa wb wc wd we wf wg wh wi wj wk wl wm": [
		{
			"where": "text/rfcs/rfc475.txt",
			"count": 3,
			"score": 0.00092937
		}
	],
	"wa we wi wo wu": [
		{
			"where": "text/rfcs/rfc475.txt",
			"count": 3,
			"score": 0.00092937
		}
	],
	"wn wo wp wq wr ws wt wu wv ww wx wy wz": [
	],
	"x": [
		{
			"where": "text/rfcs/rfc475.txt",
			"count": 1,
			"score": 0.00030979
		}
	],
	"xa xb xc xd xe xf xg xh xi xj xk xl xm": [
	],
	"xa xe xi xo xu": [
	],
	"xn xo xp xq xr xs xt xu xv xw xx xy xz": [
	],
	"y": [
	],
	"y z": [
	],
	"ya yb yc yd ye yf yg yh yi yj yk yl ym": [
	],
	"ya ye yi yo yu": [
	],
	"yn yo yp yq yr ys yt yu yv yw yx yy yz": [
	],
	"z": [
	],
	"za zb zc zd ze zf zg zh zi zj zk zl zm": [
	],
	"za ze zi zo zu": [
	],
	"zn zo zp zq zr zs zt zu zv zw zx zy zz": [
	]
}