{
	"a": [
		{
			"where": "text/rfcs/rfc6838.txt",
			"count": 222,
			"score": 0.02370022
		}
	],
	"a b": [
		{
			"where": "text/rfcs/rfc6838.txt",
			"count": 225,
			"score": 0.02402050
		}
	],
	"a b c": [
		{
			"where": "text/rfcs/rfc6838.txt",
			"count": 227,
			"score": 0.02423401
		}
	],
	"a b c d": [
		{
			"where": "text/rfcs/rfc6838.txt",
			"count": 230,
			"score": 0.02455429
		}
	],
	"a b c d e": [
		{
			"where": "text/rfcs/rfc6838.txt",
			"count": 231,
			"score": 0.02466104
		}
	],
	"a b c d e f": [
		{
			"where": "text/rfcs/rfc6838.txt",
			"count": 232,
			"score": 0.02476780
		}
	],
	"a b c d e f g": [
		{
			"where": "text/rfcs/rfc6838.txt",
			"count": 232,
			"score": 0.02476780
		}
	],
	"a b c d e f g h": [
		{
			"where": "text/rfcs/rfc6838.txt",
			"count": 234,
			"score": 0.02498132
		}
	],
	"a b c d e f g h i": [
		{
			"where": "text/rfcs/rfc6838.txt",
			"count": 234,
			"score": 0.02498132
		}
	],
	"a b c d e f g h i j": [
		{
			"where": "text/rfcs/rfc6838.txt",
			"count": 244,
			"score": 0.02604890
		}
	],
	"a b c d e f g h i j k l m n o p q r s t u v w x y z": [
		{
			"where": "text/rfcs/rfc6838.txt",
			"count": 318,
			"score": 0.03394897
		}
	],
	"aa ab ac ad ae af ag ah ai aj ak al am": [
		{
			"where": "text/rfcs/rfc6838.txt",
			"count": 40,
			"score": 0.00427031
		}
	],
	"aa ae ai ao au": [
	],
	"aa ee ii oo uu": [
	],
	"an ao ap aq ar as at au av aw ax ay az": [
		{
			"where": "text/rfcs/rfc6838.txt",
			"count": 141,
			"score": 0.01505285
		}
	],
	"b": [
		{
			"where": "text/rfcs/rfc6838.txt",
			"count": 3,
			"score": 0.00032027
		}
	],
	"ba bb bc bd be bf bg bh bi bj bk bl bm": [
		{
			"where": "text/rfcs/rfc6838.txt",
			"count": 162,
			"score": 0.01729476
		}
	],
	"ba be bi bo bu": [
		{
			"where": "text/rfcs/rfc6838.txt",
			"count": 162,
			"score": 0.01729476
		}
	],
	"bn bo bp bq br bs bt bu bv bw bx by bz": [
		{
			"where": "text/rfcs/rfc6838.txt",
			"count": 66,
			"score": 0.00704601
		}
	],
	"c": [
		{
			"where": "text/rfcs/rfc6838.txt",
			"count": 2,
			"score": 0.00021352
		}
	],
	"c d": [
		{
			"where": "text/rfcs/rfc6838.txt",
			"count": 5,
			"score": 0.00053379
		}
	],
	"ca cb cc cd ce cf cg ch ci cj ck cl cm": [
		{
			"where": "text/rfcs/rfc6838.txt",
			"count": 1,
			"score": 0.00010676
		}
	],
	"ca ce ci co cu": [
		{
			"where": "text/rfcs/rfc6838.txt",
			"count": 1,
			"score": 0.00010676
		}
	],
	"cn co cp cq cr cs ct cu cv cw cx cy cz": [
	],
	"d": [
		{
			"where": "text/rfcs/rfc6838.txt",
			"count": 3,
			"score": 0.00032027
		}
	],
	"d e f": [
		{
			"where": "text/rfcs/rfc6838.txt",
			"count": 5,
			"score": 0.00053379
		}
	],
	"da db dc dd de df dg dh di dj dk dl dm": [
		{
			"where": "text/rfcs/rfc6838.txt",
			"count": 1,
			"score": 0.00010676
		}
	],
	"da de di do du": [
		{
			"where": "text/rfcs/rfc6838.txt",
			"count": 15,
			"score": 0.00160137
		}
	],
	"dn do dp dq dr ds dt du dv dw dx dy dz": [
		{
			"where": "text/rfcs/rfc6838.txt",
			"count": 15,
			"score": 0.00160137
		}
	],
	"e": [
		{
			"where": "text/rfcs/rfc6838.txt",
			"count": 1,
			"score": 0.00010676
		}
	],
	"e f": [
		{
			"where": "text/rfcs/rfc6838.txt",
			"count": 2,
			"score": 0.00021352
		}
	],
	"e f g h": [
		{
			"where": "text/rfcs/rfc6838.txt",
			"count": 4,
			"score": 0.00042703
		}
	],
	"ea eb ec ed ee ef eg eh ei ej ek el em": [
		{
			"where": "text/rfcs/rfc6838.txt",
			"count": 7,
			"score": 0.00074730
		}
	],
	"ea ee ei eo eu": [
	],
	"en eo ep eq er es et eu ev ew ex ey ez": [
		{
			"where": "text/rfcs/rfc6838.txt",
			"count": 32,
			"score": 0.00341625
		}
	],
	"f": [
		{
			"where": "text/rfcs/rfc6838.txt",
			"count": 1,
			"score": 0.00010676
		}
	],
	"f g h i j": [
		{
			"where": "text/rfcs/rfc6838.txt",
			"count": 13,
			"score": 0.00138785
		}
	],
	"fa fb fc fd fe ff fg fh fi fj fk fl fm": [
	],
	"fa fe fi fo fu": [
	],
	"fn fo fp fq fr fs ft fu fv fw fx fy fz": [
	],
	"g": [
	],
	"g h": [
		{
			"where": "text/rfcs/rfc6838.txt",
			"count": 2,
			"score": 0.00021352
		}
	],
	"g h i": [
		{
			"where": "text/rfcs/rfc6838.txt",
			"count": 2,
			"score": 0.00021352
		}
	],
	"g h i j k l": [
		{
			"where": "text/rfcs/rfc6838.txt",
			"count": 15,
			"score": 0.00160137
		}
	],
	"ga gb gc gd ge gf gg gh gi gj gk gl gm": [
	],
	"ga ge gi go gu": [
		{
			"where": "text/rfcs/rfc6838.txt",
			"count": 2,
			"score": 0.00021352
		}
	],
	"gn go gp gq gr gs gt gu gv gw gx gy gz": [
		{
			"where": "text/rfcs/rfc6838.txt",
			"count": 2,
			"score": 0.00021352
		}
	],
	"h": [
		{
			"where": "text/rfcs/rfc6838.txt",
			"count": 2,
			"score": 0.00021352
		}
	],
	"h i j k l m n": [
		{
			"where": "text/rfcs/rfc6838.txt",
			"count": 27,
			"score": 0.00288246
		}
	],
	"ha hb hc hd he hf hg hh hi hj hk hl hm": [
		{
			"where": "text/rfcs/rfc6838.txt",
			"count": 1,
			"score": 0.00010676
		}
	],
	"ha he hi ho hu": [
		{
			"where": "text/rfcs/rfc6838.txt",
			"count": 1,
			"score": 0.00010676
		}
	],
	"hn ho hp hq hr hs ht hu hv hw hx hy hz": [
	],
	"i": [
	],
	"i j": [
		{
			"where": "text/rfcs/rfc6838.txt",
			"count": 10,
			"score": 0.00106758
		}
	],
	"i j k l": [
		{
			"where": "text/rfcs/rfc6838.txt",
			"count": 13,
			"score": 0.00138785
		}
	],
	"i j k l m n o p": [
		{
			"where": "text/rfcs/rfc6838.txt",
			"count": 58,
			"score": 0.00619195
		}
	],
	"ia ib ic id ie if ig ih ii ij ik il im": [
		{
			"where": "text/rfcs/rfc6838.txt",
			"count": 30,
			"score": 0.00320273
		}
	],
	"ia ie ii io iu": [
	],
	"in io ip iq ir is it iu iv iw ix iy iz": [
		{
			"where": "text/rfcs/rfc6838.txt",
			"count": 409,
			"score": 0.04366393
		}
	],
	"j": [
		{
			"where": "text/rfcs/rfc6838.txt",
			"count": 10,
			"score": 0.00106758
		}
	],
	"j k l": [
		{
			"where": "text/rfcs/rfc6838.txt",
			"count": 13,
			"score": 0.00138785
		}
	],
	"j k l m n o p q r": [
		{
			"where": "text/rfcs/rfc6838.txt",
			"count": 60,
			"score": 0.00640547
		}
	],
	"ja jb jc jd je jf jg jh ji jj jk jl jm": [
	],
	"ja je ji jo ju": [
	],
	"jn jo jp jq jr js jt ju jv jw jx jy jz": [
	],
	"k": [
		{
			"where": "text/rfcs/rfc6838.txt",
			"count": 1,
			"score": 0.00010676
		}
	],
	"k l": [
		{
			"where": "text/rfcs/rfc6838.txt",
			"count": 3,
			"score": 0.00032027
		}
	],
	"k l m n o": [
		{
			"where": "text/rfcs/rfc6838.txt",
			"count": 45,
			"score": 0.00480410
		}
	],
	"k l m n o p q r s t": [
		{
			"where": "text/rfcs/rfc6838.txt",
			"count": 63,
			"score": 0.00672574
		}
	],
	"ka kb kc kd ke kf kg kh ki kj kk kl km": [
	],
	"ka ke ki ko ku": [
	],
	"kn ko kp kq kr ks kt ku kv kw kx ky kz": [
	],
	"l": [
		{
			"where": "text/rfcs/rfc6838.txt",
			"count": 2,
			"score": 0.00021352
		}
	],
	"la lb lc ld le lf lg lh li lj lk ll lm": [
	],
	"la le li lo lu": [
	],
	"ln lo lp lq lr ls lt lu lv lw lx ly lz": [
	],
	"m": [
		{
			"where": "text/rfcs/rfc6838.txt",
			"count": 2,
			"score": 0.00021352
		}
	],
	"m n": [
		{
			"where": "text/rfcs/rfc6838.txt",
			"count": 12,
			"score": 0.00128109
		}
	],
	"m n o": [
		{
			"where": "text/rfcs/rfc6838.txt",
			"count": 42,
			"score": 0.00448383
		}
	],
	"m n o p": [
		{
			"where": "text/rfcs/rfc6838.txt",
			"count": 45,
			"score": 0.00480410
		}
	],
	"m n o p q r": [
		{
			"where": "text/rfcs/rfc6838.txt",
			"count": 47,
			"score": 0.00501762
		}
	],
	"ma mb mc md me mf mg mh mi mj mk ml mm": [
		{
			"where": "text/rfcs/rfc6838.txt",
			"count": 1,
			"score": 0.00010676
		}
	],
	"ma me mi mo mu": [
		{
			"where": "text/rfcs/rfc6838.txt",
			"count": 1,
			"score": 0.00010676
		}
	],
	"mn mo mp mq mr ms mt mu mv mw mx my mz": [
	],
	"n": [
		{
			"where": "text/rfcs/rfc6838.txt",
			"count": 10,
			"score": 0.00106758
		}
	],
	"na nb nc nd ne nf ng nh ni nj nk nl nm": [
		{
			"where": "text/rfcs/rfc6838.txt",
			"count": 2,
			"score": 0.00021352
		}
	],
	"na ne ni no nu": [
		{
			"where": "text/rfcs/rfc6838.txt",
			"count": 15,
			"score": 0.00160137
		}
	],
	"nn no np nq nr ns nt nu nv nw nx ny nz": [
		{
			"where": "text/rfcs/rfc6838.txt",
			"count": 14,
			"score": 0.00149461
		}
	],
	"o": [
		{
			"where": "text/rfcs/rfc6838.txt",
			"count": 30,
			"score": 0.00320273
		}
	],
	"o p": [
		{
			"where": "text/rfcs/rfc6838.txt",
			"count": 33,
			"score": 0.00352301
		}
	],
	"o p q r s t u": [
		{
			"where": "text/rfcs/rfc6838.txt",
			"count": 48,
			"score": 0.00512437
		}
	],
	"oa ob oc od oe of og oh oi oj ok ol om": [
		{
			"where": "text/rfcs/rfc6838.txt",
			"count": 268,
			"score": 0.02861108
		}
	],
	"oa oe oi oo ou": [
	],
	"on oo op oq or os ot ou ov ow ox oy oz": [
		{
			"where": "text/rfcs/rfc6838.txt",
			"count": 126,
			"score": 0.01345148
		}
	],
	"p": [
		{
			"where": "text/rfcs/rfc6838.txt",
			"count": 3,
			"score": 0.00032027
		}
	],
	"p q r": [
		{
			"where": "text/rfcs/rfc6838.txt",
			"count": 5,
			"score": 0.00053379
		}
	],
	"p q r s t": [
		{
			"where": "text/rfcs/rfc6838.txt",
			"count": 18,
			"score": 0.00192164
		}
	],
	"pa pb pc pd pe pf pg ph pi pj pk pl pm": [
	],
	"pa pe pi po pu": [
	],
	"pn po pp pq pr ps pt pu pv pw px py pz": [
	],
	"q": [
	],
	"q r": [
		{
			"where": "text/rfcs/rfc6838.txt",
			"count": 2,
			"score": 0.00021352
		}
	],
	"q r s t": [
		{
			"where": "text/rfcs/rfc6838.txt",
			"count": 15,
			"score": 0.00160137
		}
	],
	"q r s t u v w x": [
		{
			"where": "text/rfcs/rfc6838.txt",
			"count": 26,
			"score": 0.00277570
		}
	],
	"qa qb qc qd qe qf qg qh qi qj qk ql qm": [
	],
	"qa qe qi qo qu": [
	],
	"qn qo qp qq qr qs qt qu qv qw qx qy qz": [
	],
	"r": [
		{
			"where": "text/rfcs/rfc6838.txt",
			"count": 2,
			"score": 0.00021352
		}
	],
	"ra rb rc rd re rf rg rh ri rj rk rl rm": [
	],
	"ra re ri ro ru": [
	],
	"rn ro rp rq rr rs rt ru rv rw rx ry rz": [
	],
	"s": [
		{
			"where": "text/rfcs/rfc6838.txt",
			"count": 8,
			"score": 0.00085406
		}
	],
	"s t": [
		{
			"where": "text/rfcs/rfc6838.txt",
			"count": 13,
			"score": 0.00138785
		}
	],
	"s t u": [
		{
			"where": "text/rfcs/rfc6838.txt",
			"count": 13,
			"score": 0.00138785
		}
	],
	"s t u v w x": [
		{
			"where": "text/rfcs/rfc6838.txt",
			"count": 24,
			"score": 0.00256219
		}
	],
	"sa sb sc sd se sf sg sh si sj sk sl sm": [
	],
	"sa se si so su": [
		{
			"where": "text/rfcs/rfc6838.txt",
			"count": 9,
			"score": 0.00096082
		}
	],
	"sn so sp sq sr ss st su sv sw sx sy sz": [
		{
			"where": "text/rfcs/rfc6838.txt",
			"count": 10,
			"score": 0.00106758
		}
	],
	"t": [
		{
			"where": "text/rfcs/rfc6838.txt",
			"count": 5,
			"score": 0.00053379
		}
	],
	"ta tb tc td te tf tg th ti tj tk tl tm": [
	],
	"ta te ti to tu": [
		{
			"where": "text/rfcs/rfc6838.txt",
			"count": 234,
			"score": 0.02498132
		}
	],
	"tn to tp tq tr ts tt tu tv tw tx ty tz": [
		{
			"where": "text/rfcs/rfc6838.txt",
			"count": 234,
			"score": 0.02498132
		}
	],
	"u": [
	],
	"u v": [
	],
	"u v w x": [
		{
			"where": "text/rfcs/rfc6838.txt",
			"count": 11,
			"score": 0.00117434
		}
	],
	"u v w x y": [
		{
			"where": "text/rfcs/rfc6838.txt",
			"count": 11,
			"score": 0.00117434
		}
	],
	"ua ub uc ud ue uf ug uh ui uj uk ul um": [
	],
	"ua ue ui uo uu": [
	],
	"un uo up uq ur us ut uu uv uw ux uy uz": [
		{
			"where": "text/rfcs/rfc6838.txt",
			"count": 3,
			"score": 0.00032027
		}
	],
	"v": [
	],
	"v w x": [
		{
			"where": "text/rfcs/rfc6838.txt",
			"count": 11,
			"score": 0.00117434
		}
	],
	"va vb vc vd ve vf vg vh vi vj vk vl vm": [
	],
	"va ve vi vo vu": [
	],
	"vn vo vp vq vr vs vt vu vv vw vx vy vz": [
	],
	"w": [
	],
	"w x": [
		{
			"where": "text/rfcs/rfc6838.txt",
			"count": 11,
			"score": 0.00117434
		}
	],
	"wa wb wc wd we wf wg wh wi wj wk wl wm": [
		{
			"where": "text/rfcs/rfc6838.txt",
			"count": 2,
			"score": 0.00021352
		}
	],
	"wa we wi wo wu": [
		{
			"where": "text/rfcs/rfc6838.txt",
			"count": 2,
			"score": 0.00021352
		}
	],
	"wn wo wp wq wr ws wt wu wv ww wx wy wz": [
	],
	"x": [
		{
			"where": "text/rfcs/rfc6838.txt",
			"count": 11,
			"score": 0.00117434
		}
	],
	"xa xb xc xd xe xf xg xh xi xj xk xl xm": [
	],
	"xa xe xi xo xu": [
	],
	"xn xo xp xq xr xs xt xu xv xw xx xy xz": [
	],
	"y": [
	],
	"y z": [
	],
	"ya yb yc yd ye yf yg yh yi yj yk yl ym": [
	],
	"ya ye yi yo yu": [
	],
	"yn yo yp yq yr ys yt yu yv yw yx yy yz": [
	],
	"z": [
	],
	"za zb zc zd ze zf zg zh zi zj zk zl zm": [
	],
	"za ze zi zo zu": [
	],
	"zn zo zp zq zr zs zt zu zv zw zx zy zz": [
	]
}