{
	"a": [
		{
			"where": "text/guten/pg1661.txt",
			"count": 2684,
			"score": 0.02499162
		}
	],
	"a b": [
		{
			"where": "text/guten/pg1661.txt",
			"count": 2693,
			"score": 0.02507542
		}
	],
	"a b c": [
		{
			"where": "text/guten/pg1661.txt",
			"count": 2700,
			"score": 0.02514060
		}
	],
	"a b c d": [
		{
			"where": "text/guten/pg1661.txt",
			"count": 2706,
			"score": 0.02519647
		}
	],
	"a b c d e": [
		{
			"where": "text/guten/pg1661.txt",
			"count": 2730,
			"score": 0.02541994
		}
	],
	"a b c d e f": [
		{
			"where": "text/guten/pg1661.txt",
			"count": 2741,
			"score": 0.02552237
		}
	],
	"a b c d e f g": [
		{
			"where": "text/guten/pg1661.txt",
			"count": 2744,
			"score": 0.02555030
		}
	],
	"a b c d e f g h": [
		{
			"where": "text/guten/pg1661.txt",
			"count": 2749,
			"score": 0.02559686
		}
	],
	"a b c d e f g h i": [
		{
			"where": "text/guten/pg1661.txt",
			"count": 5744,
			"score": 0.05348430
		}
	],
	"a b c d e f g h i j": [
		{
			"where": "text/guten/pg1661.txt",
			"count": 5745,
			"score": 0.05349361
		}
	],
	"a b c d e f g h i j k l m n o p q r s t u v w x y z": [
		{
			"where": "text/guten/pg1661.txt",
			"count": 5793,
			"score": 0.05394056
		}
	],
	"aa ab ac ad ae af ag ah ai aj ak al am": [
		{
			"where": "text/guten/pg1661.txt",
			"count": 222,
			"score": 0.00206712
		}
	],
	"aa ae ai ao au": [
	],
	"aa ee ii oo uu": [
		{
			"where": "text/guten/pg1661.txt",
			"count": 3,
			"score": 0.00002793
		}
	],
	"an ao ap aq ar as at au av aw ax ay az": [
		{
			"where": "text/guten/pg1661.txt",
			"count": 1986,
			"score": 0.01849231
		}
	],
	"b": [
		{
			"where": "text/guten/pg1661.txt",
			"count": 9,
			"score": 0.00008380
		}
	],
	"ba bb bc bd be bf bg bh bi bj bk bl bm": [
		{
			"where": "text/guten/pg1661.txt",
			"count": 692,
			"score": 0.00644344
		}
	],
	"ba be bi bo bu": [
		{
			"where": "text/guten/pg1661.txt",
			"count": 692,
			"score": 0.00644344
		}
	],
	"bn bo bp bq br bs bt bu bv bw bx by bz": [
		{
			"where": "text/guten/pg1661.txt",
			"count": 368,
			"score": 0.00342657
		}
	],
	"c": [
		{
			"where": "text/guten/pg1661.txt",
			"count": 7,
			"score": 0.00006518
		}
	],
	"c d": [
		{
			"where": "text/guten/pg1661.txt",
			"count": 13,
			"score": 0.00012105
		}
	],
	"ca cb cc cd ce cf cg ch ci cj ck cl cm": [
	],
	"ca ce ci co cu": [
		{
			"where": "text/guten/pg1661.txt",
			"count": 1,
			"score": 0.00000931
		}
	],
	"cn co cp cq cr cs ct cu cv cw cx cy cz": [
		{
			"where": "text/guten/pg1661.txt",
			"count": 1,
			"score": 0.00000931
		}
	],
	"d": [
		{
			"where": "text/guten/pg1661.txt",
			"count": 6,
			"score": 0.00005587
		}
	],
	"d e f": [
		{
			"where": "text/guten/pg1661.txt",
			"count": 41,
			"score": 0.00038176
		}
	],
	"da db dc dd de df dg dh di dj dk dl dm": [
		{
			"where": "text/guten/pg1661.txt",
			"count": 6,
			"score": 0.00005587
		}
	],
	"da de di do du": [
		{
			"where": "text/guten/pg1661.txt",
			"count": 328,
			"score": 0.00305412
		}
	],
	"dn do dp dq dr ds dt du dv dw dx dy dz": [
		{
			"where": "text/guten/pg1661.txt",
			"count": 354,
			"score": 0.00329621
		}
	],
	"e": [
		{
			"where": "text/guten/pg1661.txt",
			"count": 24,
			"score": 0.00022347
		}
	],
	"e f": [
		{
			"where": "text/guten/pg1661.txt",
			"count": 35,
			"score": 0.00032590
		}
	],
	"e f g h": [
		{
			"where": "text/guten/pg1661.txt",
			"count": 43,
			"score": 0.00040039
		}
	],
	"ea eb ec ed ee ef eg eh ei ej ek el em": [
		{
			"where": "text/guten/pg1661.txt",
			"count": 4,
			"score": 0.00003725
		}
	],
	"ea ee ei eo eu": [
	],
	"en eo ep eq er es et eu ev ew ex ey ez": [
		{
			"where": "text/guten/pg1661.txt",
			"count": 4,
			"score": 0.00003725
		}
	],
	"f": [
		{
			"where": "text/guten/pg1661.txt",
			"count": 11,
			"score": 0.00010242
		}
	],
	"f g h i j": [
		{
			"where": "text/guten/pg1661.txt",
			"count": 3015,
			"score": 0.02807367
		}
	],
	"fa fb fc fd fe ff fg fh fi fj fk fl fm": [
	],
	"fa fe fi fo fu": [
	],
	"fn fo fp fq fr fs ft fu fv fw fx fy fz": [
		{
			"where": "text/guten/pg1661.txt",
			"count": 1,
			"score": 0.00000931
		}
	],
	"g": [
		{
			"where": "text/guten/pg1661.txt",
			"count": 3,
			"score": 0.00002793
		}
	],
	"g h": [
		{
			"where": "text/guten/pg1661.txt",
			"count": 8,
			"score": 0.00007449
		}
	],
	"g h i": [
		{
			"where": "text/guten/pg1661.txt",
			"count": 3003,
			"score": 0.02796194
		}
	],
	"g h i j k l": [
		{
			"where": "text/guten/pg1661.txt",
			"count": 3026,
			"score": 0.02817610
		}
	],
	"ga gb gc gd ge gf gg gh gi gj gk gl gm": [
	],
	"ga ge gi go gu": [
		{
			"where": "text/guten/pg1661.txt",
			"count": 129,
			"score": 0.00120116
		}
	],
	"gn go gp gq gr gs gt gu gv gw gx gy gz": [
		{
			"where": "text/guten/pg1661.txt",
			"count": 129,
			"score": 0.00120116
		}
	],
	"h": [
		{
			"where": "text/guten/pg1661.txt",
			"count": 5,
			"score": 0.00004656
		}
	],
	"h i j k l m n": [
		{
			"where": "text/guten/pg1661.txt",
			"count": 3023,
			"score": 0.02814816
		}
	],
	"ha hb hc hd he hf hg hh hi hj hk hl hm": [
		{
			"where": "text/guten/pg1661.txt",
			"count": 1486,
			"score": 0.01383664
		}
	],
	"ha he hi ho hu": [
		{
			"where": "text/guten/pg1661.txt",
			"count": 1486,
			"score": 0.01383664
		}
	],
	"hn ho hp hq hr hs ht hu hv hw hx hy hz": [
	],
	"i": [
		{
			"where": "text/guten/pg1661.txt",
			"count": 2995,
			"score": 0.02788744
		}
	],
	"i j": [
		{
			"where": "text/guten/pg1661.txt",
			"count": 2996,
			"score": 0.02789676
		}
	],
	"i j k l": [
		{
			"where": "text/guten/pg1661.txt",
			"count": 3018,
			"score": 0.02810161
		}
	],
	"i j k l m n o p": [
		{
			"where": "text/guten/pg1661.txt",
			"count": 3021,
			"score": 0.02812954
		}
	],
	"ia ib ic id ie if ig ih ii ij ik il im": [
		{
			"where": "text/guten/pg1661.txt",
			"count": 290,
			"score": 0.00270029
		}
	],
	"ia ie ii io iu": [
		{
			"where": "text/guten/pg1661.txt",
			"count": 3,
			"score": 0.00002793
		}
	],
	"in io ip iq ir is it iu iv iw ix iy iz": [
		{
			"where": "text/guten/pg1661.txt",
			"count": 4800,
			"score": 0.04469440
		}
	],
	"j": [
		{
			"where": "text/guten/pg1661.txt",
			"count": 1,
			"score": 0.00000931
		}
	],
	"j k l": [
		{
			"where": "text/guten/pg1661.txt",
			"count": 23,
			"score": 0.00021416
		}
	],
	"j k l m n o p q r": [
		{
			"where": "text/guten/pg1661.txt",
			"count": 27,
			"score": 0.00025141
		}
	],
	"ja jb jc jd je jf jg jh ji jj jk jl jm": [
	],
	"ja je ji jo ju": [
	],
	"jn jo jp jq jr js jt ju jv jw jx jy jz": [
	],
	"k": [
		{
			"where": "text/guten/pg1661.txt",
			"count": 21,
			"score": 0.00019554
		}
	],
	"k l": [
		{
			"where": "text/guten/pg1661.txt",
			"count": 22,
			"score": 0.00020485
		}
	],
	"k l m n o": [
		{
			"where": "text/guten/pg1661.txt",
			"count": 23,
			"score": 0.00021416
		}
	],
	"k l m n o p q r s t": [
		{
			"where": "text/guten/pg1661.txt",
			"count": 43,
			"score": 0.00040039
		}
	],
	"ka kb kc kd ke kf kg kh ki kj kk kl km": [
	],
	"ka ke ki ko ku": [
		{
			"where": "text/guten/pg1661.txt",
			"count": 2,
			"score": 0.00001862
		}
	],
	"kn ko kp kq kr ks kt ku kv kw kx ky kz": [
		{
			"where": "text/guten/pg1661.txt",
			"count": 2,
			"score": 0.00001862
		}
	],
	"l": [
		{
			"where": "text/guten/pg1661.txt",
			"count": 1,
			"score": 0.00000931
		}
	],
	"la lb lc ld le lf lg lh li lj lk ll lm": [
		{
			"where": "text/guten/pg1661.txt",
			"count": 1,
			"score": 0.00000931
		}
	],
	"la le li lo lu": [
		{
			"where": "text/guten/pg1661.txt",
			"count": 1,
			"score": 0.00000931
		}
	],
	"ln lo lp lq lr ls lt lu lv lw lx ly lz": [
	],
	"m": [
	],
	"m n": [
	],
	"m n o": [
		{
			"where": "text/guten/pg1661.txt",
			"count": 1,
			"score": 0.00000931
		}
	],
	"m n o p": [
		{
			"where": "text/guten/pg1661.txt",
			"count": 3,
			"score": 0.00002793
		}
	],
	"m n o p q r": [
		{
			"where": "text/guten/pg1661.txt",
			"count": 4,
			"score": 0.00003725
		}
	],
	"ma mb mc md me mf mg mh mi mj mk ml mm": [
		{
			"where": "text/guten/pg1661.txt",
			"count": 634,
			"score": 0.00590339
		}
	],
	"ma me mi mo mu": [
		{
			"where": "text/guten/pg1661.txt",
			"count": 634,
			"score": 0.00590339
		}
	],
	"mn mo mp mq mr ms mt mu mv mw mx my mz": [
		{
			"where": "text/guten/pg1661.txt",
			"count": 1280,
			"score": 0.01191851
		}
	],
	"n": [
	],
	"na nb nc nd ne nf ng nh ni nj nk nl nm": [
		{
			"where": "text/guten/pg1661.txt",
			"count": 4,
			"score": 0.00003725
		}
	],
	"na ne ni no nu": [
		{
			"where": "text/guten/pg1661.txt",
			"count": 398,
			"score": 0.00370591
		}
	],
	"nn no np nq nr ns nt nu nv nw nx ny nz": [
		{
			"where": "text/guten/pg1661.txt",
			"count": 398,
			"score": 0.00370591
		}
	],
	"o": [
		{
			"where": "text/guten/pg1661.txt",
			"count": 1,
			"score": 0.00000931
		}
	],
	"o p": [
		{
			"where": "text/guten/pg1661.txt",
			"count": 3,
			"score": 0.00002793
		}
	],
	"o p q r s t u": [
		{
			"where": "text/guten/pg1661.txt",
			"count": 22,
			"score": 0.00020485
		}
	],
	"oa ob oc od oe of og oh oi oj ok ol om": [
		{
			"where": "text/guten/pg1661.txt",
			"count": 2865,
			"score": 0.02667697
		}
	],
	"oa oe oi oo ou": [
	],
	"on oo op oq or os ot ou ov ow ox oy oz": [
		{
			"where": "text/guten/pg1661.txt",
			"count": 666,
			"score": 0.00620135
		}
	],
	"p": [
		{
			"where": "text/guten/pg1661.txt",
			"count": 2,
			"score": 0.00001862
		}
	],
	"p q r": [
		{
			"where": "text/guten/pg1661.txt",
			"count": 3,
			"score": 0.00002793
		}
	],
	"p q r s t": [
		{
			"where": "text/guten/pg1661.txt",
			"count": 20,
			"score": 0.00018623
		}
	],
	"pa pb pc pd pe pf pg ph pi pj pk pl pm": [
		{
			"where": "text/guten/pg1661.txt",
			"count": 10,
			"score": 0.00009311
		}
	],
	"pa pe pi po pu": [
		{
			"where": "text/guten/pg1661.txt",
			"count": 9,
			"score": 0.00008380
		}
	],
	"pn po pp pq pr ps pt pu pv pw px py pz": [
	],
	"q": [
	],
	"q r": [
		{
			"where": "text/guten/pg1661.txt",
			"count": 1,
			"score": 0.00000931
		}
	],
	"q r s t": [
		{
			"where": "text/guten/pg1661.txt",
			"count": 18,
			"score": 0.00016760
		}
	],
	"q r s t u v w x": [
		{
			"where": "text/guten/pg1661.txt",
			"count": 23,
			"score": 0.00021416
		}
	],
	"qa qb qc qd qe qf qg qh qi qj qk ql qm": [
	],
	"qa qe qi qo qu": [
	],
	"qn qo qp qq qr qs qt qu qv qw qx qy qz": [
	],
	"r": [
		{
			"where": "text/guten/pg1661.txt",
			"count": 1,
			"score": 0.00000931
		}
	],
	"ra rb rc rd re rf rg rh ri rj rk rl rm": [
		{
			"where": "text/guten/pg1661.txt",
			"count": 3,
			"score": 0.00002793
		}
	],
	"ra re ri ro ru": [
	],
	"rn ro rp rq rr rs rt ru rv rw rx ry rz": [
		{
			"where": "text/guten/pg1661.txt",
			"count": 1,
			"score": 0.00000931
		}
	],
	"s": [
		{
			"where": "text/guten/pg1661.txt",
			"count": 15,
			"score": 0.00013967
		}
	],
	"s t": [
		{
			"where": "text/guten/pg1661.txt",
			"count": 17,
			"score": 0.00015829
		}
	],
	"s t u": [
		{
			"where": "text/guten/pg1661.txt",
			"count": 18,
			"score": 0.00016760
		}
	],
	"s t u v w x": [
		{
			"where": "text/guten/pg1661.txt",
			"count": 22,
			"score": 0.00020485
		}
	],
	"sa sb sc sd se sf sg sh si sj sk sl sm": [
	],
	"sa se si so su": [
		{
			"where": "text/guten/pg1661.txt",
			"count": 447,
			"score": 0.00416217
		}
	],
	"sn so sp sq sr ss st su sv sw sx sy sz": [
		{
			"where": "text/guten/pg1661.txt",
			"count": 529,
			"score": 0.00492570
		}
	],
	"t": [
		{
			"where": "text/guten/pg1661.txt",
			"count": 2,
			"score": 0.00001862
		}
	],
	"ta tb tc td te tf tg th ti tj tk tl tm": [
		{
			"where": "text/guten/pg1661.txt",
			"count": 8,
			"score": 0.00007449
		}
	],
	"ta te ti to tu": [
		{
			"where": "text/guten/pg1661.txt",
			"count": 2761,
			"score": 0.02570859
		}
	],
	"tn to tp tq tr ts tt tu tv tw tx ty tz": [
		{
			"where": "text/guten/pg1661.txt",
			"count": 2761,
			"score": 0.02570859
		}
	],
	"u": [
		{
			"where": "text/guten/pg1661.txt",
			"count": 1,
			"score": 0.00000931
		}
	],
	"u v": [
		{
			"where": "text/guten/pg1661.txt",
			"count": 3,
			"score": 0.00002793
		}
	],
	"u v w x": [
		{
			"where": "text/guten/pg1661.txt",
			"count": 5,
			"score": 0.00004656
		}
	],
	"u v w x y": [
		{
			"where": "text/guten/pg1661.txt",
			"count": 5,
			"score": 0.00004656
		}
	],
	"ua ub uc ud ue uf ug uh ui uj uk ul um": [
	],
	"ua ue ui uo uu": [
	],
	"un uo up uq ur us ut uu uv uw ux uy uz": [
		{
			"where": "text/guten/pg1661.txt",
			"count": 492,
			"score": 0.00458118
		}
	],
	"v": [
		{
			"where": "text/guten/pg1661.txt",
			"count": 2,
			"score": 0.00001862
		}
	],
	"v w x": [
		{
			"where": "text/guten/pg1661.txt",
			"count": 4,
			"score": 0.00003725
		}
	],
	"va vb vc vd ve vf vg vh vi vj vk vl vm": [
		{
			"where": "text/guten/pg1661.txt",
			"count": 2,
			"score": 0.00001862
		}
	],
	"va ve vi vo vu": [
		{
			"where": "text/guten/pg1661.txt",
			"count": 2,
			"score": 0.00001862
		}
	],
	"vn vo vp vq vr vs vt vu vv vw vx vy vz": [
	],
	"w": [
	],
	"w x": [
		{
			"where": "text/guten/pg1661.txt",
			"count": 2,
			"score": 0.00001862
		}
	],
	"wa wb wc wd we wf wg wh wi wj wk wl wm": [
		{
			"where": "text/guten/pg1661.txt",
			"count": 532,
			"score": 0.00495363
		}
	],
	"wa we wi wo wu": [
		{
			"where": "text/guten/pg1661.txt",
			"count": 532,
			"score": 0.00495363
		}
	],
	"wn wo wp wq wr ws wt wu wv ww wx wy wz": [
	],
	"x": [
		{
			"where": "text/guten/pg1661.txt",
			"count": 2,
			"score": 0.00001862
		}
	],
	"xa xb xc xd xe xf xg xh xi xj xk xl xm": [
		{
			"where": "text/guten/pg1661.txt",
			"count": 2,
			"score": 0.00001862
		}
	],
	"xa xe xi xo xu": [
		{
			"where": "text/guten/pg1661.txt",
			"count": 2,
			"score": 0.00001862
		}
	],
	"xn xo xp xq xr xs xt xu xv xw xx xy xz": [
	],
	"y": [
	],
	"y z": [
	],
	"ya yb yc yd ye yf yg yh yi yj yk yl ym": [
	],
	"ya ye yi yo yu": [
	],
	"yn yo yp yq yr ys yt yu yv yw yx yy yz": [
	],
	"z": [
	],
	"za zb zc zd ze zf zg zh zi zj zk zl zm": [
	],
	"za ze zi zo zu": [
	],
	"zn zo zp zq zr zs zt zu zv zw zx zy zz": [
	]
}