{
	"https://www.cs.usfca.edu/~cs212/docs/jdk-11.0.2_doc-all/api/allclasses-index.html": 64604,
	"https://www.cs.usfca.edu/~cs212/docs/jdk-11.0.2_doc-all/api/allclasses.html": 4411,
	"https://www.cs.usfca.edu/~cs212/docs/jdk-11.0.2_doc-all/api/deprecated-list.html": 14440,
	"https://www.cs.usfca.edu/~cs212/docs/jdk-11.0.2_doc-all/api/help-doc.html": 778,
	"https://www.cs.usfca.edu/~cs212/docs/jdk-11.0.2_doc-all/api/index-files/index-1.html": 44927,
	"https://www.cs.usfca.edu/~cs212/docs/jdk-11.0.2_doc-all/api/index.html": 897,
	"https://www.cs.usfca.edu/~cs212/docs/jdk-11.0.2_doc-all/api/java.base/java/lang/AbstractMethodError.html": 277,
	"https://www.cs.usfca.edu/~cs212/docs/jdk-11.0.2_doc-all/api/java.base/java/nio/channels/spi/AbstractInterruptibleChannel.html": 787,
	"https://www.cs.usfca.edu/~cs212/docs/jdk-11.0.2_doc-all/api/java.base/java/time/chrono/AbstractChronology.html": 1495,
	"https://www.cs.usfca.edu/~cs212/docs/jdk-11.0.2_doc-all/api/java.base/java/util/AbstractCollection.html": 2676,
	"https://www.cs.usfca.edu/~cs212/docs/jdk-11.0.2_doc-all/api/java.base/java/util/AbstractList.html": 3345,
	"https://www.cs.usfca.edu/~cs212/docs/jdk-11.0.2_doc-all/api/java.base/java/util/AbstractMap.SimpleEntry.html": 666,
	"https://www.cs.usfca.edu/~cs212/docs/jdk-11.0.2_doc-all/api/java.base/java/util/AbstractMap.SimpleImmutableEntry.html": 669,
	"https://www.cs.usfca.edu/~cs212/docs/jdk-11.0.2_doc-all/api/java.base/java/util/AbstractMap.html": 2850,
	"https://www.cs.usfca.edu/~cs212/docs/jdk-11.0.2_doc-all/api/java.base/java/util/AbstractQueue.html": 960,
	"https://www.cs.usfca.edu/~cs212/docs/jdk-11.0.2_doc-all/api/java.base/java/util/List.html": 5824,
	"https://www.cs.usfca.edu/~cs212/docs/jdk-11.0.2_doc-all/api/java.base/java/util/concurrent/AbstractExecutorService.html": 799,
	"https://www.cs.usfca.edu/~cs212/docs/jdk-11.0.2_doc-all/api/java.base/java/util/concurrent/ExecutorService.html": 2012,
	"https://www.cs.usfca.edu/~cs212/docs/jdk-11.0.2_doc-all/api/java.base/java/util/concurrent/locks/AbstractOwnableSynchronizer.html": 360,
	"https://www.cs.usfca.edu/~cs212/docs/jdk-11.0.2_doc-all/api/java.compiler/javax/annotation/processing/AbstractProcessor.html": 754,
	"https://www.cs.usfca.edu/~cs212/docs/jdk-11.0.2_doc-all/api/java.compiler/javax/lang/model/SourceVersion.html": 1370,
	"https://www.cs.usfca.edu/~cs212/docs/jdk-11.0.2_doc-all/api/java.compiler/javax/lang/model/util/AbstractAnnotationValueVisitor6.html": 630,
	"https://www.cs.usfca.edu/~cs212/docs/jdk-11.0.2_doc-all/api/java.compiler/javax/lang/model/util/AbstractAnnotationValueVisitor7.html": 393,
	"https://www.cs.usfca.edu/~cs212/docs/jdk-11.0.2_doc-all/api/java.compiler/javax/lang/model/util/AbstractAnnotationValueVisitor8.html": 394,
	"https://www.cs.usfca.edu/~cs212/docs/jdk-11.0.2_doc-all/api/java.compiler/javax/lang/model/util/AbstractAnnotationValueVisitor9.html": 392,
	"https://www.cs.usfca.edu/~cs212/docs/jdk-11.0.2_doc-all/api/java.compiler/javax/lang/model/util/AbstractElementVisitor6.html": 694,
	"https://www.cs.usfca.edu/~cs212/docs/jdk-11.0.2_doc-all/api/java.compiler/javax/lang/model/util/AbstractElementVisitor7.html": 407,
	"https://www.cs.usfca.edu/~cs212/docs/jdk-11.0.2_doc-all/api/java.compiler/javax/lang/model/util/AbstractElementVisitor8.html": 408,
	"https://www.cs.usfca.edu/~cs212/docs/jdk-11.0.2_doc-all/api/java.compiler/javax/lang/model/util/AbstractElementVisitor9.html": 465,
	"https://www.cs.usfca.edu/~cs212/docs/jdk-11.0.2_doc-all/api/java.desktop/java/awt/desktop/AboutEvent.html": 231,
	"https://www.cs.usfca.edu/~cs212/docs/jdk-11.0.2_doc-all/api/java.desktop/java/awt/desktop/AboutHandler.html": 202,
	"https://www.cs.usfca.edu/~cs212/docs/jdk-11.0.2_doc-all/api/java.desktop/java/awt/image/AbstractMultiResolutionImage.html": 698,
	"https://www.cs.usfca.edu/~cs212/docs/jdk-11.0.2_doc-all/api/java.desktop/javax/swing/AbstractAction.html": 1056,
	"https://www.cs.usfca.edu/~cs212/docs/jdk-11.0.2_doc-all/api/java.desktop/javax/swing/AbstractButton.html": 6400,
	"https://www.cs.usfca.edu/~cs212/docs/jdk-11.0.2_doc-all/api/java.desktop/javax/swing/AbstractCellEditor.html": 584,
	"https://www.cs.usfca.edu/~cs212/docs/jdk-11.0.2_doc-all/api/java.desktop/javax/swing/AbstractListModel.html": 898,
	"https://www.cs.usfca.edu/~cs212/docs/jdk-11.0.2_doc-all/api/java.desktop/javax/swing/border/AbstractBorder.html": 931,
	"https://www.cs.usfca.edu/~cs212/docs/jdk-11.0.2_doc-all/api/java.desktop/javax/swing/colorchooser/AbstractColorChooserPanel.html": 1496,
	"https://www.cs.usfca.edu/~cs212/docs/jdk-11.0.2_doc-all/api/java.desktop/javax/swing/text/AbstractDocument.AttributeContext.html": 541,
	"https://www.cs.usfca.edu/~cs212/docs/jdk-11.0.2_doc-all/api/java.desktop/javax/swing/text/AbstractDocument.Content.html": 549,
	"https://www.cs.usfca.edu/~cs212/docs/jdk-11.0.2_doc-all/api/java.desktop/javax/swing/text/AbstractDocument.ElementEdit.html": 458,
	"https://www.cs.usfca.edu/~cs212/docs/jdk-11.0.2_doc-all/api/java.desktop/javax/swing/text/AbstractDocument.html": 4057,
	"https://www.cs.usfca.edu/~cs212/docs/jdk-11.0.2_doc-all/api/java.desktop/javax/swing/tree/AbstractLayoutCache.NodeDimensions.html": 323,
	"https://www.cs.usfca.edu/~cs212/docs/jdk-11.0.2_doc-all/api/java.desktop/javax/swing/tree/AbstractLayoutCache.html": 2072,
	"https://www.cs.usfca.edu/~cs212/docs/jdk-11.0.2_doc-all/api/java.prefs/java/util/prefs/AbstractPreferences.html": 6688,
	"https://www.cs.usfca.edu/~cs212/docs/jdk-11.0.2_doc-all/api/java.prefs/java/util/prefs/Preferences.html": 7653,
	"https://www.cs.usfca.edu/~cs212/docs/jdk-11.0.2_doc-all/api/jdk.jdi/com/sun/jdi/AbsentInformationException.html": 208,
	"https://www.cs.usfca.edu/~cs212/docs/jdk-11.0.2_doc-all/api/jdk.scripting.nashorn/jdk/nashorn/api/scripting/AbstractJSObject.html": 1630,
	"https://www.cs.usfca.edu/~cs212/docs/jdk-11.0.2_doc-all/api/jdk.sctp/com/sun/nio/sctp/AbstractNotificationHandler.html": 507,
	"https://www.cs.usfca.edu/~cs212/docs/jdk-11.0.2_doc-all/api/overview-tree.html": 8900
}